Archive member included to satisfy reference by file (symbol)

e:/gnu/10 2021.10/bin/../lib/gcc/arm-none-eabi/10.3.1/thumb/v7-m/nofp\libgcc.a(_arm_muldf3.o)
                              CMakeFiles/FreeRTOS_clion_model.elf.dir/Core/Src/lcd.c.obj (__aeabi_dmul)
e:/gnu/10 2021.10/bin/../lib/gcc/arm-none-eabi/10.3.1/thumb/v7-m/nofp\libgcc.a(_arm_addsubdf3.o)
                              CMakeFiles/FreeRTOS_clion_model.elf.dir/Core/Src/lcd.c.obj (__aeabi_i2d)
e:/gnu/10 2021.10/bin/../lib/gcc/arm-none-eabi/10.3.1/thumb/v7-m/nofp\libgcc.a(_arm_muldivdf3.o)
                              CMakeFiles/FreeRTOS_clion_model.elf.dir/Core/Src/touch.c.obj (__aeabi_ddiv)
e:/gnu/10 2021.10/bin/../lib/gcc/arm-none-eabi/10.3.1/thumb/v7-m/nofp\libgcc.a(_arm_cmpdf2.o)
                              CMakeFiles/FreeRTOS_clion_model.elf.dir/Core/Src/touch.c.obj (__aeabi_dcmplt)
e:/gnu/10 2021.10/bin/../lib/gcc/arm-none-eabi/10.3.1/thumb/v7-m/nofp\libgcc.a(_arm_fixunsdfsi.o)
                              CMakeFiles/FreeRTOS_clion_model.elf.dir/Core/Src/lcd.c.obj (__aeabi_d2uiz)
e:/gnu/10 2021.10/bin/../lib/gcc/arm-none-eabi/10.3.1/thumb/v7-m/nofp\libgcc.a(_arm_addsubsf3.o)
                              CMakeFiles/FreeRTOS_clion_model.elf.dir/Core/Src/touch.c.obj (__aeabi_fadd)
e:/gnu/10 2021.10/bin/../lib/gcc/arm-none-eabi/10.3.1/thumb/v7-m/nofp\libgcc.a(_arm_muldivsf3.o)
                              CMakeFiles/FreeRTOS_clion_model.elf.dir/Core/Src/touch.c.obj (__aeabi_fdiv)
e:/gnu/10 2021.10/bin/../lib/gcc/arm-none-eabi/10.3.1/thumb/v7-m/nofp\libgcc.a(_arm_fixunssfsi.o)
                              CMakeFiles/FreeRTOS_clion_model.elf.dir/Core/Src/touch.c.obj (__aeabi_f2uiz)
e:/gnu/10 2021.10/bin/../lib/gcc/arm-none-eabi/10.3.1/../../../../arm-none-eabi/lib/thumb/v7-m/nofp\libg.a(lib_a-errno.o)
                              CMakeFiles/FreeRTOS_clion_model.elf.dir/Core/Src/syscalls.c.obj (__errno)
e:/gnu/10 2021.10/bin/../lib/gcc/arm-none-eabi/10.3.1/../../../../arm-none-eabi/lib/thumb/v7-m/nofp\libg.a(lib_a-exit.o)
                              e:/gnu/10 2021.10/bin/../lib/gcc/arm-none-eabi/10.3.1/../../../../arm-none-eabi/lib/thumb/v7-m/nofp/crt0.o (exit)
e:/gnu/10 2021.10/bin/../lib/gcc/arm-none-eabi/10.3.1/../../../../arm-none-eabi/lib/thumb/v7-m/nofp\libg.a(lib_a-impure.o)
                              e:/gnu/10 2021.10/bin/../lib/gcc/arm-none-eabi/10.3.1/../../../../arm-none-eabi/lib/thumb/v7-m/nofp\libg.a(lib_a-exit.o) (_global_impure_ptr)
e:/gnu/10 2021.10/bin/../lib/gcc/arm-none-eabi/10.3.1/../../../../arm-none-eabi/lib/thumb/v7-m/nofp\libg.a(lib_a-init.o)
                              e:/gnu/10 2021.10/bin/../lib/gcc/arm-none-eabi/10.3.1/../../../../arm-none-eabi/lib/thumb/v7-m/nofp/crt0.o (__libc_init_array)
e:/gnu/10 2021.10/bin/../lib/gcc/arm-none-eabi/10.3.1/../../../../arm-none-eabi/lib/thumb/v7-m/nofp\libg.a(lib_a-memcpy.o)
                              CMakeFiles/FreeRTOS_clion_model.elf.dir/Middlewares/Third_Party/FreeRTOS/Source/queue.c.obj (memcpy)
e:/gnu/10 2021.10/bin/../lib/gcc/arm-none-eabi/10.3.1/../../../../arm-none-eabi/lib/thumb/v7-m/nofp\libg.a(lib_a-memset.o)
                              e:/gnu/10 2021.10/bin/../lib/gcc/arm-none-eabi/10.3.1/../../../../arm-none-eabi/lib/thumb/v7-m/nofp/crt0.o (memset)
e:/gnu/10 2021.10/bin/../lib/gcc/arm-none-eabi/10.3.1/../../../../arm-none-eabi/lib/thumb/v7-m/nofp\libg.a(lib_a-printf.o)
                              CMakeFiles/FreeRTOS_clion_model.elf.dir/Core/Src/gt9xxx.c.obj (printf)
e:/gnu/10 2021.10/bin/../lib/gcc/arm-none-eabi/10.3.1/../../../../arm-none-eabi/lib/thumb/v7-m/nofp\libg.a(lib_a-sprintf.o)
                              CMakeFiles/FreeRTOS_clion_model.elf.dir/Core/Src/touch.c.obj (sprintf)
e:/gnu/10 2021.10/bin/../lib/gcc/arm-none-eabi/10.3.1/../../../../arm-none-eabi/lib/thumb/v7-m/nofp\libg.a(lib_a-strcmp.o)
                              CMakeFiles/FreeRTOS_clion_model.elf.dir/Core/Src/gt9xxx.c.obj (strcmp)
e:/gnu/10 2021.10/bin/../lib/gcc/arm-none-eabi/10.3.1/../../../../arm-none-eabi/lib/thumb/v7-m/nofp\libg.a(lib_a-strlen-stub.o)
                              CMakeFiles/FreeRTOS_clion_model.elf.dir/Core/Src/usart.c.obj (strlen)
e:/gnu/10 2021.10/bin/../lib/gcc/arm-none-eabi/10.3.1/../../../../arm-none-eabi/lib/thumb/v7-m/nofp\libg.a(lib_a-svfprintf.o)
                              e:/gnu/10 2021.10/bin/../lib/gcc/arm-none-eabi/10.3.1/../../../../arm-none-eabi/lib/thumb/v7-m/nofp\libg.a(lib_a-sprintf.o) (_svfprintf_r)
e:/gnu/10 2021.10/bin/../lib/gcc/arm-none-eabi/10.3.1/../../../../arm-none-eabi/lib/thumb/v7-m/nofp\libg.a(lib_a-vfprintf.o)
                              e:/gnu/10 2021.10/bin/../lib/gcc/arm-none-eabi/10.3.1/../../../../arm-none-eabi/lib/thumb/v7-m/nofp\libg.a(lib_a-printf.o) (_vfprintf_r)
e:/gnu/10 2021.10/bin/../lib/gcc/arm-none-eabi/10.3.1/../../../../arm-none-eabi/lib/thumb/v7-m/nofp\libg.a(lib_a-vsprintf.o)
                              CMakeFiles/FreeRTOS_clion_model.elf.dir/Core/Src/usart.c.obj (vsprintf)
[...]
Memory Configuration

Name             Origin             Length             Attributes
RAM              0x20000000         0x00010000         xrw
FLASH            0x08000000         0x00080000         xr
*default*        0x00000000         0xffffffff

Linker script and memory map

LOAD e:/gnu/10 2021.10/bin/../lib/gcc/arm-none-eabi/10.3.1/thumb/v7-m/nofp/crti.o
LOAD e:/gnu/10 2021.10/bin/../lib/gcc/arm-none-eabi/10.3.1/thumb/v7-m/nofp/crtbegin.o
LOAD e:/gnu/10 2021.10/bin/../lib/gcc/arm-none-eabi/10.3.1/../../../../arm-none-eabi/lib/thumb/v7-m/nofp/crt0.o
LOAD CMakeFiles/FreeRTOS_clion_model.elf.dir/Core/Src/24cxx.c.obj
LOAD CMakeFiles/FreeRTOS_clion_model.elf.dir/Core/Src/ctiic.c.obj
LOAD CMakeFiles/FreeRTOS_clion_model.elf.dir/Core/Src/freertos.c.obj
LOAD CMakeFiles/FreeRTOS_clion_model.elf.dir/Core/Src/fsmc.c.obj
LOAD CMakeFiles/FreeRTOS_clion_model.elf.dir/Core/Src/ft5206.c.obj
LOAD CMakeFiles/FreeRTOS_clion_model.elf.dir/Core/Src/gpio.c.obj
LOAD CMakeFiles/FreeRTOS_clion_model.elf.dir/Core/Src/gt9xxx.c.obj
LOAD CMakeFiles/FreeRTOS_clion_model.elf.dir/Core/Src/lcd.c.obj
LOAD CMakeFiles/FreeRTOS_clion_model.elf.dir/Core/Src/lcd_ex.c.obj
LOAD CMakeFiles/FreeRTOS_clion_model.elf.dir/Core/Src/main.c.obj
LOAD CMakeFiles/FreeRTOS_clion_model.elf.dir/Core/Src/myiic.c.obj
LOAD CMakeFiles/FreeRTOS_clion_model.elf.dir/Core/Src/stm32f1xx_hal_msp.c.obj
LOAD CMakeFiles/FreeRTOS_clion_model.elf.dir/Core/Src/stm32f1xx_hal_timebase_tim.c.obj
LOAD CMakeFiles/FreeRTOS_clion_model.elf.dir/Core/Src/stm32f1xx_it.c.obj
LOAD CMakeFiles/FreeRTOS_clion_model.elf.dir/Core/Src/syscalls.c.obj
LOAD CMakeFiles/FreeRTOS_clion_model.elf.dir/Core/Src/system_stm32f1xx.c.obj
LOAD CMakeFiles/FreeRTOS_clion_model.elf.dir/Core/Src/tim.c.obj
LOAD CMakeFiles/FreeRTOS_clion_model.elf.dir/Core/Src/touch.c.obj
LOAD CMakeFiles/FreeRTOS_clion_model.elf.dir/Core/Src/usart.c.obj
LOAD CMakeFiles/FreeRTOS_clion_model.elf.dir/Drivers/STM32F1xx_HAL_Driver/Src/stm32f1xx_hal.c.obj
LOAD CMakeFiles/FreeRTOS_clion_model.elf.dir/Drivers/STM32F1xx_HAL_Driver/Src/stm32f1xx_hal_cortex.c.obj
LOAD CMakeFiles/FreeRTOS_clion_model.elf.dir/Drivers/STM32F1xx_HAL_Driver/Src/stm32f1xx_hal_dma.c.obj
LOAD CMakeFiles/FreeRTOS_clion_model.elf.dir/Drivers/STM32F1xx_HAL_Driver/Src/stm32f1xx_hal_exti.c.obj
LOAD CMakeFiles/FreeRTOS_clion_model.elf.dir/Drivers/STM32F1xx_HAL_Driver/Src/stm32f1xx_hal_flash.c.obj
LOAD CMakeFiles/FreeRTOS_clion_model.elf.dir/Drivers/STM32F1xx_HAL_Driver/Src/stm32f1xx_hal_flash_ex.c.obj
LOAD CMakeFiles/FreeRTOS_clion_model.elf.dir/Drivers/STM32F1xx_HAL_Driver/Src/stm32f1xx_hal_gpio.c.obj
LOAD CMakeFiles/FreeRTOS_clion_model.elf.dir/Drivers/STM32F1xx_HAL_Driver/Src/stm32f1xx_hal_gpio_ex.c.obj
LOAD CMakeFiles/FreeRTOS_clion_model.elf.dir/Drivers/STM32F1xx_HAL_Driver/Src/stm32f1xx_hal_pwr.c.obj
LOAD CMakeFiles/FreeRTOS_clion_model.elf.dir/Drivers/STM32F1xx_HAL_Driver/Src/stm32f1xx_hal_rcc.c.obj
LOAD CMakeFiles/FreeRTOS_clion_model.elf.dir/Drivers/STM32F1xx_HAL_Driver/Src/stm32f1xx_hal_rcc_ex.c.obj
LOAD CMakeFiles/FreeRTOS_clion_model.elf.dir/Drivers/STM32F1xx_HAL_Driver/Src/stm32f1xx_hal_sram.c.obj
LOAD CMakeFiles/FreeRTOS_clion_model.elf.dir/Drivers/STM32F1xx_HAL_Driver/Src/stm32f1xx_hal_tim.c.obj
LOAD CMakeFiles/FreeRTOS_clion_model.elf.dir/Drivers/STM32F1xx_HAL_Driver/Src/stm32f1xx_hal_tim_ex.c.obj
LOAD CMakeFiles/FreeRTOS_clion_model.elf.dir/Drivers/STM32F1xx_HAL_Driver/Src/stm32f1xx_hal_uart.c.obj
LOAD CMakeFiles/FreeRTOS_clion_model.elf.dir/Drivers/STM32F1xx_HAL_Driver/Src/stm32f1xx_ll_fsmc.c.obj
LOAD CMakeFiles/FreeRTOS_clion_model.elf.dir/Middlewares/Third_Party/FreeRTOS/Source/CMSIS_RTOS/cmsis_os.c.obj
LOAD CMakeFiles/FreeRTOS_clion_model.elf.dir/Middlewares/Third_Party/FreeRTOS/Source/croutine.c.obj
LOAD CMakeFiles/FreeRTOS_clion_model.elf.dir/Middlewares/Third_Party/FreeRTOS/Source/event_groups.c.obj
LOAD CMakeFiles/FreeRTOS_clion_model.elf.dir/Middlewares/Third_Party/FreeRTOS/Source/list.c.obj
LOAD CMakeFiles/FreeRTOS_clion_model.elf.dir/Middlewares/Third_Party/FreeRTOS/Source/portable/GCC/ARM_CM3/port.c.obj
LOAD CMakeFiles/FreeRTOS_clion_model.elf.dir/Middlewares/Third_Party/FreeRTOS/Source/portable/MemMang/heap_4.c.obj
LOAD CMakeFiles/FreeRTOS_clion_model.elf.dir/Middlewares/Third_Party/FreeRTOS/Source/queue.c.obj
LOAD CMakeFiles/FreeRTOS_clion_model.elf.dir/Middlewares/Third_Party/FreeRTOS/Source/stream_buffer.c.obj
LOAD CMakeFiles/FreeRTOS_clion_model.elf.dir/Middlewares/Third_Party/FreeRTOS/Source/tasks.c.obj
LOAD CMakeFiles/FreeRTOS_clion_model.elf.dir/Middlewares/Third_Party/FreeRTOS/Source/timers.c.obj
LOAD CMakeFiles/FreeRTOS_clion_model.elf.dir/startup/startup_stm32f103xe.s.obj
START GROUP
LOAD e:/gnu/10 2021.10/bin/../lib/gcc/arm-none-eabi/10.3.1/thumb/v7-m/nofp\libgcc.a
LOAD e:/gnu/10 2021.10/bin/../lib/gcc/arm-none-eabi/10.3.1/../../../../arm-none-eabi/lib/thumb/v7-m/nofp\libg.a
LOAD e:/gnu/10 2021.10/bin/../lib/gcc/arm-none-eabi/10.3.1/../../../../arm-none-eabi/lib/thumb/v7-m/nofp\libc.a
END GROUP
LOAD e:/gnu/10 2021.10/bin/../lib/gcc/arm-none-eabi/10.3.1/thumb/v7-m/nofp/crtend.o
LOAD e:/gnu/10 2021.10/bin/../lib/gcc/arm-none-eabi/10.3.1/thumb/v7-m/nofp/crtn.o
                0x20010000                _estack = 0x20010000
                0x00000600                _Min_Heap_Size = 0x600
                0x00000400                _Min_Stack_Size = 0x400

.isr_vector     0x08000000      0x1e4
                0x08000000                . = ALIGN (0x4)
 *(.isr_vector)
 .isr_vector    0x08000000      0x1e4 CMakeFiles/FreeRTOS_clion_model.elf.dir/startup/startup_stm32f103xe.s.obj
                0x08000000                g_pfnVectors
                0x080001e4                . = ALIGN (0x4)

.text           0x080001f0    0x103cc
                0x080001f0                . = ALIGN (0x4)
 *(.text)
 .text          0x080001f0       0x40 e:/gnu/10 2021.10/bin/../lib/gcc/arm-none-eabi/10.3.1/thumb/v7-m/nofp/crtbegin.o
 .text          0x08000230      0x378 e:/gnu/10 2021.10/bin/../lib/gcc/arm-none-eabi/10.3.1/thumb/v7-m/nofp\libgcc.a(_arm_addsubdf3.o)
                0x08000230                __aeabi_drsub
                0x08000238                __aeabi_dsub
                0x08000238                __subdf3
                0x0800023c                __aeabi_dadd
                0x0800023c                __adddf3
                0x080004b4                __floatunsidf
                0x080004b4                __aeabi_ui2d
                0x080004d4                __floatsidf
                0x080004d4                __aeabi_i2d
                0x080004f8                __aeabi_f2d
                0x080004f8                __extendsfdf2
                0x0800053c                __floatundidf
                0x0800053c                __aeabi_ul2d
                0x0800054c                __floatdidf
                0x0800054c                __aeabi_l2d
 .text          0x080005a8      0x424 e:/gnu/10 2021.10/bin/../lib/gcc/arm-none-eabi/10.3.1/thumb/v7-m/nofp\libgcc.a(_arm_muldivdf3.o)
                0x080005a8                __aeabi_dmul
                0x080005a8                __muldf3
                0x080007fc                __divdf3
                0x080007fc                __aeabi_ddiv
 .text          0x080009cc      0x110 e:/gnu/10 2021.10/bin/../lib/gcc/arm-none-eabi/10.3.1/thumb/v7-m/nofp\libgcc.a(_arm_cmpdf2.o)
                0x080009cc                __gtdf2
                0x080009cc                __gedf2
                0x080009d4                __ltdf2
                0x080009d4                __ledf2
                0x080009dc                __nedf2
                0x080009dc                __eqdf2
                0x080009dc                __cmpdf2
                0x08000a58                __aeabi_cdrcmple
                0x08000a68                __aeabi_cdcmpeq
                0x08000a68                __aeabi_cdcmple
                0x08000a78                __aeabi_dcmpeq
                0x08000a8c                __aeabi_dcmplt
                0x08000aa0                __aeabi_dcmple
                0x08000ab4                __aeabi_dcmpge
                0x08000ac8                __aeabi_dcmpgt
 .text          0x08000adc       0x40 e:/gnu/10 2021.10/bin/../lib/gcc/arm-none-eabi/10.3.1/thumb/v7-m/nofp\libgcc.a(_arm_fixunsdfsi.o)
                0x08000adc                __aeabi_d2uiz
                0x08000adc                __fixunsdfsi
 .text          0x08000b1c      0x21c e:/gnu/10 2021.10/bin/../lib/gcc/arm-none-eabi/10.3.1/thumb/v7-m/nofp\libgcc.a(_arm_addsubsf3.o)
                0x08000b1c                __aeabi_frsub
                0x08000b24                __subsf3
                0x08000b24                __aeabi_fsub
                0x08000b28                __aeabi_fadd
                0x08000b28                __addsf3
                0x08000c88                __aeabi_ui2f
                0x08000c88                __floatunsisf
                0x08000c90                __aeabi_i2f
                0x08000c90                __floatsisf
                0x08000cac                __aeabi_ul2f
                0x08000cac                __floatundisf
                0x08000cbc                __aeabi_l2f
                0x08000cbc                __floatdisf
 .text          0x08000d38      0x2a0 e:/gnu/10 2021.10/bin/../lib/gcc/arm-none-eabi/10.3.1/thumb/v7-m/nofp\libgcc.a(_arm_muldivsf3.o)
                0x08000d38                __mulsf3
                0x08000d38                __aeabi_fmul
                0x08000ea0                __aeabi_fdiv
                0x08000ea0                __divsf3
 .text          0x08000fd8       0x40 e:/gnu/10 2021.10/bin/../lib/gcc/arm-none-eabi/10.3.1/thumb/v7-m/nofp\libgcc.a(_arm_fixunssfsi.o)
                0x08000fd8                __fixunssfsi
                0x08000fd8                __aeabi_f2uiz
 .text          0x08001018       0xec e:/gnu/10 2021.10/bin/../lib/gcc/arm-none-eabi/10.3.1/../../../../arm-none-eabi/lib/thumb/v7-m/nofp\libg.a(lib_a-memcpy.o)
                0x08001018                memcpy
 .text          0x08001104      0x1bc e:/gnu/10 2021.10/bin/../lib/gcc/arm-none-eabi/10.3.1/../../../../arm-none-eabi/lib/thumb/v7-m/nofp\libg.a(lib_a-strcmp.o)
                0x08001104                strcmp
 .text          0x080012c0       0x2c e:/gnu/10 2021.10/bin/../lib/gcc/arm-none-eabi/10.3.1/thumb/v7-m/nofp\libgcc.a(_arm_unorddf2.o)
                0x080012c0                __unorddf2
                0x080012c0                __aeabi_dcmpun
 .text          0x080012ec       0x50 e:/gnu/10 2021.10/bin/../lib/gcc/arm-none-eabi/10.3.1/thumb/v7-m/nofp\libgcc.a(_arm_fixdfsi.o)
                0x080012ec                __aeabi_d2iz
                0x080012ec                __fixdfsi
 .text          0x0800133c       0x30 e:/gnu/10 2021.10/bin/../lib/gcc/arm-none-eabi/10.3.1/thumb/v7-m/nofp\libgcc.a(_aeabi_uldivmod.o)
                0x0800133c                __aeabi_uldivmod
 .text          0x0800136c      0x2d4 e:/gnu/10 2021.10/bin/../lib/gcc/arm-none-eabi/10.3.1/thumb/v7-m/nofp\libgcc.a(_udivmoddi4.o)
                0x0800136c                __udivmoddi4
 .text          0x08001640        0x4 e:/gnu/10 2021.10/bin/../lib/gcc/arm-none-eabi/10.3.1/thumb/v7-m/nofp\libgcc.a(_dvmd_tls.o)
                0x08001640                __aeabi_idiv0
                0x08001640                __aeabi_ldiv0
 *(.text*)
 .text.delay_us
                0x08001644       0x14 CMakeFiles/FreeRTOS_clion_model.elf.dir/Core/Src/24cxx.c.obj
                0x08001644                delay_us
 .text.at24cxx_init
                0x08001658        0x8 CMakeFiles/FreeRTOS_clion_model.elf.dir/Core/Src/24cxx.c.obj
                0x08001658                at24cxx_init
 .text.at24cxx_read_one_byte
                0x08001660       0x44 CMakeFiles/FreeRTOS_clion_model.elf.dir/Core/Src/24cxx.c.obj
                0x08001660                at24cxx_read_one_byte
 .text.at24cxx_write_one_byte
                0x080016a4       0x3e CMakeFiles/FreeRTOS_clion_model.elf.dir/Core/Src/24cxx.c.obj
                0x080016a4                at24cxx_write_one_byte
 .text.at24cxx_read
                0x080016e2       0x20 CMakeFiles/FreeRTOS_clion_model.elf.dir/Core/Src/24cxx.c.obj
                0x080016e2                at24cxx_read
 .text.at24cxx_write
                0x08001702       0x22 CMakeFiles/FreeRTOS_clion_model.elf.dir/Core/Src/24cxx.c.obj
                0x08001702                at24cxx_write
 .text.ct_iic_delay
                0x08001724        0xa CMakeFiles/FreeRTOS_clion_model.elf.dir/Core/Src/ctiic.c.obj
 *fill*         0x0800172e        0x2 
 .text.ct_iic_start
                0x08001730       0x48 CMakeFiles/FreeRTOS_clion_model.elf.dir/Core/Src/ctiic.c.obj
                0x08001730                ct_iic_start
 .text.ct_iic_stop
                0x08001778       0x3c CMakeFiles/FreeRTOS_clion_model.elf.dir/Core/Src/ctiic.c.obj
                0x08001778                ct_iic_stop
 .text.ct_iic_init
                0x080017b4       0x68 CMakeFiles/FreeRTOS_clion_model.elf.dir/Core/Src/ctiic.c.obj
                0x080017b4                ct_iic_init
 .text.ct_iic_wait_ack
                0x0800181c       0x60 CMakeFiles/FreeRTOS_clion_model.elf.dir/Core/Src/ctiic.c.obj
                0x0800181c                ct_iic_wait_ack
 .text.ct_iic_ack
                0x0800187c       0x4c CMakeFiles/FreeRTOS_clion_model.elf.dir/Core/Src/ctiic.c.obj
                0x0800187c                ct_iic_ack
 .text.ct_iic_nack
                0x080018c8       0x3c CMakeFiles/FreeRTOS_clion_model.elf.dir/Core/Src/ctiic.c.obj
                0x080018c8                ct_iic_nack
 .text.ct_iic_send_byte
                0x08001904       0x68 CMakeFiles/FreeRTOS_clion_model.elf.dir/Core/Src/ctiic.c.obj
                0x08001904                ct_iic_send_byte
 .text.ct_iic_read_byte
                0x0800196c       0x60 CMakeFiles/FreeRTOS_clion_model.elf.dir/Core/Src/ctiic.c.obj
                0x0800196c                ct_iic_read_byte
 .text.StartDefaultTask
                0x080019cc        0xa CMakeFiles/FreeRTOS_clion_model.elf.dir/Core/Src/freertos.c.obj
                0x080019cc                StartDefaultTask
 .text.StartLightTask
                0x080019d6        0xa CMakeFiles/FreeRTOS_clion_model.elf.dir/Core/Src/freertos.c.obj
                0x080019d6                StartLightTask
 .text.StartPWMTim2Task
                0x080019e0        0xa CMakeFiles/FreeRTOS_clion_model.elf.dir/Core/Src/freertos.c.obj
                0x080019e0                StartPWMTim2Task
 *fill*         0x080019ea        0x2 
 .text.vApplicationGetIdleTaskMemory
                0x080019ec       0x18 CMakeFiles/FreeRTOS_clion_model.elf.dir/Core/Src/freertos.c.obj
                0x080019ec                vApplicationGetIdleTaskMemory
 .text.MX_FREERTOS_Init
                0x08001a04       0x84 CMakeFiles/FreeRTOS_clion_model.elf.dir/Core/Src/freertos.c.obj
                0x08001a04                MX_FREERTOS_Init
 .text.HAL_FSMC_MspInit
                0x08001a88       0x84 CMakeFiles/FreeRTOS_clion_model.elf.dir/Core/Src/fsmc.c.obj
 .text.MX_FSMC_Init
                0x08001b0c       0x9c CMakeFiles/FreeRTOS_clion_model.elf.dir/Core/Src/fsmc.c.obj
                0x08001b0c                MX_FSMC_Init
 .text.HAL_SRAM_MspInit
                0x08001ba8        0x8 CMakeFiles/FreeRTOS_clion_model.elf.dir/Core/Src/fsmc.c.obj
                0x08001ba8                HAL_SRAM_MspInit
 .text.ft5206_wr_reg
                0x08001bb0       0x46 CMakeFiles/FreeRTOS_clion_model.elf.dir/Core/Src/ft5206.c.obj
                0x08001bb0                ft5206_wr_reg
 .text.ft5206_rd_reg
                0x08001bf6       0x4e CMakeFiles/FreeRTOS_clion_model.elf.dir/Core/Src/ft5206.c.obj
                0x08001bf6                ft5206_rd_reg
 .text.ft5206_init
                0x08001c44      0x148 CMakeFiles/FreeRTOS_clion_model.elf.dir/Core/Src/ft5206.c.obj
                0x08001c44                ft5206_init
 .text.ft5206_scan
                0x08001d8c      0x19c CMakeFiles/FreeRTOS_clion_model.elf.dir/Core/Src/ft5206.c.obj
                0x08001d8c                ft5206_scan
 .text.MX_GPIO_Init
                0x08001f28       0xac CMakeFiles/FreeRTOS_clion_model.elf.dir/Core/Src/gpio.c.obj
                0x08001f28                MX_GPIO_Init
 .text.gt9xxx_wr_reg
                0x08001fd4       0x50 CMakeFiles/FreeRTOS_clion_model.elf.dir/Core/Src/gt9xxx.c.obj
                0x08001fd4                gt9xxx_wr_reg
 .text.gt9xxx_rd_reg
                0x08002024       0x58 CMakeFiles/FreeRTOS_clion_model.elf.dir/Core/Src/gt9xxx.c.obj
                0x08002024                gt9xxx_rd_reg
 .text.gt9xxx_init
                0x0800207c      0x10c CMakeFiles/FreeRTOS_clion_model.elf.dir/Core/Src/gt9xxx.c.obj
                0x0800207c                gt9xxx_init
 .text.gt9xxx_scan
                0x08002188      0x298 CMakeFiles/FreeRTOS_clion_model.elf.dir/Core/Src/gt9xxx.c.obj
                0x08002188                gt9xxx_scan
 .text.lcd_rd_data
                0x08002420       0x1c CMakeFiles/FreeRTOS_clion_model.elf.dir/Core/Src/lcd.c.obj
 .text.lcd_wr_data
                0x0800243c       0x24 CMakeFiles/FreeRTOS_clion_model.elf.dir/Core/Src/lcd.c.obj
                0x0800243c                lcd_wr_data
 .text.lcd_wr_regno
                0x08002460       0x24 CMakeFiles/FreeRTOS_clion_model.elf.dir/Core/Src/lcd.c.obj
                0x08002460                lcd_wr_regno
 .text.lcd_write_reg
                0x08002484       0x10 CMakeFiles/FreeRTOS_clion_model.elf.dir/Core/Src/lcd.c.obj
                0x08002484                lcd_write_reg
 .text.lcd_write_ram_prepare
                0x08002494       0x14 CMakeFiles/FreeRTOS_clion_model.elf.dir/Core/Src/lcd.c.obj
                0x08002494                lcd_write_ram_prepare
 .text.lcd_set_cursor
                0x080024a8      0x10c CMakeFiles/FreeRTOS_clion_model.elf.dir/Core/Src/lcd.c.obj
                0x080024a8                lcd_set_cursor
 .text.lcd_scan_dir
                0x080025b4      0x1d8 CMakeFiles/FreeRTOS_clion_model.elf.dir/Core/Src/lcd.c.obj
                0x080025b4                lcd_scan_dir
 .text.lcd_draw_point
                0x0800278c       0x1c CMakeFiles/FreeRTOS_clion_model.elf.dir/Core/Src/lcd.c.obj
                0x0800278c                lcd_draw_point
 .text.lcd_ssd_backlight_set
                0x080027a8       0x50 CMakeFiles/FreeRTOS_clion_model.elf.dir/Core/Src/lcd.c.obj
                0x080027a8                lcd_ssd_backlight_set
 .text.lcd_display_dir
                0x080027f8      0x118 CMakeFiles/FreeRTOS_clion_model.elf.dir/Core/Src/lcd.c.obj
                0x080027f8                lcd_display_dir
 .text.lcd_clear
                0x08002910       0x34 CMakeFiles/FreeRTOS_clion_model.elf.dir/Core/Src/lcd.c.obj
                0x08002910                lcd_clear
 .text.lcd_init
                0x08002944      0x310 CMakeFiles/FreeRTOS_clion_model.elf.dir/Core/Src/lcd.c.obj
                0x08002944                lcd_init
 .text.lcd_fill
                0x08002c54       0x48 CMakeFiles/FreeRTOS_clion_model.elf.dir/Core/Src/lcd.c.obj
                0x08002c54                lcd_fill
 .text.lcd_draw_line
                0x08002c9c       0xa6 CMakeFiles/FreeRTOS_clion_model.elf.dir/Core/Src/lcd.c.obj
                0x08002c9c                lcd_draw_line
 .text.lcd_draw_circle
                0x08002d42       0xe2 CMakeFiles/FreeRTOS_clion_model.elf.dir/Core/Src/lcd.c.obj
                0x08002d42                lcd_draw_circle
 .text.lcd_show_char
                0x08002e24      0x118 CMakeFiles/FreeRTOS_clion_model.elf.dir/Core/Src/lcd.c.obj
                0x08002e24                lcd_show_char
 .text.lcd_show_string
                0x08002f3c       0x62 CMakeFiles/FreeRTOS_clion_model.elf.dir/Core/Src/lcd.c.obj
                0x08002f3c                lcd_show_string
 .text.lcd_ex_st7789_reginit
                0x08002f9e      0x1a2 CMakeFiles/FreeRTOS_clion_model.elf.dir/Core/Src/lcd_ex.c.obj
                0x08002f9e                lcd_ex_st7789_reginit
 .text.lcd_ex_ili9341_reginit
                0x08003140      0x22c CMakeFiles/FreeRTOS_clion_model.elf.dir/Core/Src/lcd_ex.c.obj
                0x08003140                lcd_ex_ili9341_reginit
 .text.lcd_ex_nt35310_reginit
                0x0800336c      0xef2 CMakeFiles/FreeRTOS_clion_model.elf.dir/Core/Src/lcd_ex.c.obj
                0x0800336c                lcd_ex_nt35310_reginit
 .text.lcd_ex_nt35510_reginit
                0x0800425e      0xefc CMakeFiles/FreeRTOS_clion_model.elf.dir/Core/Src/lcd_ex.c.obj
                0x0800425e                lcd_ex_nt35510_reginit
 .text.lcd_ex_ssd1963_reginit
                0x0800515a      0x16e CMakeFiles/FreeRTOS_clion_model.elf.dir/Core/Src/lcd_ex.c.obj
                0x0800515a                lcd_ex_ssd1963_reginit
 .text.HAL_TIM_PeriodElapsedCallback
                0x080052c8       0x18 CMakeFiles/FreeRTOS_clion_model.elf.dir/Core/Src/main.c.obj
                0x080052c8                HAL_TIM_PeriodElapsedCallback
 .text.Error_Handler
                0x080052e0        0x4 CMakeFiles/FreeRTOS_clion_model.elf.dir/Core/Src/main.c.obj
                0x080052e0                Error_Handler
 .text.SystemClock_Config
                0x080052e4       0x64 CMakeFiles/FreeRTOS_clion_model.elf.dir/Core/Src/main.c.obj
                0x080052e4                SystemClock_Config
 .text.main     0x08005348       0xd0 CMakeFiles/FreeRTOS_clion_model.elf.dir/Core/Src/main.c.obj
                0x08005348                main
 .text.iic_delay
                0x08005418        0xa CMakeFiles/FreeRTOS_clion_model.elf.dir/Core/Src/myiic.c.obj
 *fill*         0x08005422        0x2 
 .text.iic_start
                0x08005424       0x40 CMakeFiles/FreeRTOS_clion_model.elf.dir/Core/Src/myiic.c.obj
                0x08005424                iic_start
 .text.iic_stop
                0x08005464       0x34 CMakeFiles/FreeRTOS_clion_model.elf.dir/Core/Src/myiic.c.obj
                0x08005464                iic_stop
 .text.iic_init
                0x08005498       0x64 CMakeFiles/FreeRTOS_clion_model.elf.dir/Core/Src/myiic.c.obj
                0x08005498                iic_init
 .text.iic_wait_ack
                0x080054fc       0x54 CMakeFiles/FreeRTOS_clion_model.elf.dir/Core/Src/myiic.c.obj
                0x080054fc                iic_wait_ack
 .text.iic_ack  0x08005550       0x44 CMakeFiles/FreeRTOS_clion_model.elf.dir/Core/Src/myiic.c.obj
                0x08005550                iic_ack
 .text.iic_nack
                0x08005594       0x34 CMakeFiles/FreeRTOS_clion_model.elf.dir/Core/Src/myiic.c.obj
                0x08005594                iic_nack
 .text.iic_send_byte
                0x080055c8       0x60 CMakeFiles/FreeRTOS_clion_model.elf.dir/Core/Src/myiic.c.obj
                0x080055c8                iic_send_byte
 .text.iic_read_byte
                0x08005628       0x5c CMakeFiles/FreeRTOS_clion_model.elf.dir/Core/Src/myiic.c.obj
                0x08005628                iic_read_byte
 .text.HAL_MspInit
                0x08005684       0x54 CMakeFiles/FreeRTOS_clion_model.elf.dir/Core/Src/stm32f1xx_hal_msp.c.obj
                0x08005684                HAL_MspInit
 .text.HAL_InitTick
                0x080056d8       0x78 CMakeFiles/FreeRTOS_clion_model.elf.dir/Core/Src/stm32f1xx_hal_timebase_tim.c.obj
                0x080056d8                HAL_InitTick
 .text.NMI_Handler
                0x08005750        0x2 CMakeFiles/FreeRTOS_clion_model.elf.dir/Core/Src/stm32f1xx_it.c.obj
                0x08005750                NMI_Handler
 .text.HardFault_Handler
                0x08005752        0x2 CMakeFiles/FreeRTOS_clion_model.elf.dir/Core/Src/stm32f1xx_it.c.obj
                0x08005752                HardFault_Handler
 .text.MemManage_Handler
                0x08005754        0x2 CMakeFiles/FreeRTOS_clion_model.elf.dir/Core/Src/stm32f1xx_it.c.obj
                0x08005754                MemManage_Handler
 .text.BusFault_Handler
                0x08005756        0x2 CMakeFiles/FreeRTOS_clion_model.elf.dir/Core/Src/stm32f1xx_it.c.obj
                0x08005756                BusFault_Handler
 .text.UsageFault_Handler
                0x08005758        0x2 CMakeFiles/FreeRTOS_clion_model.elf.dir/Core/Src/stm32f1xx_it.c.obj
                0x08005758                UsageFault_Handler
 .text.DebugMon_Handler
                0x0800575a        0x2 CMakeFiles/FreeRTOS_clion_model.elf.dir/Core/Src/stm32f1xx_it.c.obj
                0x0800575a                DebugMon_Handler
 .text.TIM1_UP_IRQHandler
                0x0800575c       0x10 CMakeFiles/FreeRTOS_clion_model.elf.dir/Core/Src/stm32f1xx_it.c.obj
                0x0800575c                TIM1_UP_IRQHandler
 .text._getpid  0x0800576c        0x4 CMakeFiles/FreeRTOS_clion_model.elf.dir/Core/Src/syscalls.c.obj
                0x0800576c                _getpid
 .text._kill    0x08005770       0x10 CMakeFiles/FreeRTOS_clion_model.elf.dir/Core/Src/syscalls.c.obj
                0x08005770                _kill
 .text._exit    0x08005780        0xc CMakeFiles/FreeRTOS_clion_model.elf.dir/Core/Src/syscalls.c.obj
                0x08005780                _exit
 .text._read    0x0800578c       0x20 CMakeFiles/FreeRTOS_clion_model.elf.dir/Core/Src/syscalls.c.obj
                0x0800578c                _read
 .text._write   0x080057ac       0x1c CMakeFiles/FreeRTOS_clion_model.elf.dir/Core/Src/syscalls.c.obj
                0x080057ac                _write
 .text._sbrk    0x080057c8       0x3c CMakeFiles/FreeRTOS_clion_model.elf.dir/Core/Src/syscalls.c.obj
                0x080057c8                _sbrk
 .text._close   0x08005804        0x6 CMakeFiles/FreeRTOS_clion_model.elf.dir/Core/Src/syscalls.c.obj
                0x08005804                _close
 .text._fstat   0x0800580a        0xa CMakeFiles/FreeRTOS_clion_model.elf.dir/Core/Src/syscalls.c.obj
                0x0800580a                _fstat
 .text._isatty  0x08005814        0x4 CMakeFiles/FreeRTOS_clion_model.elf.dir/Core/Src/syscalls.c.obj
                0x08005814                _isatty
 .text._lseek   0x08005818        0x4 CMakeFiles/FreeRTOS_clion_model.elf.dir/Core/Src/syscalls.c.obj
                0x08005818                _lseek
 .text.SystemInit
                0x0800581c        0x2 CMakeFiles/FreeRTOS_clion_model.elf.dir/Core/Src/system_stm32f1xx.c.obj
                0x0800581c                SystemInit
 *fill*         0x0800581e        0x2 
 .text.HAL_TIM_Base_MspInit
                0x08005820       0x6c CMakeFiles/FreeRTOS_clion_model.elf.dir/Core/Src/tim.c.obj
                0x08005820                HAL_TIM_Base_MspInit
 .text.HAL_TIM_MspPostInit
                0x0800588c       0xcc CMakeFiles/FreeRTOS_clion_model.elf.dir/Core/Src/tim.c.obj
                0x0800588c                HAL_TIM_MspPostInit
 .text.MX_TIM2_Init
                0x08005958       0xac CMakeFiles/FreeRTOS_clion_model.elf.dir/Core/Src/tim.c.obj
                0x08005958                MX_TIM2_Init
 .text.MX_TIM3_Init
                0x08005a04       0xb0 CMakeFiles/FreeRTOS_clion_model.elf.dir/Core/Src/tim.c.obj
                0x08005a04                MX_TIM3_Init
 .text.MX_TIM4_Init
                0x08005ab4       0xb0 CMakeFiles/FreeRTOS_clion_model.elf.dir/Core/Src/tim.c.obj
                0x08005ab4                MX_TIM4_Init
 .text.tp_draw_touch_point
                0x08005b64       0x8a CMakeFiles/FreeRTOS_clion_model.elf.dir/Core/Src/touch.c.obj
 *fill*         0x08005bee        0x2 
 .text.tp_adjust_info_show
                0x08005bf0      0x108 CMakeFiles/FreeRTOS_clion_model.elf.dir/Core/Src/touch.c.obj
 .text.tp_write_byte
                0x08005cf8       0x5c CMakeFiles/FreeRTOS_clion_model.elf.dir/Core/Src/touch.c.obj
 .text.tp_read_ad
                0x08005d54       0xbc CMakeFiles/FreeRTOS_clion_model.elf.dir/Core/Src/touch.c.obj
 .text.tp_read_xoy
                0x08005e10       0x98 CMakeFiles/FreeRTOS_clion_model.elf.dir/Core/Src/touch.c.obj
 .text.tp_read_xy
                0x08005ea8       0x40 CMakeFiles/FreeRTOS_clion_model.elf.dir/Core/Src/touch.c.obj
 .text.tp_read_xy2
                0x08005ee8       0x84 CMakeFiles/FreeRTOS_clion_model.elf.dir/Core/Src/touch.c.obj
 .text.tp_scan  0x08005f6c       0xe0 CMakeFiles/FreeRTOS_clion_model.elf.dir/Core/Src/touch.c.obj
                0x08005f6c                tp_scan
 .text.tp_save_adjust_data
                0x0800604c       0x1c CMakeFiles/FreeRTOS_clion_model.elf.dir/Core/Src/touch.c.obj
                0x0800604c                tp_save_adjust_data
 .text.tp_get_adjust_data
                0x08006068       0x24 CMakeFiles/FreeRTOS_clion_model.elf.dir/Core/Src/touch.c.obj
                0x08006068                tp_get_adjust_data
 *fill*         0x0800608c        0x4 
 .text.tp_adjust
                0x08006090      0x340 CMakeFiles/FreeRTOS_clion_model.elf.dir/Core/Src/touch.c.obj
                0x08006090                tp_adjust
 .text.tp_init  0x080063d0      0x19c CMakeFiles/FreeRTOS_clion_model.elf.dir/Core/Src/touch.c.obj
                0x080063d0                tp_init
 .text.MX_USART1_UART_Init
                0x0800656c       0x34 CMakeFiles/FreeRTOS_clion_model.elf.dir/Core/Src/usart.c.obj
                0x0800656c                MX_USART1_UART_Init
 .text.HAL_UART_MspInit
                0x080065a0       0x78 CMakeFiles/FreeRTOS_clion_model.elf.dir/Core/Src/usart.c.obj
                0x080065a0                HAL_UART_MspInit
 .text.print_UARTx
                0x08006618       0x78 CMakeFiles/FreeRTOS_clion_model.elf.dir/Core/Src/usart.c.obj
                0x08006618                print_UARTx
 .text.HAL_Init
                0x08006690       0x24 CMakeFiles/FreeRTOS_clion_model.elf.dir/Drivers/STM32F1xx_HAL_Driver/Src/stm32f1xx_hal.c.obj
                0x08006690                HAL_Init
 .text.HAL_IncTick
                0x080066b4       0x18 CMakeFiles/FreeRTOS_clion_model.elf.dir/Drivers/STM32F1xx_HAL_Driver/Src/stm32f1xx_hal.c.obj
                0x080066b4                HAL_IncTick
 .text.HAL_GetTick
                0x080066cc        0xc CMakeFiles/FreeRTOS_clion_model.elf.dir/Drivers/STM32F1xx_HAL_Driver/Src/stm32f1xx_hal.c.obj
                0x080066cc                HAL_GetTick
 .text.HAL_Delay
                0x080066d8       0x28 CMakeFiles/FreeRTOS_clion_model.elf.dir/Drivers/STM32F1xx_HAL_Driver/Src/stm32f1xx_hal.c.obj
                0x080066d8                HAL_Delay
 .text.HAL_NVIC_SetPriorityGrouping
                0x08006700       0x24 CMakeFiles/FreeRTOS_clion_model.elf.dir/Drivers/STM32F1xx_HAL_Driver/Src/stm32f1xx_hal_cortex.c.obj
                0x08006700                HAL_NVIC_SetPriorityGrouping
 .text.HAL_NVIC_SetPriority
                0x08006724       0x70 CMakeFiles/FreeRTOS_clion_model.elf.dir/Drivers/STM32F1xx_HAL_Driver/Src/stm32f1xx_hal_cortex.c.obj
                0x08006724                HAL_NVIC_SetPriority
 .text.HAL_NVIC_EnableIRQ
                0x08006794       0x1c CMakeFiles/FreeRTOS_clion_model.elf.dir/Drivers/STM32F1xx_HAL_Driver/Src/stm32f1xx_hal_cortex.c.obj
                0x08006794                HAL_NVIC_EnableIRQ
 .text.HAL_GPIO_Init
                0x080067b0      0x240 CMakeFiles/FreeRTOS_clion_model.elf.dir/Drivers/STM32F1xx_HAL_Driver/Src/stm32f1xx_hal_gpio.c.obj
                0x080067b0                HAL_GPIO_Init
 .text.HAL_GPIO_ReadPin
                0x080069f0        0xe CMakeFiles/FreeRTOS_clion_model.elf.dir/Drivers/STM32F1xx_HAL_Driver/Src/stm32f1xx_hal_gpio.c.obj
                0x080069f0                HAL_GPIO_ReadPin
 .text.HAL_GPIO_WritePin
                0x080069fe        0xc CMakeFiles/FreeRTOS_clion_model.elf.dir/Drivers/STM32F1xx_HAL_Driver/Src/stm32f1xx_hal_gpio.c.obj
                0x080069fe                HAL_GPIO_WritePin
 *fill*         0x08006a0a        0x2 
 .text.RCC_Delay
                0x08006a0c       0x2c CMakeFiles/FreeRTOS_clion_model.elf.dir/Drivers/STM32F1xx_HAL_Driver/Src/stm32f1xx_hal_rcc.c.obj
 .text.HAL_RCC_OscConfig
                0x08006a38      0x410 CMakeFiles/FreeRTOS_clion_model.elf.dir/Drivers/STM32F1xx_HAL_Driver/Src/stm32f1xx_hal_rcc.c.obj
                0x08006a38                HAL_RCC_OscConfig
 .text.HAL_RCC_GetSysClockFreq
                0x08006e48       0x70 CMakeFiles/FreeRTOS_clion_model.elf.dir/Drivers/STM32F1xx_HAL_Driver/Src/stm32f1xx_hal_rcc.c.obj
                0x08006e48                HAL_RCC_GetSysClockFreq
 .text.HAL_RCC_ClockConfig
                0x08006eb8      0x16c CMakeFiles/FreeRTOS_clion_model.elf.dir/Drivers/STM32F1xx_HAL_Driver/Src/stm32f1xx_hal_rcc.c.obj
                0x08006eb8                HAL_RCC_ClockConfig
 .text.HAL_RCC_GetHCLKFreq
                0x08007024        0xc CMakeFiles/FreeRTOS_clion_model.elf.dir/Drivers/STM32F1xx_HAL_Driver/Src/stm32f1xx_hal_rcc.c.obj
                0x08007024                HAL_RCC_GetHCLKFreq
 .text.HAL_RCC_GetPCLK1Freq
                0x08007030       0x20 CMakeFiles/FreeRTOS_clion_model.elf.dir/Drivers/STM32F1xx_HAL_Driver/Src/stm32f1xx_hal_rcc.c.obj
                0x08007030                HAL_RCC_GetPCLK1Freq
 .text.HAL_RCC_GetPCLK2Freq
                0x08007050       0x20 CMakeFiles/FreeRTOS_clion_model.elf.dir/Drivers/STM32F1xx_HAL_Driver/Src/stm32f1xx_hal_rcc.c.obj
                0x08007050                HAL_RCC_GetPCLK2Freq
 .text.HAL_RCC_GetClockConfig
                0x08007070       0x3c CMakeFiles/FreeRTOS_clion_model.elf.dir/Drivers/STM32F1xx_HAL_Driver/Src/stm32f1xx_hal_rcc.c.obj
                0x08007070                HAL_RCC_GetClockConfig
 .text.HAL_SRAM_Init
                0x080070ac       0x64 CMakeFiles/FreeRTOS_clion_model.elf.dir/Drivers/STM32F1xx_HAL_Driver/Src/stm32f1xx_hal_sram.c.obj
                0x080070ac                HAL_SRAM_Init
 .text.TIM_OC1_SetConfig
                0x08007110       0x68 CMakeFiles/FreeRTOS_clion_model.elf.dir/Drivers/STM32F1xx_HAL_Driver/Src/stm32f1xx_hal_tim.c.obj
 .text.TIM_OC3_SetConfig
                0x08007178       0x70 CMakeFiles/FreeRTOS_clion_model.elf.dir/Drivers/STM32F1xx_HAL_Driver/Src/stm32f1xx_hal_tim.c.obj
 .text.TIM_OC4_SetConfig
                0x080071e8       0x50 CMakeFiles/FreeRTOS_clion_model.elf.dir/Drivers/STM32F1xx_HAL_Driver/Src/stm32f1xx_hal_tim.c.obj
 .text.TIM_TI1_ConfigInputStage
                0x08007238       0x24 CMakeFiles/FreeRTOS_clion_model.elf.dir/Drivers/STM32F1xx_HAL_Driver/Src/stm32f1xx_hal_tim.c.obj
 .text.TIM_TI2_ConfigInputStage
                0x0800725c       0x26 CMakeFiles/FreeRTOS_clion_model.elf.dir/Drivers/STM32F1xx_HAL_Driver/Src/stm32f1xx_hal_tim.c.obj
 .text.TIM_ITRx_SetConfig
                0x08007282       0x10 CMakeFiles/FreeRTOS_clion_model.elf.dir/Drivers/STM32F1xx_HAL_Driver/Src/stm32f1xx_hal_tim.c.obj
 *fill*         0x08007292        0x2 
 .text.HAL_TIM_Base_Start_IT
                0x08007294       0x78 CMakeFiles/FreeRTOS_clion_model.elf.dir/Drivers/STM32F1xx_HAL_Driver/Src/stm32f1xx_hal_tim.c.obj
                0x08007294                HAL_TIM_Base_Start_IT
 .text.HAL_TIM_PWM_MspInit
                0x0800730c        0x2 CMakeFiles/FreeRTOS_clion_model.elf.dir/Drivers/STM32F1xx_HAL_Driver/Src/stm32f1xx_hal_tim.c.obj
                0x0800730c                HAL_TIM_PWM_MspInit
 .text.HAL_TIM_OC_DelayElapsedCallback
                0x0800730e        0x2 CMakeFiles/FreeRTOS_clion_model.elf.dir/Drivers/STM32F1xx_HAL_Driver/Src/stm32f1xx_hal_tim.c.obj
                0x0800730e                HAL_TIM_OC_DelayElapsedCallback
 .text.HAL_TIM_IC_CaptureCallback
                0x08007310        0x2 CMakeFiles/FreeRTOS_clion_model.elf.dir/Drivers/STM32F1xx_HAL_Driver/Src/stm32f1xx_hal_tim.c.obj
                0x08007310                HAL_TIM_IC_CaptureCallback
 .text.HAL_TIM_PWM_PulseFinishedCallback
                0x08007312        0x2 CMakeFiles/FreeRTOS_clion_model.elf.dir/Drivers/STM32F1xx_HAL_Driver/Src/stm32f1xx_hal_tim.c.obj
                0x08007312                HAL_TIM_PWM_PulseFinishedCallback
 .text.HAL_TIM_TriggerCallback
                0x08007314        0x2 CMakeFiles/FreeRTOS_clion_model.elf.dir/Drivers/STM32F1xx_HAL_Driver/Src/stm32f1xx_hal_tim.c.obj
                0x08007314                HAL_TIM_TriggerCallback
 .text.HAL_TIM_IRQHandler
                0x08007316      0x17a CMakeFiles/FreeRTOS_clion_model.elf.dir/Drivers/STM32F1xx_HAL_Driver/Src/stm32f1xx_hal_tim.c.obj
                0x08007316                HAL_TIM_IRQHandler
 .text.TIM_Base_SetConfig
                0x08007490       0x98 CMakeFiles/FreeRTOS_clion_model.elf.dir/Drivers/STM32F1xx_HAL_Driver/Src/stm32f1xx_hal_tim.c.obj
                0x08007490                TIM_Base_SetConfig
 .text.HAL_TIM_Base_Init
                0x08007528       0x58 CMakeFiles/FreeRTOS_clion_model.elf.dir/Drivers/STM32F1xx_HAL_Driver/Src/stm32f1xx_hal_tim.c.obj
                0x08007528                HAL_TIM_Base_Init
 .text.HAL_TIM_PWM_Init
                0x08007580       0x58 CMakeFiles/FreeRTOS_clion_model.elf.dir/Drivers/STM32F1xx_HAL_Driver/Src/stm32f1xx_hal_tim.c.obj
                0x08007580                HAL_TIM_PWM_Init
 .text.TIM_OC2_SetConfig
                0x080075d8       0x70 CMakeFiles/FreeRTOS_clion_model.elf.dir/Drivers/STM32F1xx_HAL_Driver/Src/stm32f1xx_hal_tim.c.obj
                0x080075d8                TIM_OC2_SetConfig
 .text.HAL_TIM_PWM_ConfigChannel
                0x08007648       0xd0 CMakeFiles/FreeRTOS_clion_model.elf.dir/Drivers/STM32F1xx_HAL_Driver/Src/stm32f1xx_hal_tim.c.obj
                0x08007648                HAL_TIM_PWM_ConfigChannel
 .text.TIM_ETR_SetConfig
                0x08007718       0x18 CMakeFiles/FreeRTOS_clion_model.elf.dir/Drivers/STM32F1xx_HAL_Driver/Src/stm32f1xx_hal_tim.c.obj
                0x08007718                TIM_ETR_SetConfig
 .text.HAL_TIM_ConfigClockSource
                0x08007730       0xda CMakeFiles/FreeRTOS_clion_model.elf.dir/Drivers/STM32F1xx_HAL_Driver/Src/stm32f1xx_hal_tim.c.obj
                0x08007730                HAL_TIM_ConfigClockSource
 *fill*         0x0800780a        0x2 
 .text.HAL_TIMEx_MasterConfigSynchronization
                0x0800780c       0x7c CMakeFiles/FreeRTOS_clion_model.elf.dir/Drivers/STM32F1xx_HAL_Driver/Src/stm32f1xx_hal_tim_ex.c.obj
                0x0800780c                HAL_TIMEx_MasterConfigSynchronization
 .text.HAL_TIMEx_CommutCallback
                0x08007888        0x2 CMakeFiles/FreeRTOS_clion_model.elf.dir/Drivers/STM32F1xx_HAL_Driver/Src/stm32f1xx_hal_tim_ex.c.obj
                0x08007888                HAL_TIMEx_CommutCallback
 .text.HAL_TIMEx_BreakCallback
                0x0800788a        0x2 CMakeFiles/FreeRTOS_clion_model.elf.dir/Drivers/STM32F1xx_HAL_Driver/Src/stm32f1xx_hal_tim_ex.c.obj
                0x0800788a                HAL_TIMEx_BreakCallback
 .text.UART_SetConfig
                0x0800788c       0x94 CMakeFiles/FreeRTOS_clion_model.elf.dir/Drivers/STM32F1xx_HAL_Driver/Src/stm32f1xx_hal_uart.c.obj
 .text.UART_WaitOnFlagUntilTimeout
                0x08007920       0x6c CMakeFiles/FreeRTOS_clion_model.elf.dir/Drivers/STM32F1xx_HAL_Driver/Src/stm32f1xx_hal_uart.c.obj
 .text.HAL_UART_Init
                0x0800798c       0x5e CMakeFiles/FreeRTOS_clion_model.elf.dir/Drivers/STM32F1xx_HAL_Driver/Src/stm32f1xx_hal_uart.c.obj
                0x0800798c                HAL_UART_Init
 .text.HAL_UART_Transmit
                0x080079ea       0xd8 CMakeFiles/FreeRTOS_clion_model.elf.dir/Drivers/STM32F1xx_HAL_Driver/Src/stm32f1xx_hal_uart.c.obj
                0x080079ea                HAL_UART_Transmit
 .text.HAL_UART_GetState
                0x08007ac2        0xc CMakeFiles/FreeRTOS_clion_model.elf.dir/Drivers/STM32F1xx_HAL_Driver/Src/stm32f1xx_hal_uart.c.obj
                0x08007ac2                HAL_UART_GetState
 *fill*         0x08007ace        0x2 
 .text.FSMC_NORSRAM_Init
                0x08007ad0       0x68 CMakeFiles/FreeRTOS_clion_model.elf.dir/Drivers/STM32F1xx_HAL_Driver/Src/stm32f1xx_ll_fsmc.c.obj
                0x08007ad0                FSMC_NORSRAM_Init
 .text.FSMC_NORSRAM_Timing_Init
                0x08007b38       0x50 CMakeFiles/FreeRTOS_clion_model.elf.dir/Drivers/STM32F1xx_HAL_Driver/Src/stm32f1xx_ll_fsmc.c.obj
                0x08007b38                FSMC_NORSRAM_Timing_Init
 .text.FSMC_NORSRAM_Extended_Timing_Init
                0x08007b88       0x44 CMakeFiles/FreeRTOS_clion_model.elf.dir/Drivers/STM32F1xx_HAL_Driver/Src/stm32f1xx_ll_fsmc.c.obj
                0x08007b88                FSMC_NORSRAM_Extended_Timing_Init
 .text.makeFreeRtosPriority
                0x08007bcc        0xc CMakeFiles/FreeRTOS_clion_model.elf.dir/Middlewares/Third_Party/FreeRTOS/Source/CMSIS_RTOS/cmsis_os.c.obj
 .text.osKernelStart
                0x08007bd8        0xa CMakeFiles/FreeRTOS_clion_model.elf.dir/Middlewares/Third_Party/FreeRTOS/Source/CMSIS_RTOS/cmsis_os.c.obj
                0x08007bd8                osKernelStart
 .text.osThreadCreate
                0x08007be2       0x6a CMakeFiles/FreeRTOS_clion_model.elf.dir/Middlewares/Third_Party/FreeRTOS/Source/CMSIS_RTOS/cmsis_os.c.obj
                0x08007be2                osThreadCreate
 .text.osDelay  0x08007c4c        0xe CMakeFiles/FreeRTOS_clion_model.elf.dir/Middlewares/Third_Party/FreeRTOS/Source/CMSIS_RTOS/cmsis_os.c.obj
                0x08007c4c                osDelay
 .text.vListInitialise
                0x08007c5a       0x16 CMakeFiles/FreeRTOS_clion_model.elf.dir/Middlewares/Third_Party/FreeRTOS/Source/list.c.obj
                0x08007c5a                vListInitialise
 .text.vListInitialiseItem
                0x08007c70        0x6 CMakeFiles/FreeRTOS_clion_model.elf.dir/Middlewares/Third_Party/FreeRTOS/Source/list.c.obj
                0x08007c70                vListInitialiseItem
 .text.vListInsertEnd
                0x08007c76       0x16 CMakeFiles/FreeRTOS_clion_model.elf.dir/Middlewares/Third_Party/FreeRTOS/Source/list.c.obj
                0x08007c76                vListInsertEnd
 .text.vListInsert
                0x08007c8c       0x32 CMakeFiles/FreeRTOS_clion_model.elf.dir/Middlewares/Third_Party/FreeRTOS/Source/list.c.obj
                0x08007c8c                vListInsert
 .text.uxListRemove
                0x08007cbe       0x26 CMakeFiles/FreeRTOS_clion_model.elf.dir/Middlewares/Third_Party/FreeRTOS/Source/list.c.obj
                0x08007cbe                uxListRemove
 .text.prvTaskExitError
                0x08007ce4       0x40 CMakeFiles/FreeRTOS_clion_model.elf.dir/Middlewares/Third_Party/FreeRTOS/Source/portable/GCC/ARM_CM3/port.c.obj
 .text.prvPortStartFirstTask
                0x08007d24       0x20 CMakeFiles/FreeRTOS_clion_model.elf.dir/Middlewares/Third_Party/FreeRTOS/Source/portable/GCC/ARM_CM3/port.c.obj
 .text.pxPortInitialiseStack
                0x08007d44       0x24 CMakeFiles/FreeRTOS_clion_model.elf.dir/Middlewares/Third_Party/FreeRTOS/Source/portable/GCC/ARM_CM3/port.c.obj
                0x08007d44                pxPortInitialiseStack
 *fill*         0x08007d68        0x8 
 .text.SVC_Handler
                0x08007d70       0x24 CMakeFiles/FreeRTOS_clion_model.elf.dir/Middlewares/Third_Party/FreeRTOS/Source/portable/GCC/ARM_CM3/port.c.obj
                0x08007d70                SVC_Handler
 .text.vPortEnterCritical
                0x08007d94       0x44 CMakeFiles/FreeRTOS_clion_model.elf.dir/Middlewares/Third_Party/FreeRTOS/Source/portable/GCC/ARM_CM3/port.c.obj
                0x08007d94                vPortEnterCritical
 .text.vPortExitCritical
                0x08007dd8       0x2c CMakeFiles/FreeRTOS_clion_model.elf.dir/Middlewares/Third_Party/FreeRTOS/Source/portable/GCC/ARM_CM3/port.c.obj
                0x08007dd8                vPortExitCritical
 *fill*         0x08007e04        0xc 
 .text.PendSV_Handler
                0x08007e10       0x44 CMakeFiles/FreeRTOS_clion_model.elf.dir/Middlewares/Third_Party/FreeRTOS/Source/portable/GCC/ARM_CM3/port.c.obj
                0x08007e10                PendSV_Handler
 .text.SysTick_Handler
                0x08007e54       0x2c CMakeFiles/FreeRTOS_clion_model.elf.dir/Middlewares/Third_Party/FreeRTOS/Source/portable/GCC/ARM_CM3/port.c.obj
                0x08007e54                SysTick_Handler
 .text.vPortSetupTimerInterrupt
                0x08007e80       0x28 CMakeFiles/FreeRTOS_clion_model.elf.dir/Middlewares/Third_Party/FreeRTOS/Source/portable/GCC/ARM_CM3/port.c.obj
                0x08007e80                vPortSetupTimerInterrupt
 .text.xPortStartScheduler
                0x08007ea8       0xc0 CMakeFiles/FreeRTOS_clion_model.elf.dir/Middlewares/Third_Party/FreeRTOS/Source/portable/GCC/ARM_CM3/port.c.obj
                0x08007ea8                xPortStartScheduler
 .text.prvHeapInit
                0x08007f68       0x64 CMakeFiles/FreeRTOS_clion_model.elf.dir/Middlewares/Third_Party/FreeRTOS/Source/portable/MemMang/heap_4.c.obj
 .text.prvInsertBlockIntoFreeList
                0x08007fcc       0x60 CMakeFiles/FreeRTOS_clion_model.elf.dir/Middlewares/Third_Party/FreeRTOS/Source/portable/MemMang/heap_4.c.obj
 .text.pvPortMalloc
                0x0800802c       0xf0 CMakeFiles/FreeRTOS_clion_model.elf.dir/Middlewares/Third_Party/FreeRTOS/Source/portable/MemMang/heap_4.c.obj
                0x0800802c                pvPortMalloc
 .text.vPortFree
                0x0800811c       0x70 CMakeFiles/FreeRTOS_clion_model.elf.dir/Middlewares/Third_Party/FreeRTOS/Source/portable/MemMang/heap_4.c.obj
                0x0800811c                vPortFree
 .text.prvResetNextTaskUnblockTime
                0x0800818c       0x2c CMakeFiles/FreeRTOS_clion_model.elf.dir/Middlewares/Third_Party/FreeRTOS/Source/tasks.c.obj
 .text.prvInitialiseNewTask
                0x080081b8       0x94 CMakeFiles/FreeRTOS_clion_model.elf.dir/Middlewares/Third_Party/FreeRTOS/Source/tasks.c.obj
 .text.prvInitialiseTaskLists
                0x0800824c       0x68 CMakeFiles/FreeRTOS_clion_model.elf.dir/Middlewares/Third_Party/FreeRTOS/Source/tasks.c.obj
 .text.prvAddNewTaskToReadyList
                0x080082b4       0xa8 CMakeFiles/FreeRTOS_clion_model.elf.dir/Middlewares/Third_Party/FreeRTOS/Source/tasks.c.obj
 .text.prvDeleteTCB
                0x0800835c       0x38 CMakeFiles/FreeRTOS_clion_model.elf.dir/Middlewares/Third_Party/FreeRTOS/Source/tasks.c.obj
 .text.prvCheckTasksWaitingTermination
                0x08008394       0x4c CMakeFiles/FreeRTOS_clion_model.elf.dir/Middlewares/Third_Party/FreeRTOS/Source/tasks.c.obj
 .text.prvIdleTask
                0x080083e0       0x28 CMakeFiles/FreeRTOS_clion_model.elf.dir/Middlewares/Third_Party/FreeRTOS/Source/tasks.c.obj
 .text.prvAddCurrentTaskToDelayedList
                0x08008408       0x98 CMakeFiles/FreeRTOS_clion_model.elf.dir/Middlewares/Third_Party/FreeRTOS/Source/tasks.c.obj
 .text.xTaskCreateStatic
                0x080084a0       0x74 CMakeFiles/FreeRTOS_clion_model.elf.dir/Middlewares/Third_Party/FreeRTOS/Source/tasks.c.obj
                0x080084a0                xTaskCreateStatic
 .text.xTaskCreate
                0x08008514       0x68 CMakeFiles/FreeRTOS_clion_model.elf.dir/Middlewares/Third_Party/FreeRTOS/Source/tasks.c.obj
                0x08008514                xTaskCreate
 .text.vTaskStartScheduler
                0x0800857c       0x74 CMakeFiles/FreeRTOS_clion_model.elf.dir/Middlewares/Third_Party/FreeRTOS/Source/tasks.c.obj
                0x0800857c                vTaskStartScheduler
 .text.vTaskSuspendAll
                0x080085f0       0x10 CMakeFiles/FreeRTOS_clion_model.elf.dir/Middlewares/Third_Party/FreeRTOS/Source/tasks.c.obj
                0x080085f0                vTaskSuspendAll
 .text.xTaskIncrementTick
                0x08008600      0x118 CMakeFiles/FreeRTOS_clion_model.elf.dir/Middlewares/Third_Party/FreeRTOS/Source/tasks.c.obj
                0x08008600                xTaskIncrementTick
 .text.xTaskResumeAll
                0x08008718       0xf8 CMakeFiles/FreeRTOS_clion_model.elf.dir/Middlewares/Third_Party/FreeRTOS/Source/tasks.c.obj
                0x08008718                xTaskResumeAll
 .text.vTaskDelay
                0x08008810       0x4c CMakeFiles/FreeRTOS_clion_model.elf.dir/Middlewares/Third_Party/FreeRTOS/Source/tasks.c.obj
                0x08008810                vTaskDelay
 .text.vTaskSwitchContext
                0x0800885c       0x98 CMakeFiles/FreeRTOS_clion_model.elf.dir/Middlewares/Third_Party/FreeRTOS/Source/tasks.c.obj
                0x0800885c                vTaskSwitchContext
 .text.Reset_Handler
                0x080088f4       0x48 CMakeFiles/FreeRTOS_clion_model.elf.dir/startup/startup_stm32f103xe.s.obj
                0x080088f4                Reset_Handler
 .text.Default_Handler
                0x0800893c        0x2 CMakeFiles/FreeRTOS_clion_model.elf.dir/startup/startup_stm32f103xe.s.obj
                0x0800893c                RTC_Alarm_IRQHandler
                0x0800893c                EXTI2_IRQHandler
                0x0800893c                TIM8_TRG_COM_IRQHandler
                0x0800893c                TIM8_CC_IRQHandler
                0x0800893c                TIM1_CC_IRQHandler
                0x0800893c                TIM6_IRQHandler
                0x0800893c                PVD_IRQHandler
                0x0800893c                SDIO_IRQHandler
                0x0800893c                EXTI3_IRQHandler
                0x0800893c                EXTI0_IRQHandler
                0x0800893c                I2C2_EV_IRQHandler
                0x0800893c                ADC1_2_IRQHandler
                0x0800893c                SPI1_IRQHandler
                0x0800893c                TAMPER_IRQHandler
                0x0800893c                TIM8_UP_IRQHandler
                0x0800893c                DMA2_Channel2_IRQHandler
                0x0800893c                DMA1_Channel4_IRQHandler
                0x0800893c                USART3_IRQHandler
                0x0800893c                RTC_IRQHandler
                0x0800893c                DMA1_Channel7_IRQHandler
                0x0800893c                CAN1_RX1_IRQHandler
                0x0800893c                UART5_IRQHandler
                0x0800893c                ADC3_IRQHandler
                0x0800893c                TIM4_IRQHandler
                0x0800893c                DMA2_Channel1_IRQHandler
                0x0800893c                I2C1_EV_IRQHandler
                0x0800893c                DMA1_Channel6_IRQHandler
                0x0800893c                UART4_IRQHandler
                0x0800893c                TIM3_IRQHandler
                0x0800893c                RCC_IRQHandler
                0x0800893c                TIM1_TRG_COM_IRQHandler
                0x0800893c                DMA1_Channel1_IRQHandler
                0x0800893c                Default_Handler
                0x0800893c                EXTI15_10_IRQHandler
                0x0800893c                TIM7_IRQHandler
                0x0800893c                TIM5_IRQHandler
                0x0800893c                EXTI9_5_IRQHandler
                0x0800893c                SPI2_IRQHandler
                0x0800893c                DMA1_Channel5_IRQHandler
                0x0800893c                EXTI4_IRQHandler
                0x0800893c                USB_LP_CAN1_RX0_IRQHandler
                0x0800893c                USB_HP_CAN1_TX_IRQHandler
                0x0800893c                DMA1_Channel3_IRQHandler
                0x0800893c                FSMC_IRQHandler
                0x0800893c                WWDG_IRQHandler
                0x0800893c                TIM2_IRQHandler
                0x0800893c                TIM1_BRK_IRQHandler
                0x0800893c                EXTI1_IRQHandler
                0x0800893c                DMA2_Channel4_5_IRQHandler
                0x0800893c                USART2_IRQHandler
                0x0800893c                I2C2_ER_IRQHandler
                0x0800893c                DMA1_Channel2_IRQHandler
                0x0800893c                TIM8_BRK_IRQHandler
                0x0800893c                CAN1_SCE_IRQHandler
                0x0800893c                FLASH_IRQHandler
                0x0800893c                USART1_IRQHandler
                0x0800893c                SPI3_IRQHandler
                0x0800893c                I2C1_ER_IRQHandler
                0x0800893c                USBWakeUp_IRQHandler
                0x0800893c                DMA2_Channel3_IRQHandler
 *fill*         0x0800893e        0x2 
 .text.__errno  0x08008940        0xc e:/gnu/10 2021.10/bin/../lib/gcc/arm-none-eabi/10.3.1/../../../../arm-none-eabi/lib/thumb/v7-m/nofp\libg.a(lib_a-errno.o)
                0x08008940                __errno
 .text.__libc_init_array
                0x0800894c       0x48 e:/gnu/10 2021.10/bin/../lib/gcc/arm-none-eabi/10.3.1/../../../../arm-none-eabi/lib/thumb/v7-m/nofp\libg.a(lib_a-init.o)
                0x0800894c                __libc_init_array
 .text.memset   0x08008994       0xa4 e:/gnu/10 2021.10/bin/../lib/gcc/arm-none-eabi/10.3.1/../../../../arm-none-eabi/lib/thumb/v7-m/nofp\libg.a(lib_a-memset.o)
                0x08008994                memset
 .text.printf   0x08008a38       0x28 e:/gnu/10 2021.10/bin/../lib/gcc/arm-none-eabi/10.3.1/../../../../arm-none-eabi/lib/thumb/v7-m/nofp\libg.a(lib_a-printf.o)
                0x08008a38                printf
 .text.sprintf  0x08008a60       0x44 e:/gnu/10 2021.10/bin/../lib/gcc/arm-none-eabi/10.3.1/../../../../arm-none-eabi/lib/thumb/v7-m/nofp\libg.a(lib_a-sprintf.o)
                0x08008a60                sprintf
 .text.strlen   0x08008aa4       0x5c e:/gnu/10 2021.10/bin/../lib/gcc/arm-none-eabi/10.3.1/../../../../arm-none-eabi/lib/thumb/v7-m/nofp\libg.a(lib_a-strlen-stub.o)
                0x08008aa4                strlen
 .text._svfprintf_r
                0x08008b00     0x1aa4 e:/gnu/10 2021.10/bin/../lib/gcc/arm-none-eabi/10.3.1/../../../../arm-none-eabi/lib/thumb/v7-m/nofp\libg.a(lib_a-svfprintf.o)
                0x08008b00                _svfprintf_r
 .text._vfprintf_r
                0x0800a5a4     0x1b58 e:/gnu/10 2021.10/bin/../lib/gcc/arm-none-eabi/10.3.1/../../../../arm-none-eabi/lib/thumb/v7-m/nofp\libg.a(lib_a-vfprintf.o)
                0x0800a5a4                _vfprintf_r
 .text.__sbprintf
                0x0800c0fc       0x84 e:/gnu/10 2021.10/bin/../lib/gcc/arm-none-eabi/10.3.1/../../../../arm-none-eabi/lib/thumb/v7-m/nofp\libg.a(lib_a-vfprintf.o)
 .text.vsprintf
                0x0800c180       0x38 e:/gnu/10 2021.10/bin/../lib/gcc/arm-none-eabi/10.3.1/../../../../arm-none-eabi/lib/thumb/v7-m/nofp\libg.a(lib_a-vsprintf.o)
                0x0800c180                vsprintf
 .text.__swsetup_r
                0x0800c1b8       0xd4 e:/gnu/10 2021.10/bin/../lib/gcc/arm-none-eabi/10.3.1/../../../../arm-none-eabi/lib/thumb/v7-m/nofp\libg.a(lib_a-wsetup.o)
                0x0800c1b8                __swsetup_r
 .text.startup.register_fini
                0x0800c28c       0x14 e:/gnu/10 2021.10/bin/../lib/gcc/arm-none-eabi/10.3.1/../../../../arm-none-eabi/lib/thumb/v7-m/nofp\libg.a(lib_a-__call_atexit.o)
 .text.atexit   0x0800c2a0        0xc e:/gnu/10 2021.10/bin/../lib/gcc/arm-none-eabi/10.3.1/../../../../arm-none-eabi/lib/thumb/v7-m/nofp\libg.a(lib_a-atexit.o)
                0x0800c2a0                atexit
 .text.quorem   0x0800c2ac      0x12c e:/gnu/10 2021.10/bin/../lib/gcc/arm-none-eabi/10.3.1/../../../../arm-none-eabi/lib/thumb/v7-m/nofp\libg.a(lib_a-dtoa.o)
 .text._dtoa_r  0x0800c3d8      0xecc e:/gnu/10 2021.10/bin/../lib/gcc/arm-none-eabi/10.3.1/../../../../arm-none-eabi/lib/thumb/v7-m/nofp\libg.a(lib_a-dtoa.o)
                0x0800c3d8                _dtoa_r
 .text.__sflush_r
                0x0800d2a4      0x124 e:/gnu/10 2021.10/bin/../lib/gcc/arm-none-eabi/10.3.1/../../../../arm-none-eabi/lib/thumb/v7-m/nofp\libg.a(lib_a-fflush.o)
                0x0800d2a4                __sflush_r
 .text._fflush_r
                0x0800d3c8       0x5c e:/gnu/10 2021.10/bin/../lib/gcc/arm-none-eabi/10.3.1/../../../../arm-none-eabi/lib/thumb/v7-m/nofp\libg.a(lib_a-fflush.o)
                0x0800d3c8                _fflush_r
 .text._cleanup_r
                0x0800d424        0xc e:/gnu/10 2021.10/bin/../lib/gcc/arm-none-eabi/10.3.1/../../../../arm-none-eabi/lib/thumb/v7-m/nofp\libg.a(lib_a-findfp.o)
                0x0800d424                _cleanup_r
 .text.__sinit  0x0800d430      0x10c e:/gnu/10 2021.10/bin/../lib/gcc/arm-none-eabi/10.3.1/../../../../arm-none-eabi/lib/thumb/v7-m/nofp\libg.a(lib_a-findfp.o)
                0x0800d430                __sinit
 .text.__sfp_lock_acquire
                0x0800d53c        0xc e:/gnu/10 2021.10/bin/../lib/gcc/arm-none-eabi/10.3.1/../../../../arm-none-eabi/lib/thumb/v7-m/nofp\libg.a(lib_a-findfp.o)
                0x0800d53c                __sfp_lock_acquire
 .text.__sfp_lock_release
                0x0800d548        0xc e:/gnu/10 2021.10/bin/../lib/gcc/arm-none-eabi/10.3.1/../../../../arm-none-eabi/lib/thumb/v7-m/nofp\libg.a(lib_a-findfp.o)
                0x0800d548                __sfp_lock_release
 .text.__libc_fini_array
                0x0800d554       0x2c e:/gnu/10 2021.10/bin/../lib/gcc/arm-none-eabi/10.3.1/../../../../arm-none-eabi/lib/thumb/v7-m/nofp\libg.a(lib_a-fini.o)
                0x0800d554                __libc_fini_array
 .text._malloc_trim_r
                0x0800d580       0xa0 e:/gnu/10 2021.10/bin/../lib/gcc/arm-none-eabi/10.3.1/../../../../arm-none-eabi/lib/thumb/v7-m/nofp\libg.a(lib_a-freer.o)
                0x0800d580                _malloc_trim_r
 .text._free_r  0x0800d620      0x200 e:/gnu/10 2021.10/bin/../lib/gcc/arm-none-eabi/10.3.1/../../../../arm-none-eabi/lib/thumb/v7-m/nofp\libg.a(lib_a-freer.o)
                0x0800d620                _free_r
 .text._fwalk_reent
                0x0800d820       0x48 e:/gnu/10 2021.10/bin/../lib/gcc/arm-none-eabi/10.3.1/../../../../arm-none-eabi/lib/thumb/v7-m/nofp\libg.a(lib_a-fwalk.o)
                0x0800d820                _fwalk_reent
 .text._localeconv_r
                0x0800d868        0x8 e:/gnu/10 2021.10/bin/../lib/gcc/arm-none-eabi/10.3.1/../../../../arm-none-eabi/lib/thumb/v7-m/nofp\libg.a(lib_a-localeconv.o)
                0x0800d868                _localeconv_r
 .text.__retarget_lock_init_recursive
                0x0800d870        0x4 e:/gnu/10 2021.10/bin/../lib/gcc/arm-none-eabi/10.3.1/../../../../arm-none-eabi/lib/thumb/v7-m/nofp\libg.a(lib_a-lock.o)
                0x0800d870                __retarget_lock_init_recursive
 .text.__retarget_lock_close_recursive
                0x0800d874        0x4 e:/gnu/10 2021.10/bin/../lib/gcc/arm-none-eabi/10.3.1/../../../../arm-none-eabi/lib/thumb/v7-m/nofp\libg.a(lib_a-lock.o)
                0x0800d874                __retarget_lock_close_recursive
 .text.__retarget_lock_acquire_recursive
                0x0800d878        0x4 e:/gnu/10 2021.10/bin/../lib/gcc/arm-none-eabi/10.3.1/../../../../arm-none-eabi/lib/thumb/v7-m/nofp\libg.a(lib_a-lock.o)
                0x0800d878                __retarget_lock_acquire_recursive
 .text.__retarget_lock_release_recursive
                0x0800d87c        0x4 e:/gnu/10 2021.10/bin/../lib/gcc/arm-none-eabi/10.3.1/../../../../arm-none-eabi/lib/thumb/v7-m/nofp\libg.a(lib_a-lock.o)
                0x0800d87c                __retarget_lock_release_recursive
 .text.__smakebuf_r
                0x0800d880       0xe0 e:/gnu/10 2021.10/bin/../lib/gcc/arm-none-eabi/10.3.1/../../../../arm-none-eabi/lib/thumb/v7-m/nofp\libg.a(lib_a-makebuf.o)
                0x0800d880                __smakebuf_r
 .text._malloc_r
                0x0800d960      0x558 e:/gnu/10 2021.10/bin/../lib/gcc/arm-none-eabi/10.3.1/../../../../arm-none-eabi/lib/thumb/v7-m/nofp\libg.a(lib_a-mallocr.o)
                0x0800d960                _malloc_r
 .text.memchr   0x0800deb8       0x90 e:/gnu/10 2021.10/bin/../lib/gcc/arm-none-eabi/10.3.1/../../../../arm-none-eabi/lib/thumb/v7-m/nofp\libg.a(lib_a-memchr-stub.o)
                0x0800deb8                memchr
 .text.__malloc_lock
                0x0800df48        0xc e:/gnu/10 2021.10/bin/../lib/gcc/arm-none-eabi/10.3.1/../../../../arm-none-eabi/lib/thumb/v7-m/nofp\libg.a(lib_a-mlock.o)
                0x0800df48                __malloc_lock
 .text.__malloc_unlock
                0x0800df54        0xc e:/gnu/10 2021.10/bin/../lib/gcc/arm-none-eabi/10.3.1/../../../../arm-none-eabi/lib/thumb/v7-m/nofp\libg.a(lib_a-mlock.o)
                0x0800df54                __malloc_unlock
 .text._Balloc  0x0800df60       0x4c e:/gnu/10 2021.10/bin/../lib/gcc/arm-none-eabi/10.3.1/../../../../arm-none-eabi/lib/thumb/v7-m/nofp\libg.a(lib_a-mprec.o)
                0x0800df60                _Balloc
 .text._Bfree   0x0800dfac       0x14 e:/gnu/10 2021.10/bin/../lib/gcc/arm-none-eabi/10.3.1/../../../../arm-none-eabi/lib/thumb/v7-m/nofp\libg.a(lib_a-mprec.o)
                0x0800dfac                _Bfree
 .text.__multadd
                0x0800dfc0       0xa4 e:/gnu/10 2021.10/bin/../lib/gcc/arm-none-eabi/10.3.1/../../../../arm-none-eabi/lib/thumb/v7-m/nofp\libg.a(lib_a-mprec.o)
                0x0800dfc0                __multadd
 .text.__hi0bits
                0x0800e064       0x40 e:/gnu/10 2021.10/bin/../lib/gcc/arm-none-eabi/10.3.1/../../../../arm-none-eabi/lib/thumb/v7-m/nofp\libg.a(lib_a-mprec.o)
                0x0800e064                __hi0bits
 .text.__lo0bits
                0x0800e0a4       0x58 e:/gnu/10 2021.10/bin/../lib/gcc/arm-none-eabi/10.3.1/../../../../arm-none-eabi/lib/thumb/v7-m/nofp\libg.a(lib_a-mprec.o)
                0x0800e0a4                __lo0bits
 .text.__i2b    0x0800e0fc       0x5c e:/gnu/10 2021.10/bin/../lib/gcc/arm-none-eabi/10.3.1/../../../../arm-none-eabi/lib/thumb/v7-m/nofp\libg.a(lib_a-mprec.o)
                0x0800e0fc                __i2b
 .text.__multiply
                0x0800e158      0x15c e:/gnu/10 2021.10/bin/../lib/gcc/arm-none-eabi/10.3.1/../../../../arm-none-eabi/lib/thumb/v7-m/nofp\libg.a(lib_a-mprec.o)
                0x0800e158                __multiply
 .text.__pow5mult
                0x0800e2b4       0xb8 e:/gnu/10 2021.10/bin/../lib/gcc/arm-none-eabi/10.3.1/../../../../arm-none-eabi/lib/thumb/v7-m/nofp\libg.a(lib_a-mprec.o)
                0x0800e2b4                __pow5mult
 .text.__lshift
                0x0800e36c       0xec e:/gnu/10 2021.10/bin/../lib/gcc/arm-none-eabi/10.3.1/../../../../arm-none-eabi/lib/thumb/v7-m/nofp\libg.a(lib_a-mprec.o)
                0x0800e36c                __lshift
 .text.__mcmp   0x0800e458       0x40 e:/gnu/10 2021.10/bin/../lib/gcc/arm-none-eabi/10.3.1/../../../../arm-none-eabi/lib/thumb/v7-m/nofp\libg.a(lib_a-mprec.o)
                0x0800e458                __mcmp
 .text.__mdiff  0x0800e498      0x14c e:/gnu/10 2021.10/bin/../lib/gcc/arm-none-eabi/10.3.1/../../../../arm-none-eabi/lib/thumb/v7-m/nofp\libg.a(lib_a-mprec.o)
                0x0800e498                __mdiff
 .text.__d2b    0x0800e5e4       0xc4 e:/gnu/10 2021.10/bin/../lib/gcc/arm-none-eabi/10.3.1/../../../../arm-none-eabi/lib/thumb/v7-m/nofp\libg.a(lib_a-mprec.o)
                0x0800e5e4                __d2b
 .text.frexp    0x0800e6a8       0x70 e:/gnu/10 2021.10/bin/../lib/gcc/arm-none-eabi/10.3.1/../../../../arm-none-eabi/lib/thumb/v7-m/nofp\libg.a(lib_a-s_frexp.o)
                0x0800e6a8                frexp
 .text._sbrk_r  0x0800e718       0x24 e:/gnu/10 2021.10/bin/../lib/gcc/arm-none-eabi/10.3.1/../../../../arm-none-eabi/lib/thumb/v7-m/nofp\libg.a(lib_a-sbrkr.o)
                0x0800e718                _sbrk_r
 .text.__sread  0x0800e73c       0x24 e:/gnu/10 2021.10/bin/../lib/gcc/arm-none-eabi/10.3.1/../../../../arm-none-eabi/lib/thumb/v7-m/nofp\libg.a(lib_a-stdio.o)
                0x0800e73c                __sread
 .text.__swrite
                0x0800e760       0x40 e:/gnu/10 2021.10/bin/../lib/gcc/arm-none-eabi/10.3.1/../../../../arm-none-eabi/lib/thumb/v7-m/nofp\libg.a(lib_a-stdio.o)
                0x0800e760                __swrite
 .text.__sseek  0x0800e7a0       0x20 e:/gnu/10 2021.10/bin/../lib/gcc/arm-none-eabi/10.3.1/../../../../arm-none-eabi/lib/thumb/v7-m/nofp\libg.a(lib_a-stdio.o)
                0x0800e7a0                __sseek
 .text.__sclose
                0x0800e7c0        0x8 e:/gnu/10 2021.10/bin/../lib/gcc/arm-none-eabi/10.3.1/../../../../arm-none-eabi/lib/thumb/v7-m/nofp\libg.a(lib_a-stdio.o)
                0x0800e7c0                __sclose
 .text.strncpy  0x0800e7c8       0x68 e:/gnu/10 2021.10/bin/../lib/gcc/arm-none-eabi/10.3.1/../../../../arm-none-eabi/lib/thumb/v7-m/nofp\libg.a(lib_a-strncpy.o)
                0x0800e7c8                strncpy
 .text.__ssprint_r
                0x0800e830       0xfc e:/gnu/10 2021.10/bin/../lib/gcc/arm-none-eabi/10.3.1/../../../../arm-none-eabi/lib/thumb/v7-m/nofp\libg.a(lib_a-svfiprintf.o)
                0x0800e830                __ssprint_r
 .text.__sprint_r.part.0
                0x0800e92c       0x78 e:/gnu/10 2021.10/bin/../lib/gcc/arm-none-eabi/10.3.1/../../../../arm-none-eabi/lib/thumb/v7-m/nofp\libg.a(lib_a-vfiprintf.o)
 .text.__sprint_r
                0x0800e9a4       0x14 e:/gnu/10 2021.10/bin/../lib/gcc/arm-none-eabi/10.3.1/../../../../arm-none-eabi/lib/thumb/v7-m/nofp\libg.a(lib_a-vfiprintf.o)
                0x0800e9a4                __sprint_r
 .text._vfiprintf_r
                0x0800e9b8      0xd98 e:/gnu/10 2021.10/bin/../lib/gcc/arm-none-eabi/10.3.1/../../../../arm-none-eabi/lib/thumb/v7-m/nofp\libg.a(lib_a-vfiprintf.o)
                0x0800e9b8                _vfiprintf_r
 .text.__sbprintf
                0x0800f750       0x84 e:/gnu/10 2021.10/bin/../lib/gcc/arm-none-eabi/10.3.1/../../../../arm-none-eabi/lib/thumb/v7-m/nofp\libg.a(lib_a-vfiprintf.o)
 .text._write_r
                0x0800f7d4       0x2c e:/gnu/10 2021.10/bin/../lib/gcc/arm-none-eabi/10.3.1/../../../../arm-none-eabi/lib/thumb/v7-m/nofp\libg.a(lib_a-writer.o)
                0x0800f7d4                _write_r
 .text.__register_exitproc
                0x0800f800       0x8c e:/gnu/10 2021.10/bin/../lib/gcc/arm-none-eabi/10.3.1/../../../../arm-none-eabi/lib/thumb/v7-m/nofp\libg.a(lib_a-__atexit.o)
                0x0800f800                __register_exitproc
 .text.__assert_func
                0x0800f88c       0x40 e:/gnu/10 2021.10/bin/../lib/gcc/arm-none-eabi/10.3.1/../../../../arm-none-eabi/lib/thumb/v7-m/nofp\libg.a(lib_a-assert.o)
                0x0800f88c                __assert_func
 .text._calloc_r
                0x0800f8cc       0x78 e:/gnu/10 2021.10/bin/../lib/gcc/arm-none-eabi/10.3.1/../../../../arm-none-eabi/lib/thumb/v7-m/nofp\libg.a(lib_a-callocr.o)
                0x0800f8cc                _calloc_r
 .text._close_r
                0x0800f944       0x24 e:/gnu/10 2021.10/bin/../lib/gcc/arm-none-eabi/10.3.1/../../../../arm-none-eabi/lib/thumb/v7-m/nofp\libg.a(lib_a-closer.o)
                0x0800f944                _close_r
 .text._fclose_r
                0x0800f968       0xcc e:/gnu/10 2021.10/bin/../lib/gcc/arm-none-eabi/10.3.1/../../../../arm-none-eabi/lib/thumb/v7-m/nofp\libg.a(lib_a-fclose.o)
                0x0800f968                _fclose_r
 .text.fiprintf
                0x0800fa34       0x28 e:/gnu/10 2021.10/bin/../lib/gcc/arm-none-eabi/10.3.1/../../../../arm-none-eabi/lib/thumb/v7-m/nofp\libg.a(lib_a-fiprintf.o)
                0x0800fa34                fiprintf
 .text.__fputwc
                0x0800fa5c       0xa0 e:/gnu/10 2021.10/bin/../lib/gcc/arm-none-eabi/10.3.1/../../../../arm-none-eabi/lib/thumb/v7-m/nofp\libg.a(lib_a-fputwc.o)
                0x0800fa5c                __fputwc
 .text._fputwc_r
                0x0800fafc       0x68 e:/gnu/10 2021.10/bin/../lib/gcc/arm-none-eabi/10.3.1/../../../../arm-none-eabi/lib/thumb/v7-m/nofp\libg.a(lib_a-fputwc.o)
                0x0800fafc                _fputwc_r
 .text._fstat_r
                0x0800fb64       0x28 e:/gnu/10 2021.10/bin/../lib/gcc/arm-none-eabi/10.3.1/../../../../arm-none-eabi/lib/thumb/v7-m/nofp\libg.a(lib_a-fstatr.o)
                0x0800fb64                _fstat_r
 .text.__sfvwrite_r
                0x0800fb8c      0x2f0 e:/gnu/10 2021.10/bin/../lib/gcc/arm-none-eabi/10.3.1/../../../../arm-none-eabi/lib/thumb/v7-m/nofp\libg.a(lib_a-fvwrite.o)
                0x0800fb8c                __sfvwrite_r
 .text._isatty_r
                0x0800fe7c       0x24 e:/gnu/10 2021.10/bin/../lib/gcc/arm-none-eabi/10.3.1/../../../../arm-none-eabi/lib/thumb/v7-m/nofp\libg.a(lib_a-isattyr.o)
                0x0800fe7c                _isatty_r
 .text.__locale_mb_cur_max
                0x0800fea0        0xc e:/gnu/10 2021.10/bin/../lib/gcc/arm-none-eabi/10.3.1/../../../../arm-none-eabi/lib/thumb/v7-m/nofp\libg.a(lib_a-locale.o)
                0x0800fea0                __locale_mb_cur_max
 .text._lseek_r
                0x0800feac       0x2c e:/gnu/10 2021.10/bin/../lib/gcc/arm-none-eabi/10.3.1/../../../../arm-none-eabi/lib/thumb/v7-m/nofp\libg.a(lib_a-lseekr.o)
                0x0800feac                _lseek_r
 .text.__ascii_mbtowc
                0x0800fed8       0x2c e:/gnu/10 2021.10/bin/../lib/gcc/arm-none-eabi/10.3.1/../../../../arm-none-eabi/lib/thumb/v7-m/nofp\libg.a(lib_a-mbtowc_r.o)
                0x0800fed8                __ascii_mbtowc
 .text.memmove  0x0800ff04       0xf8 e:/gnu/10 2021.10/bin/../lib/gcc/arm-none-eabi/10.3.1/../../../../arm-none-eabi/lib/thumb/v7-m/nofp\libg.a(lib_a-memmove.o)
                0x0800ff04                memmove
 .text._read_r  0x0800fffc       0x2c e:/gnu/10 2021.10/bin/../lib/gcc/arm-none-eabi/10.3.1/../../../../arm-none-eabi/lib/thumb/v7-m/nofp\libg.a(lib_a-readr.o)
                0x0800fffc                _read_r
 .text._realloc_r
                0x08010028      0x3dc e:/gnu/10 2021.10/bin/../lib/gcc/arm-none-eabi/10.3.1/../../../../arm-none-eabi/lib/thumb/v7-m/nofp\libg.a(lib_a-reallocr.o)
                0x08010028                _realloc_r
 .text.__swbuf_r
                0x08010404       0xb0 e:/gnu/10 2021.10/bin/../lib/gcc/arm-none-eabi/10.3.1/../../../../arm-none-eabi/lib/thumb/v7-m/nofp\libg.a(lib_a-wbuf.o)
                0x08010404                __swbuf_r
 .text._wcrtomb_r
                0x080104b4       0x3c e:/gnu/10 2021.10/bin/../lib/gcc/arm-none-eabi/10.3.1/../../../../arm-none-eabi/lib/thumb/v7-m/nofp\libg.a(lib_a-wcrtomb.o)
                0x080104b4                _wcrtomb_r
 .text.__ascii_wctomb
                0x080104f0       0x1c e:/gnu/10 2021.10/bin/../lib/gcc/arm-none-eabi/10.3.1/../../../../arm-none-eabi/lib/thumb/v7-m/nofp\libg.a(lib_a-wctomb_r.o)
                0x080104f0                __ascii_wctomb
 .text.abort    0x0801050c       0x10 e:/gnu/10 2021.10/bin/../lib/gcc/arm-none-eabi/10.3.1/../../../../arm-none-eabi/lib/thumb/v7-m/nofp\libg.a(lib_a-abort.o)
                0x0801050c                abort
 .text.raise    0x0801051c       0x5c e:/gnu/10 2021.10/bin/../lib/gcc/arm-none-eabi/10.3.1/../../../../arm-none-eabi/lib/thumb/v7-m/nofp\libg.a(lib_a-signal.o)
                0x0801051c                raise
 .text._kill_r  0x08010578       0x28 e:/gnu/10 2021.10/bin/../lib/gcc/arm-none-eabi/10.3.1/../../../../arm-none-eabi/lib/thumb/v7-m/nofp\libg.a(lib_a-signalr.o)
                0x08010578                _kill_r
 .text._getpid_r
                0x080105a0        0x4 e:/gnu/10 2021.10/bin/../lib/gcc/arm-none-eabi/10.3.1/../../../../arm-none-eabi/lib/thumb/v7-m/nofp\libg.a(lib_a-signalr.o)
                0x080105a0                _getpid_r
 *(.glue_7)
 .glue_7        0x080105a4        0x0 linker stubs
 *(.glue_7t)
 .glue_7t       0x080105a4        0x0 linker stubs
 *(.eh_frame)
 .eh_frame      0x080105a4        0x0 e:/gnu/10 2021.10/bin/../lib/gcc/arm-none-eabi/10.3.1/thumb/v7-m/nofp/crtbegin.o
 *(.init)
 .init          0x080105a4        0x4 e:/gnu/10 2021.10/bin/../lib/gcc/arm-none-eabi/10.3.1/thumb/v7-m/nofp/crti.o
                0x080105a4                _init
 .init          0x080105a8        0x8 e:/gnu/10 2021.10/bin/../lib/gcc/arm-none-eabi/10.3.1/thumb/v7-m/nofp/crtn.o
 *(.fini)
 .fini          0x080105b0        0x4 e:/gnu/10 2021.10/bin/../lib/gcc/arm-none-eabi/10.3.1/thumb/v7-m/nofp/crti.o
                0x080105b0                _fini
 .fini          0x080105b4        0x8 e:/gnu/10 2021.10/bin/../lib/gcc/arm-none-eabi/10.3.1/thumb/v7-m/nofp/crtn.o
                0x080105bc                . = ALIGN (0x4)
                0x080105bc                _etext = .

.vfp11_veneer   0x080105bc        0x0
 .vfp11_veneer  0x080105bc        0x0 linker stubs

.v4_bx          0x080105bc        0x0
 .v4_bx         0x080105bc        0x0 linker stubs

.iplt           0x080105bc        0x0
 .iplt          0x080105bc        0x0 e:/gnu/10 2021.10/bin/../lib/gcc/arm-none-eabi/10.3.1/thumb/v7-m/nofp/crtbegin.o

.rodata         0x080105c0     0x3590
                0x080105c0                . = ALIGN (0x4)
 *(.rodata)
 .rodata        0x080105c0       0x54 CMakeFiles/FreeRTOS_clion_model.elf.dir/Core/Src/freertos.c.obj
 *(.rodata*)
 .rodata.str1.4
                0x08010614       0x24 CMakeFiles/FreeRTOS_clion_model.elf.dir/Core/Src/freertos.c.obj
 .rodata.ft5206_init.str1.4
                0x08010638        0xc CMakeFiles/FreeRTOS_clion_model.elf.dir/Core/Src/ft5206.c.obj
 .rodata.FT5206_TPX_TBL
                0x08010644        0xa CMakeFiles/FreeRTOS_clion_model.elf.dir/Core/Src/ft5206.c.obj
                0x08010644                FT5206_TPX_TBL
 *fill*         0x0801064e        0x2 
 .rodata.gt9xxx_init.str1.4
                0x08010650       0x11 CMakeFiles/FreeRTOS_clion_model.elf.dir/Core/Src/gt9xxx.c.obj
 *fill*         0x08010661        0x3 
 .rodata.GT9XXX_TPX_TBL
                0x08010664       0x14 CMakeFiles/FreeRTOS_clion_model.elf.dir/Core/Src/gt9xxx.c.obj
                0x08010664                GT9XXX_TPX_TBL
 .rodata.lcd_init.str1.4
                0x08010678        0xc CMakeFiles/FreeRTOS_clion_model.elf.dir/Core/Src/lcd.c.obj
 .rodata.asc2_1206
                0x08010684      0x474 CMakeFiles/FreeRTOS_clion_model.elf.dir/Core/Src/lcd.c.obj
                0x08010684                asc2_1206
 .rodata.asc2_1608
                0x08010af8      0x5f0 CMakeFiles/FreeRTOS_clion_model.elf.dir/Core/Src/lcd.c.obj
                0x08010af8                asc2_1608
 .rodata.asc2_2412
                0x080110e8      0xd5c CMakeFiles/FreeRTOS_clion_model.elf.dir/Core/Src/lcd.c.obj
                0x080110e8                asc2_2412
 .rodata.asc2_3216
                0x08011e44     0x17c0 CMakeFiles/FreeRTOS_clion_model.elf.dir/Core/Src/lcd.c.obj
                0x08011e44                asc2_3216
 .rodata.main.str1.4
                0x08013604       0x39 CMakeFiles/FreeRTOS_clion_model.elf.dir/Core/Src/main.c.obj
 *fill*         0x0801363d        0x3 
 .rodata.AHBPrescTable
                0x08013640       0x10 CMakeFiles/FreeRTOS_clion_model.elf.dir/Core/Src/system_stm32f1xx.c.obj
                0x08013640                AHBPrescTable
 .rodata.APBPrescTable
                0x08013650        0x8 CMakeFiles/FreeRTOS_clion_model.elf.dir/Core/Src/system_stm32f1xx.c.obj
                0x08013650                APBPrescTable
 .rodata.tp_adjust_info_show.str1.4
                0x08013658       0x25 CMakeFiles/FreeRTOS_clion_model.elf.dir/Core/Src/touch.c.obj
 *fill*         0x0801367d        0x3 
 .rodata.tp_adjust.str1.4
                0x08013680       0x94 CMakeFiles/FreeRTOS_clion_model.elf.dir/Core/Src/touch.c.obj
 .rodata.HAL_RCC_GetSysClockFreq.str1.4
                0x08013714       0x11 CMakeFiles/FreeRTOS_clion_model.elf.dir/Drivers/STM32F1xx_HAL_Driver/Src/stm32f1xx_hal_rcc.c.obj
 *fill*         0x08013725        0x3 
 .rodata.vTaskStartScheduler.str1.4
                0x08013728        0x5 CMakeFiles/FreeRTOS_clion_model.elf.dir/Middlewares/Third_Party/FreeRTOS/Source/tasks.c.obj
 *fill*         0x0801372d        0x3 
 .rodata._global_impure_ptr
                0x08013730        0x4 e:/gnu/10 2021.10/bin/../lib/gcc/arm-none-eabi/10.3.1/../../../../arm-none-eabi/lib/thumb/v7-m/nofp\libg.a(lib_a-impure.o)
                0x08013730                _global_impure_ptr
 .rodata._svfprintf_r.str1.4
                0x08013734       0x42 e:/gnu/10 2021.10/bin/../lib/gcc/arm-none-eabi/10.3.1/../../../../arm-none-eabi/lib/thumb/v7-m/nofp\libg.a(lib_a-svfprintf.o)
 *fill*         0x08013776        0x2 
 .rodata.blanks.1
                0x08013778       0x10 e:/gnu/10 2021.10/bin/../lib/gcc/arm-none-eabi/10.3.1/../../../../arm-none-eabi/lib/thumb/v7-m/nofp\libg.a(lib_a-svfprintf.o)
 .rodata.zeroes.0
                0x08013788       0x10 e:/gnu/10 2021.10/bin/../lib/gcc/arm-none-eabi/10.3.1/../../../../arm-none-eabi/lib/thumb/v7-m/nofp\libg.a(lib_a-svfprintf.o)
 .rodata._vfprintf_r.str1.4
                0x08013798       0x42 e:/gnu/10 2021.10/bin/../lib/gcc/arm-none-eabi/10.3.1/../../../../arm-none-eabi/lib/thumb/v7-m/nofp\libg.a(lib_a-vfprintf.o)
 .rodata.blanks.1
                0x08013798       0x10 e:/gnu/10 2021.10/bin/../lib/gcc/arm-none-eabi/10.3.1/../../../../arm-none-eabi/lib/thumb/v7-m/nofp\libg.a(lib_a-vfprintf.o)
 .rodata.zeroes.0
                0x080137a8       0x10 e:/gnu/10 2021.10/bin/../lib/gcc/arm-none-eabi/10.3.1/../../../../arm-none-eabi/lib/thumb/v7-m/nofp\libg.a(lib_a-vfprintf.o)
 .rodata._dtoa_r.str1.4
                0x080137b8       0xa2 e:/gnu/10 2021.10/bin/../lib/gcc/arm-none-eabi/10.3.1/../../../../arm-none-eabi/lib/thumb/v7-m/nofp\libg.a(lib_a-dtoa.o)
                                 0xa6 (size before relaxing)
 *fill*         0x0801385a        0x2 
 .rodata.__multadd.str1.4
                0x0801385c       0x7f e:/gnu/10 2021.10/bin/../lib/gcc/arm-none-eabi/10.3.1/../../../../arm-none-eabi/lib/thumb/v7-m/nofp\libg.a(lib_a-mprec.o)
                                 0x93 (size before relaxing)
 *fill*         0x080138db        0x5 
 .rodata.__mprec_bigtens
                0x080138e0       0x28 e:/gnu/10 2021.10/bin/../lib/gcc/arm-none-eabi/10.3.1/../../../../arm-none-eabi/lib/thumb/v7-m/nofp\libg.a(lib_a-mprec.o)
                0x080138e0                __mprec_bigtens
 .rodata.__mprec_tens
                0x08013908       0xc8 e:/gnu/10 2021.10/bin/../lib/gcc/arm-none-eabi/10.3.1/../../../../arm-none-eabi/lib/thumb/v7-m/nofp\libg.a(lib_a-mprec.o)
                0x08013908                __mprec_tens
 .rodata.p05.0  0x080139d0        0xc e:/gnu/10 2021.10/bin/../lib/gcc/arm-none-eabi/10.3.1/../../../../arm-none-eabi/lib/thumb/v7-m/nofp\libg.a(lib_a-mprec.o)
 .rodata._vfiprintf_r.str1.4
                0x080139dc       0x2f e:/gnu/10 2021.10/bin/../lib/gcc/arm-none-eabi/10.3.1/../../../../arm-none-eabi/lib/thumb/v7-m/nofp\libg.a(lib_a-vfiprintf.o)
 .rodata.blanks.1
                0x080139dc       0x10 e:/gnu/10 2021.10/bin/../lib/gcc/arm-none-eabi/10.3.1/../../../../arm-none-eabi/lib/thumb/v7-m/nofp\libg.a(lib_a-vfiprintf.o)
 .rodata.zeroes.0
                0x080139ec       0x10 e:/gnu/10 2021.10/bin/../lib/gcc/arm-none-eabi/10.3.1/../../../../arm-none-eabi/lib/thumb/v7-m/nofp\libg.a(lib_a-vfiprintf.o)
 .rodata.__assert_func.str1.4
                0x080139fc       0x3f e:/gnu/10 2021.10/bin/../lib/gcc/arm-none-eabi/10.3.1/../../../../arm-none-eabi/lib/thumb/v7-m/nofp\libg.a(lib_a-assert.o)
                                 0x43 (size before relaxing)
 *fill*         0x08013a3b        0x1 
 .rodata._setlocale_r.str1.4
                0x08013a3c        0xa e:/gnu/10 2021.10/bin/../lib/gcc/arm-none-eabi/10.3.1/../../../../arm-none-eabi/lib/thumb/v7-m/nofp\libg.a(lib_a-locale.o)
                                  0xd (size before relaxing)
 *fill*         0x08013a46        0x2 
 .rodata.str1.4
                0x08013a48        0x2 e:/gnu/10 2021.10/bin/../lib/gcc/arm-none-eabi/10.3.1/../../../../arm-none-eabi/lib/thumb/v7-m/nofp\libg.a(lib_a-locale.o)
 *fill*         0x08013a4a        0x2 
 .rodata._ctype_
                0x08013a4c      0x101 e:/gnu/10 2021.10/bin/../lib/gcc/arm-none-eabi/10.3.1/../../../../arm-none-eabi/lib/thumb/v7-m/nofp\libg.a(lib_a-ctype_.o)
                0x08013a4c                _ctype_
                0x08013b50                . = ALIGN (0x4)
 *fill*         0x08013b4d        0x3 

.ARM.extab
 *(.ARM.extab* .gnu.linkonce.armextab.*)

.ARM            0x08013b50        0x8
                0x08013b50                __exidx_start = .
 *(.ARM.exidx*)
 .ARM.exidx     0x08013b50        0x8 e:/gnu/10 2021.10/bin/../lib/gcc/arm-none-eabi/10.3.1/thumb/v7-m/nofp\libgcc.a(_udivmoddi4.o)
                0x08013b58                __exidx_end = .

.rel.dyn        0x08013b58        0x0
 .rel.iplt      0x08013b58        0x0 e:/gnu/10 2021.10/bin/../lib/gcc/arm-none-eabi/10.3.1/thumb/v7-m/nofp/crtbegin.o

.preinit_array  0x08013b58        0x0
                0x08013b58                PROVIDE (__preinit_array_start = .)
 *(.preinit_array*)
                0x08013b58                PROVIDE (__preinit_array_end = .)

.init_array     0x08013b58        0x8
                0x08013b58                PROVIDE (__init_array_start = .)
 *(SORT_BY_NAME(.init_array.*))
 .init_array.00000
                0x08013b58        0x4 e:/gnu/10 2021.10/bin/../lib/gcc/arm-none-eabi/10.3.1/../../../../arm-none-eabi/lib/thumb/v7-m/nofp\libg.a(lib_a-__call_atexit.o)
 *(.init_array*)
 .init_array    0x08013b5c        0x4 e:/gnu/10 2021.10/bin/../lib/gcc/arm-none-eabi/10.3.1/thumb/v7-m/nofp/crtbegin.o
                0x08013b60                PROVIDE (__init_array_end = .)

.fini_array     0x08013b60        0x4
                0x08013b60                PROVIDE (__fini_array_start = .)
 *(SORT_BY_NAME(.fini_array.*))
 *(.fini_array*)
 .fini_array    0x08013b60        0x4 e:/gnu/10 2021.10/bin/../lib/gcc/arm-none-eabi/10.3.1/thumb/v7-m/nofp/crtbegin.o
                0x08013b64                PROVIDE (__fini_array_end = .)
                0x08013b64                _sidata = LOADADDR (.data)

.data           0x20000000      0xa10 load address 0x08013b64
                0x20000000                . = ALIGN (0x4)
                0x20000000                _sdata = .
 *(.data)
 *(.data*)
 .data.g_gt_tnum
                0x20000000        0x1 CMakeFiles/FreeRTOS_clion_model.elf.dir/Core/Src/gt9xxx.c.obj
                0x20000000                g_gt_tnum
 *fill*         0x20000001        0x3 
 .data.g_back_color
                0x20000004        0x4 CMakeFiles/FreeRTOS_clion_model.elf.dir/Core/Src/lcd.c.obj
                0x20000004                g_back_color
 .data.SystemCoreClock
                0x20000008        0x4 CMakeFiles/FreeRTOS_clion_model.elf.dir/Core/Src/system_stm32f1xx.c.obj
                0x20000008                SystemCoreClock
 .data.tp_dev   0x2000000c       0x48 CMakeFiles/FreeRTOS_clion_model.elf.dir/Core/Src/touch.c.obj
                0x2000000c                tp_dev
 .data.uwTickFreq
                0x20000054        0x1 CMakeFiles/FreeRTOS_clion_model.elf.dir/Drivers/STM32F1xx_HAL_Driver/Src/stm32f1xx_hal.c.obj
                0x20000054                uwTickFreq
 *fill*         0x20000055        0x3 
 .data.uwTickPrio
                0x20000058        0x4 CMakeFiles/FreeRTOS_clion_model.elf.dir/Drivers/STM32F1xx_HAL_Driver/Src/stm32f1xx_hal.c.obj
                0x20000058                uwTickPrio
 .data.uxCriticalNesting
                0x2000005c        0x4 CMakeFiles/FreeRTOS_clion_model.elf.dir/Middlewares/Third_Party/FreeRTOS/Source/portable/GCC/ARM_CM3/port.c.obj
 .data._impure_ptr
                0x20000060        0x4 e:/gnu/10 2021.10/bin/../lib/gcc/arm-none-eabi/10.3.1/../../../../arm-none-eabi/lib/thumb/v7-m/nofp\libg.a(lib_a-impure.o)
                0x20000060                _impure_ptr
 *fill*         0x20000064        0x4 
 .data.impure_data
                0x20000068      0x428 e:/gnu/10 2021.10/bin/../lib/gcc/arm-none-eabi/10.3.1/../../../../arm-none-eabi/lib/thumb/v7-m/nofp\libg.a(lib_a-impure.o)
 .data.__atexit_recursive_mutex
                0x20000490        0x4 e:/gnu/10 2021.10/bin/../lib/gcc/arm-none-eabi/10.3.1/../../../../arm-none-eabi/lib/thumb/v7-m/nofp\libg.a(lib_a-__call_atexit.o)
                0x20000490                __atexit_recursive_mutex
 .data.__malloc_av_
                0x20000494      0x408 e:/gnu/10 2021.10/bin/../lib/gcc/arm-none-eabi/10.3.1/../../../../arm-none-eabi/lib/thumb/v7-m/nofp\libg.a(lib_a-mallocr.o)
                0x20000494                __malloc_av_
 .data.__malloc_sbrk_base
                0x2000089c        0x4 e:/gnu/10 2021.10/bin/../lib/gcc/arm-none-eabi/10.3.1/../../../../arm-none-eabi/lib/thumb/v7-m/nofp\libg.a(lib_a-mallocr.o)
                0x2000089c                __malloc_sbrk_base
 .data.__malloc_trim_threshold
                0x200008a0        0x4 e:/gnu/10 2021.10/bin/../lib/gcc/arm-none-eabi/10.3.1/../../../../arm-none-eabi/lib/thumb/v7-m/nofp\libg.a(lib_a-mallocr.o)
                0x200008a0                __malloc_trim_threshold
 .data.__global_locale
                0x200008a4      0x16c e:/gnu/10 2021.10/bin/../lib/gcc/arm-none-eabi/10.3.1/../../../../arm-none-eabi/lib/thumb/v7-m/nofp\libg.a(lib_a-locale.o)
                0x200008a4                __global_locale
                0x20000a10                . = ALIGN (0x4)
                0x20000a10                _edata = .

.igot.plt       0x20000a10        0x0 load address 0x08014574
 .igot.plt      0x20000a10        0x0 e:/gnu/10 2021.10/bin/../lib/gcc/arm-none-eabi/10.3.1/thumb/v7-m/nofp/crtbegin.o
                0x20000a10                . = ALIGN (0x4)

.bss            0x20000a10     0x1224 load address 0x08014574
                0x20000a10                _sbss = .
                0x20000a10                __bss_start__ = _sbss
 *(.bss)
 .bss           0x20000a10       0x1c e:/gnu/10 2021.10/bin/../lib/gcc/arm-none-eabi/10.3.1/thumb/v7-m/nofp/crtbegin.o
 *(.bss*)
 .bss.PWMTim2TaskHandle
                0x20000a2c        0x4 CMakeFiles/FreeRTOS_clion_model.elf.dir/Core/Src/freertos.c.obj
                0x20000a2c                PWMTim2TaskHandle
 .bss.defaultTaskHandle
                0x20000a30        0x4 CMakeFiles/FreeRTOS_clion_model.elf.dir/Core/Src/freertos.c.obj
                0x20000a30                defaultTaskHandle
 .bss.lightTaskHandle
                0x20000a34        0x4 CMakeFiles/FreeRTOS_clion_model.elf.dir/Core/Src/freertos.c.obj
                0x20000a34                lightTaskHandle
 .bss.xIdleStack
                0x20000a38      0x200 CMakeFiles/FreeRTOS_clion_model.elf.dir/Core/Src/freertos.c.obj
 .bss.xIdleTaskTCBBuffer
                0x20000c38       0x54 CMakeFiles/FreeRTOS_clion_model.elf.dir/Core/Src/freertos.c.obj
 .bss.FSMC_Initialized
                0x20000c8c        0x4 CMakeFiles/FreeRTOS_clion_model.elf.dir/Core/Src/fsmc.c.obj
 .bss.hsram1    0x20000c90       0x48 CMakeFiles/FreeRTOS_clion_model.elf.dir/Core/Src/fsmc.c.obj
                0x20000c90                hsram1
 .bss.t.0       0x20000cd8        0x1 CMakeFiles/FreeRTOS_clion_model.elf.dir/Core/Src/ft5206.c.obj
 .bss.t.0       0x20000cd9        0x1 CMakeFiles/FreeRTOS_clion_model.elf.dir/Core/Src/gt9xxx.c.obj
 *fill*         0x20000cda        0x2 
 .bss.g_sram_handle
                0x20000cdc       0x48 CMakeFiles/FreeRTOS_clion_model.elf.dir/Core/Src/lcd.c.obj
                0x20000cdc                g_sram_handle
 .bss.lcddev    0x20000d24        0xe CMakeFiles/FreeRTOS_clion_model.elf.dir/Core/Src/lcd.c.obj
                0x20000d24                lcddev
 *fill*         0x20000d32        0x2 
 .bss.htim1     0x20000d34       0x48 CMakeFiles/FreeRTOS_clion_model.elf.dir/Core/Src/stm32f1xx_hal_timebase_tim.c.obj
                0x20000d34                htim1
 .bss.heap_end.0
                0x20000d7c        0x4 CMakeFiles/FreeRTOS_clion_model.elf.dir/Core/Src/syscalls.c.obj
 .bss.htim2     0x20000d80       0x48 CMakeFiles/FreeRTOS_clion_model.elf.dir/Core/Src/tim.c.obj
                0x20000d80                htim2
 .bss.htim3     0x20000dc8       0x48 CMakeFiles/FreeRTOS_clion_model.elf.dir/Core/Src/tim.c.obj
                0x20000dc8                htim3
 .bss.htim4     0x20000e10       0x48 CMakeFiles/FreeRTOS_clion_model.elf.dir/Core/Src/tim.c.obj
                0x20000e10                htim4
 .bss.huart1    0x20000e58       0x44 CMakeFiles/FreeRTOS_clion_model.elf.dir/Core/Src/usart.c.obj
                0x20000e58                huart1
 .bss.uwTick    0x20000e9c        0x4 CMakeFiles/FreeRTOS_clion_model.elf.dir/Drivers/STM32F1xx_HAL_Driver/Src/stm32f1xx_hal.c.obj
                0x20000e9c                uwTick
 .bss.ucMaxSysCallPriority
                0x20000ea0        0x1 CMakeFiles/FreeRTOS_clion_model.elf.dir/Middlewares/Third_Party/FreeRTOS/Source/portable/GCC/ARM_CM3/port.c.obj
 *fill*         0x20000ea1        0x3 
 .bss.ulMaxPRIGROUPValue
                0x20000ea4        0x4 CMakeFiles/FreeRTOS_clion_model.elf.dir/Middlewares/Third_Party/FreeRTOS/Source/portable/GCC/ARM_CM3/port.c.obj
 .bss.pxEnd     0x20000ea8        0x4 CMakeFiles/FreeRTOS_clion_model.elf.dir/Middlewares/Third_Party/FreeRTOS/Source/portable/MemMang/heap_4.c.obj
 .bss.ucHeap    0x20000eac      0xc00 CMakeFiles/FreeRTOS_clion_model.elf.dir/Middlewares/Third_Party/FreeRTOS/Source/portable/MemMang/heap_4.c.obj
 .bss.xBlockAllocatedBit
                0x20001aac        0x4 CMakeFiles/FreeRTOS_clion_model.elf.dir/Middlewares/Third_Party/FreeRTOS/Source/portable/MemMang/heap_4.c.obj
 .bss.xFreeBytesRemaining
                0x20001ab0        0x4 CMakeFiles/FreeRTOS_clion_model.elf.dir/Middlewares/Third_Party/FreeRTOS/Source/portable/MemMang/heap_4.c.obj
 .bss.xMinimumEverFreeBytesRemaining
                0x20001ab4        0x4 CMakeFiles/FreeRTOS_clion_model.elf.dir/Middlewares/Third_Party/FreeRTOS/Source/portable/MemMang/heap_4.c.obj
 .bss.xStart    0x20001ab8        0x8 CMakeFiles/FreeRTOS_clion_model.elf.dir/Middlewares/Third_Party/FreeRTOS/Source/portable/MemMang/heap_4.c.obj
 .bss.pxCurrentTCB
                0x20001ac0        0x4 CMakeFiles/FreeRTOS_clion_model.elf.dir/Middlewares/Third_Party/FreeRTOS/Source/tasks.c.obj
                0x20001ac0                pxCurrentTCB
 .bss.pxDelayedTaskList
                0x20001ac4        0x4 CMakeFiles/FreeRTOS_clion_model.elf.dir/Middlewares/Third_Party/FreeRTOS/Source/tasks.c.obj
 .bss.pxOverflowDelayedTaskList
                0x20001ac8        0x4 CMakeFiles/FreeRTOS_clion_model.elf.dir/Middlewares/Third_Party/FreeRTOS/Source/tasks.c.obj
 .bss.pxReadyTasksLists
                0x20001acc       0x8c CMakeFiles/FreeRTOS_clion_model.elf.dir/Middlewares/Third_Party/FreeRTOS/Source/tasks.c.obj
 .bss.uxCurrentNumberOfTasks
                0x20001b58        0x4 CMakeFiles/FreeRTOS_clion_model.elf.dir/Middlewares/Third_Party/FreeRTOS/Source/tasks.c.obj
 .bss.uxDeletedTasksWaitingCleanUp
                0x20001b5c        0x4 CMakeFiles/FreeRTOS_clion_model.elf.dir/Middlewares/Third_Party/FreeRTOS/Source/tasks.c.obj
 .bss.uxPendedTicks
                0x20001b60        0x4 CMakeFiles/FreeRTOS_clion_model.elf.dir/Middlewares/Third_Party/FreeRTOS/Source/tasks.c.obj
 .bss.uxSchedulerSuspended
                0x20001b64        0x4 CMakeFiles/FreeRTOS_clion_model.elf.dir/Middlewares/Third_Party/FreeRTOS/Source/tasks.c.obj
 .bss.uxTaskNumber
                0x20001b68        0x4 CMakeFiles/FreeRTOS_clion_model.elf.dir/Middlewares/Third_Party/FreeRTOS/Source/tasks.c.obj
 .bss.uxTopReadyPriority
                0x20001b6c        0x4 CMakeFiles/FreeRTOS_clion_model.elf.dir/Middlewares/Third_Party/FreeRTOS/Source/tasks.c.obj
 .bss.xDelayedTaskList1
                0x20001b70       0x14 CMakeFiles/FreeRTOS_clion_model.elf.dir/Middlewares/Third_Party/FreeRTOS/Source/tasks.c.obj
 .bss.xDelayedTaskList2
                0x20001b84       0x14 CMakeFiles/FreeRTOS_clion_model.elf.dir/Middlewares/Third_Party/FreeRTOS/Source/tasks.c.obj
 .bss.xIdleTaskHandle
                0x20001b98        0x4 CMakeFiles/FreeRTOS_clion_model.elf.dir/Middlewares/Third_Party/FreeRTOS/Source/tasks.c.obj
 .bss.xNextTaskUnblockTime
                0x20001b9c        0x4 CMakeFiles/FreeRTOS_clion_model.elf.dir/Middlewares/Third_Party/FreeRTOS/Source/tasks.c.obj
 .bss.xNumOfOverflows
                0x20001ba0        0x4 CMakeFiles/FreeRTOS_clion_model.elf.dir/Middlewares/Third_Party/FreeRTOS/Source/tasks.c.obj
 .bss.xPendingReadyList
                0x20001ba4       0x14 CMakeFiles/FreeRTOS_clion_model.elf.dir/Middlewares/Third_Party/FreeRTOS/Source/tasks.c.obj
 .bss.xSchedulerRunning
                0x20001bb8        0x4 CMakeFiles/FreeRTOS_clion_model.elf.dir/Middlewares/Third_Party/FreeRTOS/Source/tasks.c.obj
 .bss.xSuspendedTaskList
                0x20001bbc       0x14 CMakeFiles/FreeRTOS_clion_model.elf.dir/Middlewares/Third_Party/FreeRTOS/Source/tasks.c.obj
 .bss.xTasksWaitingTermination
                0x20001bd0       0x14 CMakeFiles/FreeRTOS_clion_model.elf.dir/Middlewares/Third_Party/FreeRTOS/Source/tasks.c.obj
 .bss.xTickCount
                0x20001be4        0x4 CMakeFiles/FreeRTOS_clion_model.elf.dir/Middlewares/Third_Party/FreeRTOS/Source/tasks.c.obj
 .bss.xYieldPending
                0x20001be8        0x4 CMakeFiles/FreeRTOS_clion_model.elf.dir/Middlewares/Third_Party/FreeRTOS/Source/tasks.c.obj
 .bss.__lock___atexit_recursive_mutex
                0x20001bec        0x1 e:/gnu/10 2021.10/bin/../lib/gcc/arm-none-eabi/10.3.1/../../../../arm-none-eabi/lib/thumb/v7-m/nofp\libg.a(lib_a-lock.o)
                0x20001bec                __lock___atexit_recursive_mutex
 *fill*         0x20001bed        0x3 
 .bss.__lock___malloc_recursive_mutex
                0x20001bf0        0x1 e:/gnu/10 2021.10/bin/../lib/gcc/arm-none-eabi/10.3.1/../../../../arm-none-eabi/lib/thumb/v7-m/nofp\libg.a(lib_a-lock.o)
                0x20001bf0                __lock___malloc_recursive_mutex
 *fill*         0x20001bf1        0x3 
 .bss.__lock___sfp_recursive_mutex
                0x20001bf4        0x1 e:/gnu/10 2021.10/bin/../lib/gcc/arm-none-eabi/10.3.1/../../../../arm-none-eabi/lib/thumb/v7-m/nofp\libg.a(lib_a-lock.o)
                0x20001bf4                __lock___sfp_recursive_mutex
 *fill*         0x20001bf5        0x3 
 .bss.__lock___sinit_recursive_mutex
                0x20001bf8        0x1 e:/gnu/10 2021.10/bin/../lib/gcc/arm-none-eabi/10.3.1/../../../../arm-none-eabi/lib/thumb/v7-m/nofp\libg.a(lib_a-lock.o)
                0x20001bf8                __lock___sinit_recursive_mutex
 *fill*         0x20001bf9        0x3 
 .bss.__malloc_current_mallinfo
                0x20001bfc       0x28 e:/gnu/10 2021.10/bin/../lib/gcc/arm-none-eabi/10.3.1/../../../../arm-none-eabi/lib/thumb/v7-m/nofp\libg.a(lib_a-mallocr.o)
                0x20001bfc                __malloc_current_mallinfo
 .bss.__malloc_max_sbrked_mem
                0x20001c24        0x4 e:/gnu/10 2021.10/bin/../lib/gcc/arm-none-eabi/10.3.1/../../../../arm-none-eabi/lib/thumb/v7-m/nofp\libg.a(lib_a-mallocr.o)
                0x20001c24                __malloc_max_sbrked_mem
 .bss.__malloc_max_total_mem