Archive member included to satisfy reference by file (symbol)

e:/gnu/10 2021.10/bin/../lib/gcc/arm-none-eabi/10.3.1/thumb/v7-m/nofp\libgcc.a(_arm_muldf3.o)
                              CMakeFiles/FreeRTOS_clion_model.elf.dir/Core/Src/lcd.c.obj (__aeabi_dmul)
e:/gnu/10 2021.10/bin/../lib/gcc/arm-none-eabi/10.3.1/thumb/v7-m/nofp\libgcc.a(_arm_addsubdf3.o)
                              CMakeFiles/FreeRTOS_clion_model.elf.dir/Core/Src/lcd.c.obj (__aeabi_i2d)
e:/gnu/10 2021.10/bin/../lib/gcc/arm-none-eabi/10.3.1/thumb/v7-m/nofp\libgcc.a(_arm_muldivdf3.o)
                              CMakeFiles/FreeRTOS_clion_model.elf.dir/Core/Src/touch.c.obj (__aeabi_ddiv)
e:/gnu/10 2021.10/bin/../lib/gcc/arm-none-eabi/10.3.1/thumb/v7-m/nofp\libgcc.a(_arm_cmpdf2.o)
                              CMakeFiles/FreeRTOS_clion_model.elf.dir/Core/Src/touch.c.obj (__aeabi_dcmplt)
e:/gnu/10 2021.10/bin/../lib/gcc/arm-none-eabi/10.3.1/thumb/v7-m/nofp\libgcc.a(_arm_fixunsdfsi.o)
                              CMakeFiles/FreeRTOS_clion_model.elf.dir/Core/Src/lcd.c.obj (__aeabi_d2uiz)
e:/gnu/10 2021.10/bin/../lib/gcc/arm-none-eabi/10.3.1/thumb/v7-m/nofp\libgcc.a(_arm_addsubsf3.o)
                              CMakeFiles/FreeRTOS_clion_model.elf.dir/Core/Src/touch.c.obj (__aeabi_fadd)
e:/gnu/10 2021.10/bin/../lib/gcc/arm-none-eabi/10.3.1/thumb/v7-m/nofp\libgcc.a(_arm_muldivsf3.o)
                              CMakeFiles/FreeRTOS_clion_model.elf.dir/Core/Src/touch.c.obj (__aeabi_fdiv)
e:/gnu/10 2021.10/bin/../lib/gcc/arm-none-eabi/10.3.1/thumb/v7-m/nofp\libgcc.a(_arm_fixunssfsi.o)
                              CMakeFiles/FreeRTOS_clion_model.elf.dir/Core/Src/touch.c.obj (__aeabi_f2uiz)
e:/gnu/10 2021.10/bin/../lib/gcc/arm-none-eabi/10.3.1/../../../../arm-none-eabi/lib/thumb/v7-m/nofp\libg.a(lib_a-errno.o)
                              CMakeFiles/FreeRTOS_clion_model.elf.dir/Core/Src/syscalls.c.obj (__errno)
e:/gnu/10 2021.10/bin/../lib/gcc/arm-none-eabi/10.3.1/../../../../arm-none-eabi/lib/thumb/v7-m/nofp\libg.a(lib_a-exit.o)
                              e:/gnu/10 2021.10/bin/../lib/gcc/arm-none-eabi/10.3.1/../../../../arm-none-eabi/lib/thumb/v7-m/nofp/crt0.o (exit)
e:/gnu/10 2021.10/bin/../lib/gcc/arm-none-eabi/10.3.1/../../../../arm-none-eabi/lib/thumb/v7-m/nofp\libg.a(lib_a-impure.o)
                              e:/gnu/10 2021.10/bin/../lib/gcc/arm-none-eabi/10.3.1/../../../../arm-none-eabi/lib/thumb/v7-m/nofp\libg.a(lib_a-exit.o) (_global_impure_ptr)
e:/gnu/10 2021.10/bin/../lib/gcc/arm-none-eabi/10.3.1/../../../../arm-none-eabi/lib/thumb/v7-m/nofp\libg.a(lib_a-init.o)
                              e:/gnu/10 2021.10/bin/../lib/gcc/arm-none-eabi/10.3.1/../../../../arm-none-eabi/lib/thumb/v7-m/nofp/crt0.o (__libc_init_array)
e:/gnu/10 2021.10/bin/../lib/gcc/arm-none-eabi/10.3.1/../../../../arm-none-eabi/lib/thumb/v7-m/nofp\libg.a(lib_a-memcpy.o)
                              CMakeFiles/FreeRTOS_clion_model.elf.dir/Middlewares/Third_Party/FreeRTOS/Source/queue.c.obj (memcpy)
e:/gnu/10 2021.10/bin/../lib/gcc/arm-none-eabi/10.3.1/../../../../arm-none-eabi/lib/thumb/v7-m/nofp\libg.a(lib_a-memset.o)
                              e:/gnu/10 2021.10/bin/../lib/gcc/arm-none-eabi/10.3.1/../../../../arm-none-eabi/lib/thumb/v7-m/nofp/crt0.o (memset)
e:/gnu/10 2021.10/bin/../lib/gcc/arm-none-eabi/10.3.1/../../../../arm-none-eabi/lib/thumb/v7-m/nofp\libg.a(lib_a-printf.o)
                              CMakeFiles/FreeRTOS_clion_model.elf.dir/Core/Src/gt9xxx.c.obj (printf)
e:/gnu/10 2021.10/bin/../lib/gcc/arm-none-eabi/10.3.1/../../../../arm-none-eabi/lib/thumb/v7-m/nofp\libg.a(lib_a-sprintf.o)
                              CMakeFiles/FreeRTOS_clion_model.elf.dir/Core/Src/touch.c.obj (sprintf)
e:/gnu/10 2021.10/bin/../lib/gcc/arm-none-eabi/10.3.1/../../../../arm-none-eabi/lib/thumb/v7-m/nofp\libg.a(lib_a-strcmp.o)
                              CMakeFiles/FreeRTOS_clion_model.elf.dir/Core/Src/gt9xxx.c.obj (strcmp)
e:/gnu/10 2021.10/bin/../lib/gcc/arm-none-eabi/10.3.1/../../../../arm-none-eabi/lib/thumb/v7-m/nofp\libg.a(lib_a-strlen-stub.o)
                              CMakeFiles/FreeRTOS_clion_model.elf.dir/Core/Src/usart.c.obj (strlen)
e:/gnu/10 2021.10/bin/../lib/gcc/arm-none-eabi/10.3.1/../../../../arm-none-eabi/lib/thumb/v7-m/nofp\libg.a(lib_a-svfprintf.o)
                              e:/gnu/10 2021.10/bin/../lib/gcc/arm-none-eabi/10.3.1/../../../../arm-none-eabi/lib/thumb/v7-m/nofp\libg.a(lib_a-sprintf.o) (_svfprintf_r)
e:/gnu/10 2021.10/bin/../lib/gcc/arm-none-eabi/10.3.1/../../../../arm-none-eabi/lib/thumb/v7-m/nofp\libg.a(lib_a-vfprintf.o)
                              e:/gnu/10 2021.10/bin/../lib/gcc/arm-none-eabi/10.3.1/../../../../arm-none-eabi/lib/thumb/v7-m/nofp\libg.a(lib_a-printf.o) (_vfprintf_r)
e:/gnu/10 2021.10/bin/../lib/gcc/arm-none-eabi/10.3.1/../../../../arm-none-eabi/lib/thumb/v7-m/nofp\libg.a(lib_a-vsprintf.o)
                              CMakeFiles/FreeRTOS_clion_model.elf.dir/Core/Src/usart.c.obj (vsprintf)
[...]
Memory Configuration

Name             Origin             Length             Attributes
RAM              0x20000000         0x00010000         xrw
FLASH            0x08000000         0x00080000         xr
*default*        0x00000000         0xffffffff

Linker script and memory map

LOAD e:/gnu/10 2021.10/bin/../lib/gcc/arm-none-eabi/10.3.1/thumb/v7-m/nofp/crti.o
LOAD e:/gnu/10 2021.10/bin/../lib/gcc/arm-none-eabi/10.3.1/thumb/v7-m/nofp/crtbegin.o
LOAD e:/gnu/10 2021.10/bin/../lib/gcc/arm-none-eabi/10.3.1/../../../../arm-none-eabi/lib/thumb/v7-m/nofp/crt0.o
LOAD CMakeFiles/FreeRTOS_clion_model.elf.dir/Core/Src/24cxx.c.obj
LOAD CMakeFiles/FreeRTOS_clion_model.elf.dir/Core/Src/ctiic.c.obj
LOAD CMakeFiles/FreeRTOS_clion_model.elf.dir/Core/Src/freertos.c.obj
LOAD CMakeFiles/FreeRTOS_clion_model.elf.dir/Core/Src/fsmc.c.obj
LOAD CMakeFiles/FreeRTOS_clion_model.elf.dir/Core/Src/ft5206.c.obj
LOAD CMakeFiles/FreeRTOS_clion_model.elf.dir/Core/Src/gpio.c.obj
LOAD CMakeFiles/FreeRTOS_clion_model.elf.dir/Core/Src/gt9xxx.c.obj
LOAD CMakeFiles/FreeRTOS_clion_model.elf.dir/Core/Src/lcd.c.obj
LOAD CMakeFiles/FreeRTOS_clion_model.elf.dir/Core/Src/lcd_ex.c.obj
LOAD CMakeFiles/FreeRTOS_clion_model.elf.dir/Core/Src/main.c.obj
LOAD CMakeFiles/FreeRTOS_clion_model.elf.dir/Core/Src/myiic.c.obj
LOAD CMakeFiles/FreeRTOS_clion_model.elf.dir/Core/Src/stm32f1xx_hal_msp.c.obj
LOAD CMakeFiles/FreeRTOS_clion_model.elf.dir/Core/Src/stm32f1xx_hal_timebase_tim.c.obj
LOAD CMakeFiles/FreeRTOS_clion_model.elf.dir/Core/Src/stm32f1xx_it.c.obj
LOAD CMakeFiles/FreeRTOS_clion_model.elf.dir/Core/Src/syscalls.c.obj
LOAD CMakeFiles/FreeRTOS_clion_model.elf.dir/Core/Src/system_stm32f1xx.c.obj
LOAD CMakeFiles/FreeRTOS_clion_model.elf.dir/Core/Src/test_functions.c.obj
LOAD CMakeFiles/FreeRTOS_clion_model.elf.dir/Core/Src/tim.c.obj
LOAD CMakeFiles/FreeRTOS_clion_model.elf.dir/Core/Src/touch.c.obj
LOAD CMakeFiles/FreeRTOS_clion_model.elf.dir/Core/Src/usart.c.obj
LOAD CMakeFiles/FreeRTOS_clion_model.elf.dir/Drivers/STM32F1xx_HAL_Driver/Src/stm32f1xx_hal.c.obj
LOAD CMakeFiles/FreeRTOS_clion_model.elf.dir/Drivers/STM32F1xx_HAL_Driver/Src/stm32f1xx_hal_cortex.c.obj
LOAD CMakeFiles/FreeRTOS_clion_model.elf.dir/Drivers/STM32F1xx_HAL_Driver/Src/stm32f1xx_hal_dma.c.obj
LOAD CMakeFiles/FreeRTOS_clion_model.elf.dir/Drivers/STM32F1xx_HAL_Driver/Src/stm32f1xx_hal_exti.c.obj
LOAD CMakeFiles/FreeRTOS_clion_model.elf.dir/Drivers/STM32F1xx_HAL_Driver/Src/stm32f1xx_hal_flash.c.obj
LOAD CMakeFiles/FreeRTOS_clion_model.elf.dir/Drivers/STM32F1xx_HAL_Driver/Src/stm32f1xx_hal_flash_ex.c.obj
LOAD CMakeFiles/FreeRTOS_clion_model.elf.dir/Drivers/STM32F1xx_HAL_Driver/Src/stm32f1xx_hal_gpio.c.obj
LOAD CMakeFiles/FreeRTOS_clion_model.elf.dir/Drivers/STM32F1xx_HAL_Driver/Src/stm32f1xx_hal_gpio_ex.c.obj
LOAD CMakeFiles/FreeRTOS_clion_model.elf.dir/Drivers/STM32F1xx_HAL_Driver/Src/stm32f1xx_hal_pwr.c.obj
LOAD CMakeFiles/FreeRTOS_clion_model.elf.dir/Drivers/STM32F1xx_HAL_Driver/Src/stm32f1xx_hal_rcc.c.obj
LOAD CMakeFiles/FreeRTOS_clion_model.elf.dir/Drivers/STM32F1xx_HAL_Driver/Src/stm32f1xx_hal_rcc_ex.c.obj
LOAD CMakeFiles/FreeRTOS_clion_model.elf.dir/Drivers/STM32F1xx_HAL_Driver/Src/stm32f1xx_hal_sram.c.obj
LOAD CMakeFiles/FreeRTOS_clion_model.elf.dir/Drivers/STM32F1xx_HAL_Driver/Src/stm32f1xx_hal_tim.c.obj
LOAD CMakeFiles/FreeRTOS_clion_model.elf.dir/Drivers/STM32F1xx_HAL_Driver/Src/stm32f1xx_hal_tim_ex.c.obj
LOAD CMakeFiles/FreeRTOS_clion_model.elf.dir/Drivers/STM32F1xx_HAL_Driver/Src/stm32f1xx_hal_uart.c.obj
LOAD CMakeFiles/FreeRTOS_clion_model.elf.dir/Drivers/STM32F1xx_HAL_Driver/Src/stm32f1xx_ll_fsmc.c.obj
LOAD CMakeFiles/FreeRTOS_clion_model.elf.dir/Middlewares/Third_Party/FreeRTOS/Source/CMSIS_RTOS/cmsis_os.c.obj
LOAD CMakeFiles/FreeRTOS_clion_model.elf.dir/Middlewares/Third_Party/FreeRTOS/Source/croutine.c.obj
LOAD CMakeFiles/FreeRTOS_clion_model.elf.dir/Middlewares/Third_Party/FreeRTOS/Source/event_groups.c.obj
LOAD CMakeFiles/FreeRTOS_clion_model.elf.dir/Middlewares/Third_Party/FreeRTOS/Source/list.c.obj
LOAD CMakeFiles/FreeRTOS_clion_model.elf.dir/Middlewares/Third_Party/FreeRTOS/Source/portable/GCC/ARM_CM3/port.c.obj
LOAD CMakeFiles/FreeRTOS_clion_model.elf.dir/Middlewares/Third_Party/FreeRTOS/Source/portable/MemMang/heap_4.c.obj
LOAD CMakeFiles/FreeRTOS_clion_model.elf.dir/Middlewares/Third_Party/FreeRTOS/Source/queue.c.obj
LOAD CMakeFiles/FreeRTOS_clion_model.elf.dir/Middlewares/Third_Party/FreeRTOS/Source/stream_buffer.c.obj
LOAD CMakeFiles/FreeRTOS_clion_model.elf.dir/Middlewares/Third_Party/FreeRTOS/Source/tasks.c.obj
LOAD CMakeFiles/FreeRTOS_clion_model.elf.dir/Middlewares/Third_Party/FreeRTOS/Source/timers.c.obj
LOAD CMakeFiles/FreeRTOS_clion_model.elf.dir/startup/startup_stm32f103xe.s.obj
START GROUP
LOAD e:/gnu/10 2021.10/bin/../lib/gcc/arm-none-eabi/10.3.1/thumb/v7-m/nofp\libgcc.a
LOAD e:/gnu/10 2021.10/bin/../lib/gcc/arm-none-eabi/10.3.1/../../../../arm-none-eabi/lib/thumb/v7-m/nofp\libg.a
LOAD e:/gnu/10 2021.10/bin/../lib/gcc/arm-none-eabi/10.3.1/../../../../arm-none-eabi/lib/thumb/v7-m/nofp\libc.a
END GROUP
LOAD e:/gnu/10 2021.10/bin/../lib/gcc/arm-none-eabi/10.3.1/thumb/v7-m/nofp/crtend.o
LOAD e:/gnu/10 2021.10/bin/../lib/gcc/arm-none-eabi/10.3.1/thumb/v7-m/nofp/crtn.o
                0x20010000                _estack = 0x20010000
                0x00000600                _Min_Heap_Size = 0x600
                0x00000400                _Min_Stack_Size = 0x400

.isr_vector     0x08000000      0x1e4
                0x08000000                . = ALIGN (0x4)
 *(.isr_vector)
 .isr_vector    0x08000000      0x1e4 CMakeFiles/FreeRTOS_clion_model.elf.dir/startup/startup_stm32f103xe.s.obj
                0x08000000                g_pfnVectors
                0x080001e4                . = ALIGN (0x4)

.text           0x080001f0    0x1090c
                0x080001f0                . = ALIGN (0x4)
 *(.text)
 .text          0x080001f0       0x40 e:/gnu/10 2021.10/bin/../lib/gcc/arm-none-eabi/10.3.1/thumb/v7-m/nofp/crtbegin.o
 .text          0x08000230      0x378 e:/gnu/10 2021.10/bin/../lib/gcc/arm-none-eabi/10.3.1/thumb/v7-m/nofp\libgcc.a(_arm_addsubdf3.o)
                0x08000230                __aeabi_drsub
                0x08000238                __aeabi_dsub
                0x08000238                __subdf3
                0x0800023c                __aeabi_dadd
                0x0800023c                __adddf3
                0x080004b4                __floatunsidf
                0x080004b4                __aeabi_ui2d
                0x080004d4                __floatsidf
                0x080004d4                __aeabi_i2d
                0x080004f8                __aeabi_f2d
                0x080004f8                __extendsfdf2
                0x0800053c                __floatundidf
                0x0800053c                __aeabi_ul2d
                0x0800054c                __floatdidf
                0x0800054c                __aeabi_l2d
 .text          0x080005a8      0x424 e:/gnu/10 2021.10/bin/../lib/gcc/arm-none-eabi/10.3.1/thumb/v7-m/nofp\libgcc.a(_arm_muldivdf3.o)
                0x080005a8                __aeabi_dmul
                0x080005a8                __muldf3
                0x080007fc                __divdf3
                0x080007fc                __aeabi_ddiv
 .text          0x080009cc      0x110 e:/gnu/10 2021.10/bin/../lib/gcc/arm-none-eabi/10.3.1/thumb/v7-m/nofp\libgcc.a(_arm_cmpdf2.o)
                0x080009cc                __gtdf2
                0x080009cc                __gedf2
                0x080009d4                __ltdf2
                0x080009d4                __ledf2
                0x080009dc                __nedf2
                0x080009dc                __eqdf2
                0x080009dc                __cmpdf2
                0x08000a58                __aeabi_cdrcmple
                0x08000a68                __aeabi_cdcmpeq
                0x08000a68                __aeabi_cdcmple
                0x08000a78                __aeabi_dcmpeq
                0x08000a8c                __aeabi_dcmplt
                0x08000aa0                __aeabi_dcmple
                0x08000ab4                __aeabi_dcmpge
                0x08000ac8                __aeabi_dcmpgt
 .text          0x08000adc       0x40 e:/gnu/10 2021.10/bin/../lib/gcc/arm-none-eabi/10.3.1/thumb/v7-m/nofp\libgcc.a(_arm_fixunsdfsi.o)
                0x08000adc                __aeabi_d2uiz
                0x08000adc                __fixunsdfsi
 .text          0x08000b1c      0x21c e:/gnu/10 2021.10/bin/../lib/gcc/arm-none-eabi/10.3.1/thumb/v7-m/nofp\libgcc.a(_arm_addsubsf3.o)
                0x08000b1c                __aeabi_frsub
                0x08000b24                __subsf3
                0x08000b24                __aeabi_fsub
                0x08000b28                __aeabi_fadd
                0x08000b28                __addsf3
                0x08000c88                __aeabi_ui2f
                0x08000c88                __floatunsisf
                0x08000c90                __aeabi_i2f
                0x08000c90                __floatsisf
                0x08000cac                __aeabi_ul2f
                0x08000cac                __floatundisf
                0x08000cbc                __aeabi_l2f
                0x08000cbc                __floatdisf
 .text          0x08000d38      0x2a0 e:/gnu/10 2021.10/bin/../lib/gcc/arm-none-eabi/10.3.1/thumb/v7-m/nofp\libgcc.a(_arm_muldivsf3.o)
                0x08000d38                __mulsf3
                0x08000d38                __aeabi_fmul
                0x08000ea0                __aeabi_fdiv
                0x08000ea0                __divsf3
 .text          0x08000fd8       0x40 e:/gnu/10 2021.10/bin/../lib/gcc/arm-none-eabi/10.3.1/thumb/v7-m/nofp\libgcc.a(_arm_fixunssfsi.o)
                0x08000fd8                __fixunssfsi
                0x08000fd8                __aeabi_f2uiz
 .text          0x08001018       0xec e:/gnu/10 2021.10/bin/../lib/gcc/arm-none-eabi/10.3.1/../../../../arm-none-eabi/lib/thumb/v7-m/nofp\libg.a(lib_a-memcpy.o)
                0x08001018                memcpy
 .text          0x08001104      0x1bc e:/gnu/10 2021.10/bin/../lib/gcc/arm-none-eabi/10.3.1/../../../../arm-none-eabi/lib/thumb/v7-m/nofp\libg.a(lib_a-strcmp.o)
                0x08001104                strcmp
 .text          0x080012c0       0x2c e:/gnu/10 2021.10/bin/../lib/gcc/arm-none-eabi/10.3.1/thumb/v7-m/nofp\libgcc.a(_arm_unorddf2.o)
                0x080012c0                __unorddf2
                0x080012c0                __aeabi_dcmpun
 .text          0x080012ec       0x50 e:/gnu/10 2021.10/bin/../lib/gcc/arm-none-eabi/10.3.1/thumb/v7-m/nofp\libgcc.a(_arm_fixdfsi.o)
                0x080012ec                __aeabi_d2iz
                0x080012ec                __fixdfsi
 .text          0x0800133c       0x30 e:/gnu/10 2021.10/bin/../lib/gcc/arm-none-eabi/10.3.1/thumb/v7-m/nofp\libgcc.a(_aeabi_uldivmod.o)
                0x0800133c                __aeabi_uldivmod
 .text          0x0800136c      0x2d4 e:/gnu/10 2021.10/bin/../lib/gcc/arm-none-eabi/10.3.1/thumb/v7-m/nofp\libgcc.a(_udivmoddi4.o)
                0x0800136c                __udivmoddi4
 .text          0x08001640        0x4 e:/gnu/10 2021.10/bin/../lib/gcc/arm-none-eabi/10.3.1/thumb/v7-m/nofp\libgcc.a(_dvmd_tls.o)
                0x08001640                __aeabi_idiv0
                0x08001640                __aeabi_ldiv0
 *(.text*)
 .text.at24cxx_init
                0x08001644        0x8 CMakeFiles/FreeRTOS_clion_model.elf.dir/Core/Src/24cxx.c.obj
                0x08001644                at24cxx_init
 .text.at24cxx_read_one_byte
                0x0800164c       0x44 CMakeFiles/FreeRTOS_clion_model.elf.dir/Core/Src/24cxx.c.obj
                0x0800164c                at24cxx_read_one_byte
 .text.at24cxx_write_one_byte
                0x08001690       0x3e CMakeFiles/FreeRTOS_clion_model.elf.dir/Core/Src/24cxx.c.obj
                0x08001690                at24cxx_write_one_byte
 .text.at24cxx_read
                0x080016ce       0x20 CMakeFiles/FreeRTOS_clion_model.elf.dir/Core/Src/24cxx.c.obj
                0x080016ce                at24cxx_read
 .text.at24cxx_write
                0x080016ee       0x22 CMakeFiles/FreeRTOS_clion_model.elf.dir/Core/Src/24cxx.c.obj
                0x080016ee                at24cxx_write
 .text.ct_iic_delay
                0x08001710        0xa CMakeFiles/FreeRTOS_clion_model.elf.dir/Core/Src/ctiic.c.obj
 *fill*         0x0800171a        0x2 
 .text.ct_iic_start
                0x0800171c       0x48 CMakeFiles/FreeRTOS_clion_model.elf.dir/Core/Src/ctiic.c.obj
                0x0800171c                ct_iic_start
 .text.ct_iic_stop
                0x08001764       0x3c CMakeFiles/FreeRTOS_clion_model.elf.dir/Core/Src/ctiic.c.obj
                0x08001764                ct_iic_stop
 .text.ct_iic_init
                0x080017a0       0x68 CMakeFiles/FreeRTOS_clion_model.elf.dir/Core/Src/ctiic.c.obj
                0x080017a0                ct_iic_init
 .text.ct_iic_wait_ack
                0x08001808       0x60 CMakeFiles/FreeRTOS_clion_model.elf.dir/Core/Src/ctiic.c.obj
                0x08001808                ct_iic_wait_ack
 .text.ct_iic_ack
                0x08001868       0x4c CMakeFiles/FreeRTOS_clion_model.elf.dir/Core/Src/ctiic.c.obj
                0x08001868                ct_iic_ack
 .text.ct_iic_nack
                0x080018b4       0x3c CMakeFiles/FreeRTOS_clion_model.elf.dir/Core/Src/ctiic.c.obj
                0x080018b4                ct_iic_nack
 .text.ct_iic_send_byte
                0x080018f0       0x68 CMakeFiles/FreeRTOS_clion_model.elf.dir/Core/Src/ctiic.c.obj
                0x080018f0                ct_iic_send_byte
 .text.ct_iic_read_byte
                0x08001958       0x60 CMakeFiles/FreeRTOS_clion_model.elf.dir/Core/Src/ctiic.c.obj
                0x08001958                ct_iic_read_byte
 .text.StartDefaultTask
                0x080019b8        0xa CMakeFiles/FreeRTOS_clion_model.elf.dir/Core/Src/freertos.c.obj
                0x080019b8                StartDefaultTask
 .text.StartLightTask
                0x080019c2        0xa CMakeFiles/FreeRTOS_clion_model.elf.dir/Core/Src/freertos.c.obj
                0x080019c2                StartLightTask
 .text.StartPWMTim2Task
                0x080019cc        0xa CMakeFiles/FreeRTOS_clion_model.elf.dir/Core/Src/freertos.c.obj
                0x080019cc                StartPWMTim2Task
 *fill*         0x080019d6        0x2 
 .text.vApplicationGetIdleTaskMemory
                0x080019d8       0x18 CMakeFiles/FreeRTOS_clion_model.elf.dir/Core/Src/freertos.c.obj
                0x080019d8                vApplicationGetIdleTaskMemory
 .text.MX_FREERTOS_Init
                0x080019f0       0x84 CMakeFiles/FreeRTOS_clion_model.elf.dir/Core/Src/freertos.c.obj
                0x080019f0                MX_FREERTOS_Init
 .text.HAL_FSMC_MspInit
                0x08001a74       0x84 CMakeFiles/FreeRTOS_clion_model.elf.dir/Core/Src/fsmc.c.obj
 .text.MX_FSMC_Init
                0x08001af8       0x9c CMakeFiles/FreeRTOS_clion_model.elf.dir/Core/Src/fsmc.c.obj
                0x08001af8                MX_FSMC_Init
 .text.HAL_SRAM_MspInit
                0x08001b94        0x8 CMakeFiles/FreeRTOS_clion_model.elf.dir/Core/Src/fsmc.c.obj
                0x08001b94                HAL_SRAM_MspInit
 .text.ft5206_wr_reg
                0x08001b9c       0x46 CMakeFiles/FreeRTOS_clion_model.elf.dir/Core/Src/ft5206.c.obj
                0x08001b9c                ft5206_wr_reg
 .text.ft5206_rd_reg
                0x08001be2       0x4e CMakeFiles/FreeRTOS_clion_model.elf.dir/Core/Src/ft5206.c.obj
                0x08001be2                ft5206_rd_reg
 .text.ft5206_init
                0x08001c30      0x148 CMakeFiles/FreeRTOS_clion_model.elf.dir/Core/Src/ft5206.c.obj
                0x08001c30                ft5206_init
 .text.ft5206_scan
                0x08001d78      0x19c CMakeFiles/FreeRTOS_clion_model.elf.dir/Core/Src/ft5206.c.obj
                0x08001d78                ft5206_scan
 .text.MX_GPIO_Init
                0x08001f14       0xac CMakeFiles/FreeRTOS_clion_model.elf.dir/Core/Src/gpio.c.obj
                0x08001f14                MX_GPIO_Init
 .text.gt9xxx_wr_reg
                0x08001fc0       0x50 CMakeFiles/FreeRTOS_clion_model.elf.dir/Core/Src/gt9xxx.c.obj
                0x08001fc0                gt9xxx_wr_reg
 .text.gt9xxx_rd_reg
                0x08002010       0x58 CMakeFiles/FreeRTOS_clion_model.elf.dir/Core/Src/gt9xxx.c.obj
                0x08002010                gt9xxx_rd_reg
 .text.gt9xxx_init
                0x08002068      0x10c CMakeFiles/FreeRTOS_clion_model.elf.dir/Core/Src/gt9xxx.c.obj
                0x08002068                gt9xxx_init
 .text.gt9xxx_scan
                0x08002174      0x298 CMakeFiles/FreeRTOS_clion_model.elf.dir/Core/Src/gt9xxx.c.obj
                0x08002174                gt9xxx_scan
 .text.lcd_rd_data
                0x0800240c       0x1c CMakeFiles/FreeRTOS_clion_model.elf.dir/Core/Src/lcd.c.obj
 .text.lcd_wr_data
                0x08002428       0x24 CMakeFiles/FreeRTOS_clion_model.elf.dir/Core/Src/lcd.c.obj
                0x08002428                lcd_wr_data
 .text.lcd_wr_regno
                0x0800244c       0x24 CMakeFiles/FreeRTOS_clion_model.elf.dir/Core/Src/lcd.c.obj
                0x0800244c                lcd_wr_regno
 .text.lcd_write_reg
                0x08002470       0x10 CMakeFiles/FreeRTOS_clion_model.elf.dir/Core/Src/lcd.c.obj
                0x08002470                lcd_write_reg
 .text.lcd_write_ram_prepare
                0x08002480       0x14 CMakeFiles/FreeRTOS_clion_model.elf.dir/Core/Src/lcd.c.obj
                0x08002480                lcd_write_ram_prepare
 .text.lcd_set_cursor
                0x08002494      0x10c CMakeFiles/FreeRTOS_clion_model.elf.dir/Core/Src/lcd.c.obj
                0x08002494                lcd_set_cursor
 .text.lcd_scan_dir
                0x080025a0      0x1d8 CMakeFiles/FreeRTOS_clion_model.elf.dir/Core/Src/lcd.c.obj
                0x080025a0                lcd_scan_dir
 .text.lcd_draw_point
                0x08002778       0x1c CMakeFiles/FreeRTOS_clion_model.elf.dir/Core/Src/lcd.c.obj
                0x08002778                lcd_draw_point
 *fill*         0x08002794        0x4 
 .text.lcd_ssd_backlight_set
                0x08002798       0x50 CMakeFiles/FreeRTOS_clion_model.elf.dir/Core/Src/lcd.c.obj
                0x08002798                lcd_ssd_backlight_set
 .text.lcd_display_dir
                0x080027e8      0x118 CMakeFiles/FreeRTOS_clion_model.elf.dir/Core/Src/lcd.c.obj
                0x080027e8                lcd_display_dir
 .text.lcd_clear
                0x08002900       0x34 CMakeFiles/FreeRTOS_clion_model.elf.dir/Core/Src/lcd.c.obj
                0x08002900                lcd_clear
 .text.lcd_init
                0x08002934      0x310 CMakeFiles/FreeRTOS_clion_model.elf.dir/Core/Src/lcd.c.obj
                0x08002934                lcd_init
 .text.lcd_fill
                0x08002c44       0x48 CMakeFiles/FreeRTOS_clion_model.elf.dir/Core/Src/lcd.c.obj
                0x08002c44                lcd_fill
 .text.lcd_draw_line
                0x08002c8c       0xa6 CMakeFiles/FreeRTOS_clion_model.elf.dir/Core/Src/lcd.c.obj
                0x08002c8c                lcd_draw_line
 *fill*         0x08002d32        0x2 
 .text.lcd_draw_hline
                0x08002d34       0x38 CMakeFiles/FreeRTOS_clion_model.elf.dir/Core/Src/lcd.c.obj
                0x08002d34                lcd_draw_hline
 .text.lcd_draw_circle
                0x08002d6c       0xe2 CMakeFiles/FreeRTOS_clion_model.elf.dir/Core/Src/lcd.c.obj
                0x08002d6c                lcd_draw_circle
 *fill*         0x08002e4e        0x2 
 .text.lcd_fill_circle
                0x08002e50       0xcc CMakeFiles/FreeRTOS_clion_model.elf.dir/Core/Src/lcd.c.obj
                0x08002e50                lcd_fill_circle
 .text.lcd_show_char
                0x08002f1c      0x118 CMakeFiles/FreeRTOS_clion_model.elf.dir/Core/Src/lcd.c.obj
                0x08002f1c                lcd_show_char
 .text.lcd_show_string
                0x08003034       0x62 CMakeFiles/FreeRTOS_clion_model.elf.dir/Core/Src/lcd.c.obj
                0x08003034                lcd_show_string
 .text.lcd_ex_st7789_reginit
                0x08003096      0x1a2 CMakeFiles/FreeRTOS_clion_model.elf.dir/Core/Src/lcd_ex.c.obj
                0x08003096                lcd_ex_st7789_reginit
 .text.lcd_ex_ili9341_reginit
                0x08003238      0x22c CMakeFiles/FreeRTOS_clion_model.elf.dir/Core/Src/lcd_ex.c.obj
                0x08003238                lcd_ex_ili9341_reginit
 .text.lcd_ex_nt35310_reginit
                0x08003464      0xef2 CMakeFiles/FreeRTOS_clion_model.elf.dir/Core/Src/lcd_ex.c.obj
                0x08003464                lcd_ex_nt35310_reginit
 .text.lcd_ex_nt35510_reginit
                0x08004356      0xefc CMakeFiles/FreeRTOS_clion_model.elf.dir/Core/Src/lcd_ex.c.obj
                0x08004356                lcd_ex_nt35510_reginit
 .text.lcd_ex_ssd1963_reginit
                0x08005252      0x16e CMakeFiles/FreeRTOS_clion_model.elf.dir/Core/Src/lcd_ex.c.obj
                0x08005252                lcd_ex_ssd1963_reginit
 .text.delay_us
                0x080053c0       0x14 CMakeFiles/FreeRTOS_clion_model.elf.dir/Core/Src/main.c.obj
                0x080053c0                delay_us
 .text.HAL_TIM_PeriodElapsedCallback
                0x080053d4       0x18 CMakeFiles/FreeRTOS_clion_model.elf.dir/Core/Src/main.c.obj
                0x080053d4                HAL_TIM_PeriodElapsedCallback
 .text.Error_Handler
                0x080053ec        0x4 CMakeFiles/FreeRTOS_clion_model.elf.dir/Core/Src/main.c.obj
                0x080053ec                Error_Handler
 .text.SystemClock_Config
                0x080053f0       0x64 CMakeFiles/FreeRTOS_clion_model.elf.dir/Core/Src/main.c.obj
                0x080053f0                SystemClock_Config
 .text.main     0x08005454       0x30 CMakeFiles/FreeRTOS_clion_model.elf.dir/Core/Src/main.c.obj
                0x08005454                main
 .text.iic_delay
                0x08005484        0xa CMakeFiles/FreeRTOS_clion_model.elf.dir/Core/Src/myiic.c.obj
 *fill*         0x0800548e        0x2 
 .text.iic_start
                0x08005490       0x40 CMakeFiles/FreeRTOS_clion_model.elf.dir/Core/Src/myiic.c.obj
                0x08005490                iic_start
 .text.iic_stop
                0x080054d0       0x34 CMakeFiles/FreeRTOS_clion_model.elf.dir/Core/Src/myiic.c.obj
                0x080054d0                iic_stop
 .text.iic_init
                0x08005504       0x64 CMakeFiles/FreeRTOS_clion_model.elf.dir/Core/Src/myiic.c.obj
                0x08005504                iic_init
 .text.iic_wait_ack
                0x08005568       0x54 CMakeFiles/FreeRTOS_clion_model.elf.dir/Core/Src/myiic.c.obj
                0x08005568                iic_wait_ack
 .text.iic_ack  0x080055bc       0x44 CMakeFiles/FreeRTOS_clion_model.elf.dir/Core/Src/myiic.c.obj
                0x080055bc                iic_ack
 .text.iic_nack
                0x08005600       0x34 CMakeFiles/FreeRTOS_clion_model.elf.dir/Core/Src/myiic.c.obj
                0x08005600                iic_nack
 .text.iic_send_byte
                0x08005634       0x60 CMakeFiles/FreeRTOS_clion_model.elf.dir/Core/Src/myiic.c.obj
                0x08005634                iic_send_byte
 .text.iic_read_byte
                0x08005694       0x5c CMakeFiles/FreeRTOS_clion_model.elf.dir/Core/Src/myiic.c.obj
                0x08005694                iic_read_byte
 .text.HAL_MspInit
                0x080056f0       0x54 CMakeFiles/FreeRTOS_clion_model.elf.dir/Core/Src/stm32f1xx_hal_msp.c.obj
                0x080056f0                HAL_MspInit
 .text.HAL_InitTick
                0x08005744       0x78 CMakeFiles/FreeRTOS_clion_model.elf.dir/Core/Src/stm32f1xx_hal_timebase_tim.c.obj
                0x08005744                HAL_InitTick
 .text.NMI_Handler
                0x080057bc        0x2 CMakeFiles/FreeRTOS_clion_model.elf.dir/Core/Src/stm32f1xx_it.c.obj
                0x080057bc                NMI_Handler
 .text.HardFault_Handler
                0x080057be        0x2 CMakeFiles/FreeRTOS_clion_model.elf.dir/Core/Src/stm32f1xx_it.c.obj
                0x080057be                HardFault_Handler
 .text.MemManage_Handler
                0x080057c0        0x2 CMakeFiles/FreeRTOS_clion_model.elf.dir/Core/Src/stm32f1xx_it.c.obj
                0x080057c0                MemManage_Handler
 .text.BusFault_Handler
                0x080057c2        0x2 CMakeFiles/FreeRTOS_clion_model.elf.dir/Core/Src/stm32f1xx_it.c.obj
                0x080057c2                BusFault_Handler
 .text.UsageFault_Handler
                0x080057c4        0x2 CMakeFiles/FreeRTOS_clion_model.elf.dir/Core/Src/stm32f1xx_it.c.obj
                0x080057c4                UsageFault_Handler
 .text.DebugMon_Handler
                0x080057c6        0x2 CMakeFiles/FreeRTOS_clion_model.elf.dir/Core/Src/stm32f1xx_it.c.obj
                0x080057c6                DebugMon_Handler
 .text.TIM1_UP_IRQHandler
                0x080057c8       0x10 CMakeFiles/FreeRTOS_clion_model.elf.dir/Core/Src/stm32f1xx_it.c.obj
                0x080057c8                TIM1_UP_IRQHandler
 .text._getpid  0x080057d8        0x4 CMakeFiles/FreeRTOS_clion_model.elf.dir/Core/Src/syscalls.c.obj
                0x080057d8                _getpid
 .text._kill    0x080057dc       0x10 CMakeFiles/FreeRTOS_clion_model.elf.dir/Core/Src/syscalls.c.obj
                0x080057dc                _kill
 .text._exit    0x080057ec        0xc CMakeFiles/FreeRTOS_clion_model.elf.dir/Core/Src/syscalls.c.obj
                0x080057ec                _exit
 .text._read    0x080057f8       0x20 CMakeFiles/FreeRTOS_clion_model.elf.dir/Core/Src/syscalls.c.obj
                0x080057f8                _read
 .text._write   0x08005818       0x1c CMakeFiles/FreeRTOS_clion_model.elf.dir/Core/Src/syscalls.c.obj
                0x08005818                _write
 .text._sbrk    0x08005834       0x3c CMakeFiles/FreeRTOS_clion_model.elf.dir/Core/Src/syscalls.c.obj
                0x08005834                _sbrk
 .text._close   0x08005870        0x6 CMakeFiles/FreeRTOS_clion_model.elf.dir/Core/Src/syscalls.c.obj
                0x08005870                _close
 .text._fstat   0x08005876        0xa CMakeFiles/FreeRTOS_clion_model.elf.dir/Core/Src/syscalls.c.obj
                0x08005876                _fstat
 .text._isatty  0x08005880        0x4 CMakeFiles/FreeRTOS_clion_model.elf.dir/Core/Src/syscalls.c.obj
                0x08005880                _isatty
 .text._lseek   0x08005884        0x4 CMakeFiles/FreeRTOS_clion_model.elf.dir/Core/Src/syscalls.c.obj
                0x08005884                _lseek
 .text.SystemInit
                0x08005888        0x2 CMakeFiles/FreeRTOS_clion_model.elf.dir/Core/Src/system_stm32f1xx.c.obj
                0x08005888                SystemInit
 *fill*         0x0800588a        0x2 
 .text.key_init
                0x0800588c       0x8c CMakeFiles/FreeRTOS_clion_model.elf.dir/Core/Src/test_functions.c.obj
                0x0800588c                key_init
 .text.key_scan
                0x08005918       0xb0 CMakeFiles/FreeRTOS_clion_model.elf.dir/Core/Src/test_functions.c.obj
                0x08005918                key_scan
 .text.load_draw_dialog
                0x080059c8       0x38 CMakeFiles/FreeRTOS_clion_model.elf.dir/Core/Src/test_functions.c.obj
                0x080059c8                load_draw_dialog
 .text.lcd_draw_bline
                0x08005a00       0xc6 CMakeFiles/FreeRTOS_clion_model.elf.dir/Core/Src/test_functions.c.obj
                0x08005a00                lcd_draw_bline
 *fill*         0x08005ac6        0x2 
 .text.ctp_test
                0x08005ac8      0x11c CMakeFiles/FreeRTOS_clion_model.elf.dir/Core/Src/test_functions.c.obj
                0x08005ac8                ctp_test
 .text.rtp_test
                0x08005be4       0xa0 CMakeFiles/FreeRTOS_clion_model.elf.dir/Core/Src/test_functions.c.obj
                0x08005be4                rtp_test
 .text.tftLCD_test
                0x08005c84       0xa4 CMakeFiles/FreeRTOS_clion_model.elf.dir/Core/Src/test_functions.c.obj
                0x08005c84                tftLCD_test
 .text.HAL_TIM_Base_MspInit
                0x08005d28       0x6c CMakeFiles/FreeRTOS_clion_model.elf.dir/Core/Src/tim.c.obj
                0x08005d28                HAL_TIM_Base_MspInit
 .text.HAL_TIM_MspPostInit
                0x08005d94       0xcc CMakeFiles/FreeRTOS_clion_model.elf.dir/Core/Src/tim.c.obj
                0x08005d94                HAL_TIM_MspPostInit
 .text.MX_TIM2_Init
                0x08005e60       0xac CMakeFiles/FreeRTOS_clion_model.elf.dir/Core/Src/tim.c.obj
                0x08005e60                MX_TIM2_Init
 .text.MX_TIM3_Init
                0x08005f0c       0xb0 CMakeFiles/FreeRTOS_clion_model.elf.dir/Core/Src/tim.c.obj
                0x08005f0c                MX_TIM3_Init
 .text.MX_TIM4_Init
                0x08005fbc       0xb0 CMakeFiles/FreeRTOS_clion_model.elf.dir/Core/Src/tim.c.obj
                0x08005fbc                MX_TIM4_Init
 .text.tp_write_byte
                0x0800606c       0x5c CMakeFiles/FreeRTOS_clion_model.elf.dir/Core/Src/touch.c.obj
 .text.tp_read_ad
                0x080060c8       0xbc CMakeFiles/FreeRTOS_clion_model.elf.dir/Core/Src/touch.c.obj
 .text.tp_read_xoy
                0x08006184       0x98 CMakeFiles/FreeRTOS_clion_model.elf.dir/Core/Src/touch.c.obj
 .text.tp_read_xy
                0x0800621c       0x40 CMakeFiles/FreeRTOS_clion_model.elf.dir/Core/Src/touch.c.obj
 .text.tp_read_xy2
                0x0800625c       0x84 CMakeFiles/FreeRTOS_clion_model.elf.dir/Core/Src/touch.c.obj
 .text.tp_scan  0x080062e0       0xe0 CMakeFiles/FreeRTOS_clion_model.elf.dir/Core/Src/touch.c.obj
                0x080062e0                tp_scan
 .text.tp_draw_touch_point
                0x080063c0       0x8a CMakeFiles/FreeRTOS_clion_model.elf.dir/Core/Src/touch.c.obj
 *fill*         0x0800644a        0x2 
 .text.tp_adjust_info_show
                0x0800644c      0x108 CMakeFiles/FreeRTOS_clion_model.elf.dir/Core/Src/touch.c.obj
 .text.tp_draw_big_point
                0x08006554       0x34 CMakeFiles/FreeRTOS_clion_model.elf.dir/Core/Src/touch.c.obj
                0x08006554                tp_draw_big_point
 .text.tp_save_adjust_data
                0x08006588       0x1c CMakeFiles/FreeRTOS_clion_model.elf.dir/Core/Src/touch.c.obj
                0x08006588                tp_save_adjust_data
 .text.tp_get_adjust_data
                0x080065a4       0x24 CMakeFiles/FreeRTOS_clion_model.elf.dir/Core/Src/touch.c.obj
                0x080065a4                tp_get_adjust_data
 .text.tp_adjust
                0x080065c8      0x340 CMakeFiles/FreeRTOS_clion_model.elf.dir/Core/Src/touch.c.obj
                0x080065c8                tp_adjust
 .text.tp_init  0x08006908      0x19c CMakeFiles/FreeRTOS_clion_model.elf.dir/Core/Src/touch.c.obj
                0x08006908                tp_init
 .text.MX_USART1_UART_Init
                0x08006aa4       0x34 CMakeFiles/FreeRTOS_clion_model.elf.dir/Core/Src/usart.c.obj
                0x08006aa4                MX_USART1_UART_Init
 .text.HAL_UART_MspInit
                0x08006ad8       0x78 CMakeFiles/FreeRTOS_clion_model.elf.dir/Core/Src/usart.c.obj
                0x08006ad8                HAL_UART_MspInit
 .text.print_UARTx
                0x08006b50       0x78 CMakeFiles/FreeRTOS_clion_model.elf.dir/Core/Src/usart.c.obj
                0x08006b50                print_UARTx
 .text.HAL_Init
                0x08006bc8       0x24 CMakeFiles/FreeRTOS_clion_model.elf.dir/Drivers/STM32F1xx_HAL_Driver/Src/stm32f1xx_hal.c.obj
                0x08006bc8                HAL_Init
 .text.HAL_IncTick
                0x08006bec       0x18 CMakeFiles/FreeRTOS_clion_model.elf.dir/Drivers/STM32F1xx_HAL_Driver/Src/stm32f1xx_hal.c.obj
                0x08006bec                HAL_IncTick
 .text.HAL_GetTick
                0x08006c04        0xc CMakeFiles/FreeRTOS_clion_model.elf.dir/Drivers/STM32F1xx_HAL_Driver/Src/stm32f1xx_hal.c.obj
                0x08006c04                HAL_GetTick
 .text.HAL_Delay
                0x08006c10       0x28 CMakeFiles/FreeRTOS_clion_model.elf.dir/Drivers/STM32F1xx_HAL_Driver/Src/stm32f1xx_hal.c.obj
                0x08006c10                HAL_Delay
 .text.HAL_NVIC_SetPriorityGrouping
                0x08006c38       0x24 CMakeFiles/FreeRTOS_clion_model.elf.dir/Drivers/STM32F1xx_HAL_Driver/Src/stm32f1xx_hal_cortex.c.obj
                0x08006c38                HAL_NVIC_SetPriorityGrouping
 .text.HAL_NVIC_SetPriority
                0x08006c5c       0x70 CMakeFiles/FreeRTOS_clion_model.elf.dir/Drivers/STM32F1xx_HAL_Driver/Src/stm32f1xx_hal_cortex.c.obj
                0x08006c5c                HAL_NVIC_SetPriority
 .text.HAL_NVIC_EnableIRQ
                0x08006ccc       0x1c CMakeFiles/FreeRTOS_clion_model.elf.dir/Drivers/STM32F1xx_HAL_Driver/Src/stm32f1xx_hal_cortex.c.obj
                0x08006ccc                HAL_NVIC_EnableIRQ
 .text.HAL_GPIO_Init
                0x08006ce8      0x240 CMakeFiles/FreeRTOS_clion_model.elf.dir/Drivers/STM32F1xx_HAL_Driver/Src/stm32f1xx_hal_gpio.c.obj
                0x08006ce8                HAL_GPIO_Init
 .text.HAL_GPIO_ReadPin
                0x08006f28        0xe CMakeFiles/FreeRTOS_clion_model.elf.dir/Drivers/STM32F1xx_HAL_Driver/Src/stm32f1xx_hal_gpio.c.obj
                0x08006f28                HAL_GPIO_ReadPin
 .text.HAL_GPIO_WritePin
                0x08006f36        0xc CMakeFiles/FreeRTOS_clion_model.elf.dir/Drivers/STM32F1xx_HAL_Driver/Src/stm32f1xx_hal_gpio.c.obj
                0x08006f36                HAL_GPIO_WritePin
 .text.HAL_GPIO_TogglePin
                0x08006f42       0x12 CMakeFiles/FreeRTOS_clion_model.elf.dir/Drivers/STM32F1xx_HAL_Driver/Src/stm32f1xx_hal_gpio.c.obj
                0x08006f42                HAL_GPIO_TogglePin
 .text.RCC_Delay
                0x08006f54       0x2c CMakeFiles/FreeRTOS_clion_model.elf.dir/Drivers/STM32F1xx_HAL_Driver/Src/stm32f1xx_hal_rcc.c.obj
 .text.HAL_RCC_OscConfig
                0x08006f80      0x410 CMakeFiles/FreeRTOS_clion_model.elf.dir/Drivers/STM32F1xx_HAL_Driver/Src/stm32f1xx_hal_rcc.c.obj
                0x08006f80                HAL_RCC_OscConfig
 .text.HAL_RCC_GetSysClockFreq
                0x08007390       0x70 CMakeFiles/FreeRTOS_clion_model.elf.dir/Drivers/STM32F1xx_HAL_Driver/Src/stm32f1xx_hal_rcc.c.obj
                0x08007390                HAL_RCC_GetSysClockFreq
 .text.HAL_RCC_ClockConfig
                0x08007400      0x16c CMakeFiles/FreeRTOS_clion_model.elf.dir/Drivers/STM32F1xx_HAL_Driver/Src/stm32f1xx_hal_rcc.c.obj
                0x08007400                HAL_RCC_ClockConfig
 .text.HAL_RCC_GetHCLKFreq
                0x0800756c        0xc CMakeFiles/FreeRTOS_clion_model.elf.dir/Drivers/STM32F1xx_HAL_Driver/Src/stm32f1xx_hal_rcc.c.obj
                0x0800756c                HAL_RCC_GetHCLKFreq
 .text.HAL_RCC_GetPCLK1Freq
                0x08007578       0x20 CMakeFiles/FreeRTOS_clion_model.elf.dir/Drivers/STM32F1xx_HAL_Driver/Src/stm32f1xx_hal_rcc.c.obj
                0x08007578                HAL_RCC_GetPCLK1Freq
 .text.HAL_RCC_GetPCLK2Freq
                0x08007598       0x20 CMakeFiles/FreeRTOS_clion_model.elf.dir/Drivers/STM32F1xx_HAL_Driver/Src/stm32f1xx_hal_rcc.c.obj
                0x08007598                HAL_RCC_GetPCLK2Freq
 .text.HAL_RCC_GetClockConfig
                0x080075b8       0x3c CMakeFiles/FreeRTOS_clion_model.elf.dir/Drivers/STM32F1xx_HAL_Driver/Src/stm32f1xx_hal_rcc.c.obj
                0x080075b8                HAL_RCC_GetClockConfig
 .text.HAL_SRAM_Init
                0x080075f4       0x64 CMakeFiles/FreeRTOS_clion_model.elf.dir/Drivers/STM32F1xx_HAL_Driver/Src/stm32f1xx_hal_sram.c.obj
                0x080075f4                HAL_SRAM_Init
 .text.TIM_OC1_SetConfig
                0x08007658       0x68 CMakeFiles/FreeRTOS_clion_model.elf.dir/Drivers/STM32F1xx_HAL_Driver/Src/stm32f1xx_hal_tim.c.obj
 .text.TIM_OC3_SetConfig
                0x080076c0       0x70 CMakeFiles/FreeRTOS_clion_model.elf.dir/Drivers/STM32F1xx_HAL_Driver/Src/stm32f1xx_hal_tim.c.obj
 .text.TIM_OC4_SetConfig
                0x08007730       0x50 CMakeFiles/FreeRTOS_clion_model.elf.dir/Drivers/STM32F1xx_HAL_Driver/Src/stm32f1xx_hal_tim.c.obj
 .text.TIM_TI1_ConfigInputStage
                0x08007780       0x24 CMakeFiles/FreeRTOS_clion_model.elf.dir/Drivers/STM32F1xx_HAL_Driver/Src/stm32f1xx_hal_tim.c.obj
 .text.TIM_TI2_ConfigInputStage
                0x080077a4       0x26 CMakeFiles/FreeRTOS_clion_model.elf.dir/Drivers/STM32F1xx_HAL_Driver/Src/stm32f1xx_hal_tim.c.obj
 .text.TIM_ITRx_SetConfig
                0x080077ca       0x10 CMakeFiles/FreeRTOS_clion_model.elf.dir/Drivers/STM32F1xx_HAL_Driver/Src/stm32f1xx_hal_tim.c.obj
 *fill*         0x080077da        0x2 
 .text.HAL_TIM_Base_Start_IT
                0x080077dc       0x78 CMakeFiles/FreeRTOS_clion_model.elf.dir/Drivers/STM32F1xx_HAL_Driver/Src/stm32f1xx_hal_tim.c.obj
                0x080077dc                HAL_TIM_Base_Start_IT
 .text.HAL_TIM_PWM_MspInit
                0x08007854        0x2 CMakeFiles/FreeRTOS_clion_model.elf.dir/Drivers/STM32F1xx_HAL_Driver/Src/stm32f1xx_hal_tim.c.obj
                0x08007854                HAL_TIM_PWM_MspInit
 .text.HAL_TIM_OC_DelayElapsedCallback
                0x08007856        0x2 CMakeFiles/FreeRTOS_clion_model.elf.dir/Drivers/STM32F1xx_HAL_Driver/Src/stm32f1xx_hal_tim.c.obj
                0x08007856                HAL_TIM_OC_DelayElapsedCallback
 .text.HAL_TIM_IC_CaptureCallback
                0x08007858        0x2 CMakeFiles/FreeRTOS_clion_model.elf.dir/Drivers/STM32F1xx_HAL_Driver/Src/stm32f1xx_hal_tim.c.obj
                0x08007858                HAL_TIM_IC_CaptureCallback
 .text.HAL_TIM_PWM_PulseFinishedCallback
                0x0800785a        0x2 CMakeFiles/FreeRTOS_clion_model.elf.dir/Drivers/STM32F1xx_HAL_Driver/Src/stm32f1xx_hal_tim.c.obj
                0x0800785a                HAL_TIM_PWM_PulseFinishedCallback
 .text.HAL_TIM_TriggerCallback
                0x0800785c        0x2 CMakeFiles/FreeRTOS_clion_model.elf.dir/Drivers/STM32F1xx_HAL_Driver/Src/stm32f1xx_hal_tim.c.obj
                0x0800785c                HAL_TIM_TriggerCallback
 .text.HAL_TIM_IRQHandler
                0x0800785e      0x17a CMakeFiles/FreeRTOS_clion_model.elf.dir/Drivers/STM32F1xx_HAL_Driver/Src/stm32f1xx_hal_tim.c.obj
                0x0800785e                HAL_TIM_IRQHandler
 .text.TIM_Base_SetConfig
                0x080079d8       0x98 CMakeFiles/FreeRTOS_clion_model.elf.dir/Drivers/STM32F1xx_HAL_Driver/Src/stm32f1xx_hal_tim.c.obj
                0x080079d8                TIM_Base_SetConfig
 .text.HAL_TIM_Base_Init
                0x08007a70       0x58 CMakeFiles/FreeRTOS_clion_model.elf.dir/Drivers/STM32F1xx_HAL_Driver/Src/stm32f1xx_hal_tim.c.obj
                0x08007a70                HAL_TIM_Base_Init
 .text.HAL_TIM_PWM_Init
                0x08007ac8       0x58 CMakeFiles/FreeRTOS_clion_model.elf.dir/Drivers/STM32F1xx_HAL_Driver/Src/stm32f1xx_hal_tim.c.obj
                0x08007ac8                HAL_TIM_PWM_Init
 .text.TIM_OC2_SetConfig
                0x08007b20       0x70 CMakeFiles/FreeRTOS_clion_model.elf.dir/Drivers/STM32F1xx_HAL_Driver/Src/stm32f1xx_hal_tim.c.obj
                0x08007b20                TIM_OC2_SetConfig
 .text.HAL_TIM_PWM_ConfigChannel
                0x08007b90       0xd0 CMakeFiles/FreeRTOS_clion_model.elf.dir/Drivers/STM32F1xx_HAL_Driver/Src/stm32f1xx_hal_tim.c.obj
                0x08007b90                HAL_TIM_PWM_ConfigChannel
 .text.TIM_ETR_SetConfig
                0x08007c60       0x18 CMakeFiles/FreeRTOS_clion_model.elf.dir/Drivers/STM32F1xx_HAL_Driver/Src/stm32f1xx_hal_tim.c.obj
                0x08007c60                TIM_ETR_SetConfig
 .text.HAL_TIM_ConfigClockSource
                0x08007c78       0xda CMakeFiles/FreeRTOS_clion_model.elf.dir/Drivers/STM32F1xx_HAL_Driver/Src/stm32f1xx_hal_tim.c.obj
                0x08007c78                HAL_TIM_ConfigClockSource
 *fill*         0x08007d52        0x2 
 .text.HAL_TIMEx_MasterConfigSynchronization
                0x08007d54       0x7c CMakeFiles/FreeRTOS_clion_model.elf.dir/Drivers/STM32F1xx_HAL_Driver/Src/stm32f1xx_hal_tim_ex.c.obj
                0x08007d54                HAL_TIMEx_MasterConfigSynchronization
 .text.HAL_TIMEx_CommutCallback
                0x08007dd0        0x2 CMakeFiles/FreeRTOS_clion_model.elf.dir/Drivers/STM32F1xx_HAL_Driver/Src/stm32f1xx_hal_tim_ex.c.obj
                0x08007dd0                HAL_TIMEx_CommutCallback
 .text.HAL_TIMEx_BreakCallback
                0x08007dd2        0x2 CMakeFiles/FreeRTOS_clion_model.elf.dir/Drivers/STM32F1xx_HAL_Driver/Src/stm32f1xx_hal_tim_ex.c.obj
                0x08007dd2                HAL_TIMEx_BreakCallback
 .text.UART_SetConfig
                0x08007dd4       0x94 CMakeFiles/FreeRTOS_clion_model.elf.dir/Drivers/STM32F1xx_HAL_Driver/Src/stm32f1xx_hal_uart.c.obj
 .text.UART_WaitOnFlagUntilTimeout
                0x08007e68       0x6c CMakeFiles/FreeRTOS_clion_model.elf.dir/Drivers/STM32F1xx_HAL_Driver/Src/stm32f1xx_hal_uart.c.obj
 .text.HAL_UART_Init
                0x08007ed4       0x5e CMakeFiles/FreeRTOS_clion_model.elf.dir/Drivers/STM32F1xx_HAL_Driver/Src/stm32f1xx_hal_uart.c.obj
                0x08007ed4                HAL_UART_Init
 .text.HAL_UART_Transmit
                0x08007f32       0xd8 CMakeFiles/FreeRTOS_clion_model.elf.dir/Drivers/STM32F1xx_HAL_Driver/Src/stm32f1xx_hal_uart.c.obj
                0x08007f32                HAL_UART_Transmit
 .text.HAL_UART_GetState
                0x0800800a        0xc CMakeFiles/FreeRTOS_clion_model.elf.dir/Drivers/STM32F1xx_HAL_Driver/Src/stm32f1xx_hal_uart.c.obj
                0x0800800a                HAL_UART_GetState
 *fill*         0x08008016        0x2 
 .text.FSMC_NORSRAM_Init
                0x08008018       0x68 CMakeFiles/FreeRTOS_clion_model.elf.dir/Drivers/STM32F1xx_HAL_Driver/Src/stm32f1xx_ll_fsmc.c.obj
                0x08008018                FSMC_NORSRAM_Init
 .text.FSMC_NORSRAM_Timing_Init
                0x08008080       0x50 CMakeFiles/FreeRTOS_clion_model.elf.dir/Drivers/STM32F1xx_HAL_Driver/Src/stm32f1xx_ll_fsmc.c.obj
                0x08008080                FSMC_NORSRAM_Timing_Init
 .text.FSMC_NORSRAM_Extended_Timing_Init
                0x080080d0       0x44 CMakeFiles/FreeRTOS_clion_model.elf.dir/Drivers/STM32F1xx_HAL_Driver/Src/stm32f1xx_ll_fsmc.c.obj
                0x080080d0                FSMC_NORSRAM_Extended_Timing_Init
 .text.makeFreeRtosPriority
                0x08008114        0xc CMakeFiles/FreeRTOS_clion_model.elf.dir/Middlewares/Third_Party/FreeRTOS/Source/CMSIS_RTOS/cmsis_os.c.obj
 .text.osKernelStart
                0x08008120        0xa CMakeFiles/FreeRTOS_clion_model.elf.dir/Middlewares/Third_Party/FreeRTOS/Source/CMSIS_RTOS/cmsis_os.c.obj
                0x08008120                osKernelStart
 .text.osThreadCreate
                0x0800812a       0x6a CMakeFiles/FreeRTOS_clion_model.elf.dir/Middlewares/Third_Party/FreeRTOS/Source/CMSIS_RTOS/cmsis_os.c.obj
                0x0800812a                osThreadCreate
 .text.osDelay  0x08008194        0xe CMakeFiles/FreeRTOS_clion_model.elf.dir/Middlewares/Third_Party/FreeRTOS/Source/CMSIS_RTOS/cmsis_os.c.obj
                0x08008194                osDelay
 .text.vListInitialise
                0x080081a2       0x16 CMakeFiles/FreeRTOS_clion_model.elf.dir/Middlewares/Third_Party/FreeRTOS/Source/list.c.obj
                0x080081a2                vListInitialise
 .text.vListInitialiseItem
                0x080081b8        0x6 CMakeFiles/FreeRTOS_clion_model.elf.dir/Middlewares/Third_Party/FreeRTOS/Source/list.c.obj
                0x080081b8                vListInitialiseItem
 .text.vListInsertEnd
                0x080081be       0x16 CMakeFiles/FreeRTOS_clion_model.elf.dir/Middlewares/Third_Party/FreeRTOS/Source/list.c.obj
                0x080081be                vListInsertEnd
 .text.vListInsert
                0x080081d4       0x32 CMakeFiles/FreeRTOS_clion_model.elf.dir/Middlewares/Third_Party/FreeRTOS/Source/list.c.obj
                0x080081d4                vListInsert
 .text.uxListRemove
                0x08008206       0x26 CMakeFiles/FreeRTOS_clion_model.elf.dir/Middlewares/Third_Party/FreeRTOS/Source/list.c.obj
                0x08008206                uxListRemove
 .text.prvTaskExitError
                0x0800822c       0x40 CMakeFiles/FreeRTOS_clion_model.elf.dir/Middlewares/Third_Party/FreeRTOS/Source/portable/GCC/ARM_CM3/port.c.obj
 .text.prvPortStartFirstTask
                0x0800826c       0x20 CMakeFiles/FreeRTOS_clion_model.elf.dir/Middlewares/Third_Party/FreeRTOS/Source/portable/GCC/ARM_CM3/port.c.obj
 .text.pxPortInitialiseStack
                0x0800828c       0x24 CMakeFiles/FreeRTOS_clion_model.elf.dir/Middlewares/Third_Party/FreeRTOS/Source/portable/GCC/ARM_CM3/port.c.obj
                0x0800828c                pxPortInitialiseStack
 .text.SVC_Handler
                0x080082b0       0x24 CMakeFiles/FreeRTOS_clion_model.elf.dir/Middlewares/Third_Party/FreeRTOS/Source/portable/GCC/ARM_CM3/port.c.obj
                0x080082b0                SVC_Handler
 .text.vPortEnterCritical
                0x080082d4       0x44 CMakeFiles/FreeRTOS_clion_model.elf.dir/Middlewares/Third_Party/FreeRTOS/Source/portable/GCC/ARM_CM3/port.c.obj
                0x080082d4                vPortEnterCritical
 .text.vPortExitCritical
                0x08008318       0x2c CMakeFiles/FreeRTOS_clion_model.elf.dir/Middlewares/Third_Party/FreeRTOS/Source/portable/GCC/ARM_CM3/port.c.obj
                0x08008318                vPortExitCritical
 *fill*         0x08008344        0xc 
 .text.PendSV_Handler
                0x08008350       0x44 CMakeFiles/FreeRTOS_clion_model.elf.dir/Middlewares/Third_Party/FreeRTOS/Source/portable/GCC/ARM_CM3/port.c.obj
                0x08008350                PendSV_Handler
 .text.SysTick_Handler
                0x08008394       0x2c CMakeFiles/FreeRTOS_clion_model.elf.dir/Middlewares/Third_Party/FreeRTOS/Source/portable/GCC/ARM_CM3/port.c.obj
                0x08008394                SysTick_Handler
 .text.vPortSetupTimerInterrupt
                0x080083c0       0x28 CMakeFiles/FreeRTOS_clion_model.elf.dir/Middlewares/Third_Party/FreeRTOS/Source/portable/GCC/ARM_CM3/port.c.obj
                0x080083c0                vPortSetupTimerInterrupt
 .text.xPortStartScheduler
                0x080083e8       0xc0 CMakeFiles/FreeRTOS_clion_model.elf.dir/Middlewares/Third_Party/FreeRTOS/Source/portable/GCC/ARM_CM3/port.c.obj
                0x080083e8                xPortStartScheduler
 .text.prvHeapInit
                0x080084a8       0x64 CMakeFiles/FreeRTOS_clion_model.elf.dir/Middlewares/Third_Party/FreeRTOS/Source/portable/MemMang/heap_4.c.obj
 .text.prvInsertBlockIntoFreeList
                0x0800850c       0x60 CMakeFiles/FreeRTOS_clion_model.elf.dir/Middlewares/Third_Party/FreeRTOS/Source/portable/MemMang/heap_4.c.obj
 .text.pvPortMalloc
                0x0800856c       0xf0 CMakeFiles/FreeRTOS_clion_model.elf.dir/Middlewares/Third_Party/FreeRTOS/Source/portable/MemMang/heap_4.c.obj
                0x0800856c                pvPortMalloc
 .text.vPortFree
                0x0800865c       0x70 CMakeFiles/FreeRTOS_clion_model.elf.dir/Middlewares/Third_Party/FreeRTOS/Source/portable/MemMang/heap_4.c.obj
                0x0800865c                vPortFree
 .text.prvResetNextTaskUnblockTime
                0x080086cc       0x2c CMakeFiles/FreeRTOS_clion_model.elf.dir/Middlewares/Third_Party/FreeRTOS/Source/tasks.c.obj
 .text.prvInitialiseNewTask
                0x080086f8       0x94 CMakeFiles/FreeRTOS_clion_model.elf.dir/Middlewares/Third_Party/FreeRTOS/Source/tasks.c.obj
 .text.prvInitialiseTaskLists
                0x0800878c       0x68 CMakeFiles/FreeRTOS_clion_model.elf.dir/Middlewares/Third_Party/FreeRTOS/Source/tasks.c.obj
 .text.prvAddNewTaskToReadyList
                0x080087f4       0xa8 CMakeFiles/FreeRTOS_clion_model.elf.dir/Middlewares/Third_Party/FreeRTOS/Source/tasks.c.obj
 .text.prvDeleteTCB
                0x0800889c       0x38 CMakeFiles/FreeRTOS_clion_model.elf.dir/Middlewares/Third_Party/FreeRTOS/Source/tasks.c.obj
 .text.prvCheckTasksWaitingTermination
                0x080088d4       0x4c CMakeFiles/FreeRTOS_clion_model.elf.dir/Middlewares/Third_Party/FreeRTOS/Source/tasks.c.obj
 .text.prvIdleTask
                0x08008920       0x28 CMakeFiles/FreeRTOS_clion_model.elf.dir/Middlewares/Third_Party/FreeRTOS/Source/tasks.c.obj
 .text.prvAddCurrentTaskToDelayedList
                0x08008948       0x98 CMakeFiles/FreeRTOS_clion_model.elf.dir/Middlewares/Third_Party/FreeRTOS/Source/tasks.c.obj
 .text.xTaskCreateStatic
                0x080089e0       0x74 CMakeFiles/FreeRTOS_clion_model.elf.dir/Middlewares/Third_Party/FreeRTOS/Source/tasks.c.obj
                0x080089e0                xTaskCreateStatic
 .text.xTaskCreate
                0x08008a54       0x68 CMakeFiles/FreeRTOS_clion_model.elf.dir/Middlewares/Third_Party/FreeRTOS/Source/tasks.c.obj
                0x08008a54                xTaskCreate
 .text.vTaskStartScheduler
                0x08008abc       0x74 CMakeFiles/FreeRTOS_clion_model.elf.dir/Middlewares/Third_Party/FreeRTOS/Source/tasks.c.obj
                0x08008abc                vTaskStartScheduler
 .text.vTaskSuspendAll
                0x08008b30       0x10 CMakeFiles/FreeRTOS_clion_model.elf.dir/Middlewares/Third_Party/FreeRTOS/Source/tasks.c.obj
                0x08008b30                vTaskSuspendAll
 .text.xTaskIncrementTick
                0x08008b40      0x118 CMakeFiles/FreeRTOS_clion_model.elf.dir/Middlewares/Third_Party/FreeRTOS/Source/tasks.c.obj
                0x08008b40                xTaskIncrementTick
 .text.xTaskResumeAll
                0x08008c58       0xf8 CMakeFiles/FreeRTOS_clion_model.elf.dir/Middlewares/Third_Party/FreeRTOS/Source/tasks.c.obj
                0x08008c58                xTaskResumeAll
 .text.vTaskDelay
                0x08008d50       0x4c CMakeFiles/FreeRTOS_clion_model.elf.dir/Middlewares/Third_Party/FreeRTOS/Source/tasks.c.obj
                0x08008d50                vTaskDelay
 .text.vTaskSwitchContext
                0x08008d9c       0x98 CMakeFiles/FreeRTOS_clion_model.elf.dir/Middlewares/Third_Party/FreeRTOS/Source/tasks.c.obj
                0x08008d9c                vTaskSwitchContext
 .text.Reset_Handler
                0x08008e34       0x48 CMakeFiles/FreeRTOS_clion_model.elf.dir/startup/startup_stm32f103xe.s.obj
                0x08008e34                Reset_Handler
 .text.Default_Handler
                0x08008e7c        0x2 CMakeFiles/FreeRTOS_clion_model.elf.dir/startup/startup_stm32f103xe.s.obj
                0x08008e7c                RTC_Alarm_IRQHandler
                0x08008e7c                EXTI2_IRQHandler
                0x08008e7c                TIM8_TRG_COM_IRQHandler
                0x08008e7c                TIM8_CC_IRQHandler
                0x08008e7c                TIM1_CC_IRQHandler
                0x08008e7c                TIM6_IRQHandler
                0x08008e7c                PVD_IRQHandler
                0x08008e7c                SDIO_IRQHandler
                0x08008e7c                EXTI3_IRQHandler
                0x08008e7c                EXTI0_IRQHandler
                0x08008e7c                I2C2_EV_IRQHandler
                0x08008e7c                ADC1_2_IRQHandler
                0x08008e7c                SPI1_IRQHandler
                0x08008e7c                TAMPER_IRQHandler
                0x08008e7c                TIM8_UP_IRQHandler
                0x08008e7c                DMA2_Channel2_IRQHandler
                0x08008e7c                DMA1_Channel4_IRQHandler
                0x08008e7c                USART3_IRQHandler
                0x08008e7c                RTC_IRQHandler
                0x08008e7c                DMA1_Channel7_IRQHandler
                0x08008e7c                CAN1_RX1_IRQHandler
                0x08008e7c                UART5_IRQHandler
                0x08008e7c                ADC3_IRQHandler
                0x08008e7c                TIM4_IRQHandler
                0x08008e7c                DMA2_Channel1_IRQHandler
                0x08008e7c                I2C1_EV_IRQHandler
                0x08008e7c                DMA1_Channel6_IRQHandler
                0x08008e7c                UART4_IRQHandler
                0x08008e7c                TIM3_IRQHandler
                0x08008e7c                RCC_IRQHandler
                0x08008e7c                TIM1_TRG_COM_IRQHandler
                0x08008e7c                DMA1_Channel1_IRQHandler
                0x08008e7c                Default_Handler
                0x08008e7c                EXTI15_10_IRQHandler
                0x08008e7c                TIM7_IRQHandler
                0x08008e7c                TIM5_IRQHandler
                0x08008e7c                EXTI9_5_IRQHandler
                0x08008e7c                SPI2_IRQHandler
                0x08008e7c                DMA1_Channel5_IRQHandler
                0x08008e7c                EXTI4_IRQHandler
                0x08008e7c                USB_LP_CAN1_RX0_IRQHandler
                0x08008e7c                USB_HP_CAN1_TX_IRQHandler
                0x08008e7c                DMA1_Channel3_IRQHandler
                0x08008e7c                FSMC_IRQHandler
                0x08008e7c                WWDG_IRQHandler
                0x08008e7c                TIM2_IRQHandler
                0x08008e7c                TIM1_BRK_IRQHandler
                0x08008e7c                EXTI1_IRQHandler
                0x08008e7c                DMA2_Channel4_5_IRQHandler
                0x08008e7c                USART2_IRQHandler
                0x08008e7c                I2C2_ER_IRQHandler
                0x08008e7c                DMA1_Channel2_IRQHandler
                0x08008e7c                TIM8_BRK_IRQHandler
                0x08008e7c                CAN1_SCE_IRQHandler
                0x08008e7c                FLASH_IRQHandler
                0x08008e7c                USART1_IRQHandler
                0x08008e7c                SPI3_IRQHandler
                0x08008e7c                I2C1_ER_IRQHandler
                0x08008e7c                USBWakeUp_IRQHandler
                0x08008e7c                DMA2_Channel3_IRQHandler
 *fill*         0x08008e7e        0x2 
 .text.__errno  0x08008e80        0xc e:/gnu/10 2021.10/bin/../lib/gcc/arm-none-eabi/10.3.1/../../../../arm-none-eabi/lib/thumb/v7-m/nofp\libg.a(lib_a-errno.o)
                0x08008e80                __errno
 .text.__libc_init_array
                0x08008e8c       0x48 e:/gnu/10 2021.10/bin/../lib/gcc/arm-none-eabi/10.3.1/../../../../arm-none-eabi/lib/thumb/v7-m/nofp\libg.a(lib_a-init.o)
                0x08008e8c                __libc_init_array
 .text.memset   0x08008ed4       0xa4 e:/gnu/10 2021.10/bin/../lib/gcc/arm-none-eabi/10.3.1/../../../../arm-none-eabi/lib/thumb/v7-m/nofp\libg.a(lib_a-memset.o)
                0x08008ed4                memset
 .text.printf   0x08008f78       0x28 e:/gnu/10 2021.10/bin/../lib/gcc/arm-none-eabi/10.3.1/../../../../arm-none-eabi/lib/thumb/v7-m/nofp\libg.a(lib_a-printf.o)
                0x08008f78                printf
 .text.sprintf  0x08008fa0       0x44 e:/gnu/10 2021.10/bin/../lib/gcc/arm-none-eabi/10.3.1/../../../../arm-none-eabi/lib/thumb/v7-m/nofp\libg.a(lib_a-sprintf.o)
                0x08008fa0                sprintf
 .text.strlen   0x08008fe4       0x5c e:/gnu/10 2021.10/bin/../lib/gcc/arm-none-eabi/10.3.1/../../../../arm-none-eabi/lib/thumb/v7-m/nofp\libg.a(lib_a-strlen-stub.o)
                0x08008fe4                strlen
 .text._svfprintf_r
                0x08009040     0x1aa4 e:/gnu/10 2021.10/bin/../lib/gcc/arm-none-eabi/10.3.1/../../../../arm-none-eabi/lib/thumb/v7-m/nofp\libg.a(lib_a-svfprintf.o)
                0x08009040                _svfprintf_r
 .text._vfprintf_r
                0x0800aae4     0x1b58 e:/gnu/10 2021.10/bin/../lib/gcc/arm-none-eabi/10.3.1/../../../../arm-none-eabi/lib/thumb/v7-m/nofp\libg.a(lib_a-vfprintf.o)
                0x0800aae4                _vfprintf_r
 .text.__sbprintf
                0x0800c63c       0x84 e:/gnu/10 2021.10/bin/../lib/gcc/arm-none-eabi/10.3.1/../../../../arm-none-eabi/lib/thumb/v7-m/nofp\libg.a(lib_a-vfprintf.o)
 .text.vsprintf
                0x0800c6c0       0x38 e:/gnu/10 2021.10/bin/../lib/gcc/arm-none-eabi/10.3.1/../../../../arm-none-eabi/lib/thumb/v7-m/nofp\libg.a(lib_a-vsprintf.o)
                0x0800c6c0                vsprintf
 .text.__swsetup_r
                0x0800c6f8       0xd4 e:/gnu/10 2021.10/bin/../lib/gcc/arm-none-eabi/10.3.1/../../../../arm-none-eabi/lib/thumb/v7-m/nofp\libg.a(lib_a-wsetup.o)
                0x0800c6f8                __swsetup_r
 .text.startup.register_fini
                0x0800c7cc       0x14 e:/gnu/10 2021.10/bin/../lib/gcc/arm-none-eabi/10.3.1/../../../../arm-none-eabi/lib/thumb/v7-m/nofp\libg.a(lib_a-__call_atexit.o)
 .text.atexit   0x0800c7e0        0xc e:/gnu/10 2021.10/bin/../lib/gcc/arm-none-eabi/10.3.1/../../../../arm-none-eabi/lib/thumb/v7-m/nofp\libg.a(lib_a-atexit.o)
                0x0800c7e0                atexit
 .text.quorem   0x0800c7ec      0x12c e:/gnu/10 2021.10/bin/../lib/gcc/arm-none-eabi/10.3.1/../../../../arm-none-eabi/lib/thumb/v7-m/nofp\libg.a(lib_a-dtoa.o)
 .text._dtoa_r  0x0800c918      0xecc e:/gnu/10 2021.10/bin/../lib/gcc/arm-none-eabi/10.3.1/../../../../arm-none-eabi/lib/thumb/v7-m/nofp\libg.a(lib_a-dtoa.o)
                0x0800c918                _dtoa_r
 .text.__sflush_r
                0x0800d7e4      0x124 e:/gnu/10 2021.10/bin/../lib/gcc/arm-none-eabi/10.3.1/../../../../arm-none-eabi/lib/thumb/v7-m/nofp\libg.a(lib_a-fflush.o)
                0x0800d7e4                __sflush_r
 .text._fflush_r
                0x0800d908       0x5c e:/gnu/10 2021.10/bin/../lib/gcc/arm-none-eabi/10.3.1/../../../../arm-none-eabi/lib/thumb/v7-m/nofp\libg.a(lib_a-fflush.o)
                0x0800d908                _fflush_r
 .text._cleanup_r
                0x0800d964        0xc e:/gnu/10 2021.10/bin/../lib/gcc/arm-none-eabi/10.3.1/../../../../arm-none-eabi/lib/thumb/v7-m/nofp\libg.a(lib_a-findfp.o)
                0x0800d964                _cleanup_r
 .text.__sinit  0x0800d970      0x10c e:/gnu/10 2021.10/bin/../lib/gcc/arm-none-eabi/10.3.1/../../../../arm-none-eabi/lib/thumb/v7-m/nofp\libg.a(lib_a-findfp.o)
                0x0800d970                __sinit
 .text.__sfp_lock_acquire
                0x0800da7c        0xc e:/gnu/10 2021.10/bin/../lib/gcc/arm-none-eabi/10.3.1/../../../../arm-none-eabi/lib/thumb/v7-m/nofp\libg.a(lib_a-findfp.o)
                0x0800da7c                __sfp_lock_acquire
 .text.__sfp_lock_release
                0x0800da88        0xc e:/gnu/10 2021.10/bin/../lib/gcc/arm-none-eabi/10.3.1/../../../../arm-none-eabi/lib/thumb/v7-m/nofp\libg.a(lib_a-findfp.o)
                0x0800da88                __sfp_lock_release
 .text.__libc_fini_array
                0x0800da94       0x2c e:/gnu/10 2021.10/bin/../lib/gcc/arm-none-eabi/10.3.1/../../../../arm-none-eabi/lib/thumb/v7-m/nofp\libg.a(lib_a-fini.o)
                0x0800da94                __libc_fini_array
 .text._malloc_trim_r
                0x0800dac0       0xa0 e:/gnu/10 2021.10/bin/../lib/gcc/arm-none-eabi/10.3.1/../../../../arm-none-eabi/lib/thumb/v7-m/nofp\libg.a(lib_a-freer.o)
                0x0800dac0                _malloc_trim_r
 .text._free_r  0x0800db60      0x200 e:/gnu/10 2021.10/bin/../lib/gcc/arm-none-eabi/10.3.1/../../../../arm-none-eabi/lib/thumb/v7-m/nofp\libg.a(lib_a-freer.o)
                0x0800db60                _free_r
 .text._fwalk_reent
                0x0800dd60       0x48 e:/gnu/10 2021.10/bin/../lib/gcc/arm-none-eabi/10.3.1/../../../../arm-none-eabi/lib/thumb/v7-m/nofp\libg.a(lib_a-fwalk.o)
                0x0800dd60                _fwalk_reent
 .text._localeconv_r
                0x0800dda8        0x8 e:/gnu/10 2021.10/bin/../lib/gcc/arm-none-eabi/10.3.1/../../../../arm-none-eabi/lib/thumb/v7-m/nofp\libg.a(lib_a-localeconv.o)
                0x0800dda8                _localeconv_r
 .text.__retarget_lock_init_recursive
                0x0800ddb0        0x4 e:/gnu/10 2021.10/bin/../lib/gcc/arm-none-eabi/10.3.1/../../../../arm-none-eabi/lib/thumb/v7-m/nofp\libg.a(lib_a-lock.o)
                0x0800ddb0                __retarget_lock_init_recursive
 .text.__retarget_lock_close_recursive
                0x0800ddb4        0x4 e:/gnu/10 2021.10/bin/../lib/gcc/arm-none-eabi/10.3.1/../../../../arm-none-eabi/lib/thumb/v7-m/nofp\libg.a(lib_a-lock.o)
                0x0800ddb4                __retarget_lock_close_recursive
 .text.__retarget_lock_acquire_recursive
                0x0800ddb8        0x4 e:/gnu/10 2021.10/bin/../lib/gcc/arm-none-eabi/10.3.1/../../../../arm-none-eabi/lib/thumb/v7-m/nofp\libg.a(lib_a-lock.o)
                0x0800ddb8                __retarget_lock_acquire_recursive
 .text.__retarget_lock_release_recursive
                0x0800ddbc        0x4 e:/gnu/10 2021.10/bin/../lib/gcc/arm-none-eabi/10.3.1/../../../../arm-none-eabi/lib/thumb/v7-m/nofp\libg.a(lib_a-lock.o)
                0x0800ddbc                __retarget_lock_release_recursive
 .text.__smakebuf_r
                0x0800ddc0       0xe0 e:/gnu/10 2021.10/bin/../lib/gcc/arm-none-eabi/10.3.1/../../../../arm-none-eabi/lib/thumb/v7-m/nofp\libg.a(lib_a-makebuf.o)
                0x0800ddc0                __smakebuf_r
 .text._malloc_r
                0x0800dea0      0x558 e:/gnu/10 2021.10/bin/../lib/gcc/arm-none-eabi/10.3.1/../../../../arm-none-eabi/lib/thumb/v7-m/nofp\libg.a(lib_a-mallocr.o)
                0x0800dea0                _malloc_r
 .text.memchr   0x0800e3f8       0x90 e:/gnu/10 2021.10/bin/../lib/gcc/arm-none-eabi/10.3.1/../../../../arm-none-eabi/lib/thumb/v7-m/nofp\libg.a(lib_a-memchr-stub.o)
                0x0800e3f8                memchr
 .text.__malloc_lock
                0x0800e488        0xc e:/gnu/10 2021.10/bin/../lib/gcc/arm-none-eabi/10.3.1/../../../../arm-none-eabi/lib/thumb/v7-m/nofp\libg.a(lib_a-mlock.o)
                0x0800e488                __malloc_lock
 .text.__malloc_unlock
                0x0800e494        0xc e:/gnu/10 2021.10/bin/../lib/gcc/arm-none-eabi/10.3.1/../../../../arm-none-eabi/lib/thumb/v7-m/nofp\libg.a(lib_a-mlock.o)
                0x0800e494                __malloc_unlock
 .text._Balloc  0x0800e4a0       0x4c e:/gnu/10 2021.10/bin/../lib/gcc/arm-none-eabi/10.3.1/../../../../arm-none-eabi/lib/thumb/v7-m/nofp\libg.a(lib_a-mprec.o)
                0x0800e4a0                _Balloc
 .text._Bfree   0x0800e4ec       0x14 e:/gnu/10 2021.10/bin/../lib/gcc/arm-none-eabi/10.3.1/../../../../arm-none-eabi/lib/thumb/v7-m/nofp\libg.a(lib_a-mprec.o)
                0x0800e4ec                _Bfree
 .text.__multadd
                0x0800e500       0xa4 e:/gnu/10 2021.10/bin/../lib/gcc/arm-none-eabi/10.3.1/../../../../arm-none-eabi/lib/thumb/v7-m/nofp\libg.a(lib_a-mprec.o)
                0x0800e500                __multadd
 .text.__hi0bits
                0x0800e5a4       0x40 e:/gnu/10 2021.10/bin/../lib/gcc/arm-none-eabi/10.3.1/../../../../arm-none-eabi/lib/thumb/v7-m/nofp\libg.a(lib_a-mprec.o)
                0x0800e5a4                __hi0bits
 .text.__lo0bits
                0x0800e5e4       0x58 e:/gnu/10 2021.10/bin/../lib/gcc/arm-none-eabi/10.3.1/../../../../arm-none-eabi/lib/thumb/v7-m/nofp\libg.a(lib_a-mprec.o)
                0x0800e5e4                __lo0bits
 .text.__i2b    0x0800e63c       0x5c e:/gnu/10 2021.10/bin/../lib/gcc/arm-none-eabi/10.3.1/../../../../arm-none-eabi/lib/thumb/v7-m/nofp\libg.a(lib_a-mprec.o)
                0x0800e63c                __i2b
 .text.__multiply
                0x0800e698      0x15c e:/gnu/10 2021.10/bin/../lib/gcc/arm-none-eabi/10.3.1/../../../../arm-none-eabi/lib/thumb/v7-m/nofp\libg.a(lib_a-mprec.o)
                0x0800e698                __multiply
 .text.__pow5mult
                0x0800e7f4       0xb8 e:/gnu/10 2021.10/bin/../lib/gcc/arm-none-eabi/10.3.1/../../../../arm-none-eabi/lib/thumb/v7-m/nofp\libg.a(lib_a-mprec.o)
                0x0800e7f4                __pow5mult
 .text.__lshift
                0x0800e8ac       0xec e:/gnu/10 2021.10/bin/../lib/gcc/arm-none-eabi/10.3.1/../../../../arm-none-eabi/lib/thumb/v7-m/nofp\libg.a(lib_a-mprec.o)
                0x0800e8ac                __lshift
 .text.__mcmp   0x0800e998       0x40 e:/gnu/10 2021.10/bin/../lib/gcc/arm-none-eabi/10.3.1/../../../../arm-none-eabi/lib/thumb/v7-m/nofp\libg.a(lib_a-mprec.o)
                0x0800e998                __mcmp
 .text.__mdiff  0x0800e9d8      0x14c e:/gnu/10 2021.10/bin/../lib/gcc/arm-none-eabi/10.3.1/../../../../arm-none-eabi/lib/thumb/v7-m/nofp\libg.a(lib_a-mprec.o)
                0x0800e9d8                __mdiff
 .text.__d2b    0x0800eb24       0xc4 e:/gnu/10 2021.10/bin/../lib/gcc/arm-none-eabi/10.3.1/../../../../arm-none-eabi/lib/thumb/v7-m/nofp\libg.a(lib_a-mprec.o)
                0x0800eb24                __d2b
 .text.frexp    0x0800ebe8       0x70 e:/gnu/10 2021.10/bin/../lib/gcc/arm-none-eabi/10.3.1/../../../../arm-none-eabi/lib/thumb/v7-m/nofp\libg.a(lib_a-s_frexp.o)
                0x0800ebe8                frexp
 .text._sbrk_r  0x0800ec58       0x24 e:/gnu/10 2021.10/bin/../lib/gcc/arm-none-eabi/10.3.1/../../../../arm-none-eabi/lib/thumb/v7-m/nofp\libg.a(lib_a-sbrkr.o)
                0x0800ec58                _sbrk_r
 .text.__sread  0x0800ec7c       0x24 e:/gnu/10 2021.10/bin/../lib/gcc/arm-none-eabi/10.3.1/../../../../arm-none-eabi/lib/thumb/v7-m/nofp\libg.a(lib_a-stdio.o)
                0x0800ec7c                __sread
 .text.__swrite
                0x0800eca0       0x40 e:/gnu/10 2021.10/bin/../lib/gcc/arm-none-eabi/10.3.1/../../../../arm-none-eabi/lib/thumb/v7-m/nofp\libg.a(lib_a-stdio.o)
                0x0800eca0                __swrite
 .text.__sseek  0x0800ece0       0x20 e:/gnu/10 2021.10/bin/../lib/gcc/arm-none-eabi/10.3.1/../../../../arm-none-eabi/lib/thumb/v7-m/nofp\libg.a(lib_a-stdio.o)
                0x0800ece0                __sseek
 .text.__sclose
                0x0800ed00        0x8 e:/gnu/10 2021.10/bin/../lib/gcc/arm-none-eabi/10.3.1/../../../../arm-none-eabi/lib/thumb/v7-m/nofp\libg.a(lib_a-stdio.o)
                0x0800ed00                __sclose
 .text.strncpy  0x0800ed08       0x68 e:/gnu/10 2021.10/bin/../lib/gcc/arm-none-eabi/10.3.1/../../../../arm-none-eabi/lib/thumb/v7-m/nofp\libg.a(lib_a-strncpy.o)
                0x0800ed08                strncpy
 .text.__ssprint_r
                0x0800ed70       0xfc e:/gnu/10 2021.10/bin/../lib/gcc/arm-none-eabi/10.3.1/../../../../arm-none-eabi/lib/thumb/v7-m/nofp\libg.a(lib_a-svfiprintf.o)
                0x0800ed70                __ssprint_r
 .text.__sprint_r.part.0
                0x0800ee6c       0x78 e:/gnu/10 2021.10/bin/../lib/gcc/arm-none-eabi/10.3.1/../../../../arm-none-eabi/lib/thumb/v7-m/nofp\libg.a(lib_a-vfiprintf.o)
 .text.__sprint_r
                0x0800eee4       0x14 e:/gnu/10 2021.10/bin/../lib/gcc/arm-none-eabi/10.3.1/../../../../arm-none-eabi/lib/thumb/v7-m/nofp\libg.a(lib_a-vfiprintf.o)
                0x0800eee4                __sprint_r
 .text._vfiprintf_r
                0x0800eef8      0xd98 e:/gnu/10 2021.10/bin/../lib/gcc/arm-none-eabi/10.3.1/../../../../arm-none-eabi/lib/thumb/v7-m/nofp\libg.a(lib_a-vfiprintf.o)
                0x0800eef8                _vfiprintf_r
 .text.__sbprintf
                0x0800fc90       0x84 e:/gnu/10 2021.10/bin/../lib/gcc/arm-none-eabi/10.3.1/../../../../arm-none-eabi/lib/thumb/v7-m/nofp\libg.a(lib_a-vfiprintf.o)
 .text._write_r
                0x0800fd14       0x2c e:/gnu/10 2021.10/bin/../lib/gcc/arm-none-eabi/10.3.1/../../../../arm-none-eabi/lib/thumb/v7-m/nofp\libg.a(lib_a-writer.o)
                0x0800fd14                _write_r
 .text.__register_exitproc
                0x0800fd40       0x8c e:/gnu/10 2021.10/bin/../lib/gcc/arm-none-eabi/10.3.1/../../../../arm-none-eabi/lib/thumb/v7-m/nofp\libg.a(lib_a-__atexit.o)
                0x0800fd40                __register_exitproc
 .text.__assert_func
                0x0800fdcc       0x40 e:/gnu/10 2021.10/bin/../lib/gcc/arm-none-eabi/10.3.1/../../../../arm-none-eabi/lib/thumb/v7-m/nofp\libg.a(lib_a-assert.o)
                0x0800fdcc                __assert_func
 .text._calloc_r
                0x0800fe0c       0x78 e:/gnu/10 2021.10/bin/../lib/gcc/arm-none-eabi/10.3.1/../../../../arm-none-eabi/lib/thumb/v7-m/nofp\libg.a(lib_a-callocr.o)
                0x0800fe0c                _calloc_r
 .text._close_r
                0x0800fe84       0x24 e:/gnu/10 2021.10/bin/../lib/gcc/arm-none-eabi/10.3.1/../../../../arm-none-eabi/lib/thumb/v7-m/nofp\libg.a(lib_a-closer.o)
                0x0800fe84                _close_r
 .text._fclose_r
                0x0800fea8       0xcc e:/gnu/10 2021.10/bin/../lib/gcc/arm-none-eabi/10.3.1/../../../../arm-none-eabi/lib/thumb/v7-m/nofp\libg.a(lib_a-fclose.o)
                0x0800fea8                _fclose_r
 .text.fiprintf
                0x0800ff74       0x28 e:/gnu/10 2021.10/bin/../lib/gcc/arm-none-eabi/10.3.1/../../../../arm-none-eabi/lib/thumb/v7-m/nofp\libg.a(lib_a-fiprintf.o)
                0x0800ff74                fiprintf
 .text.__fputwc
                0x0800ff9c       0xa0 e:/gnu/10 2021.10/bin/../lib/gcc/arm-none-eabi/10.3.1/../../../../arm-none-eabi/lib/thumb/v7-m/nofp\libg.a(lib_a-fputwc.o)
                0x0800ff9c                __fputwc
 .text._fputwc_r
                0x0801003c       0x68 e:/gnu/10 2021.10/bin/../lib/gcc/arm-none-eabi/10.3.1/../../../../arm-none-eabi/lib/thumb/v7-m/nofp\libg.a(lib_a-fputwc.o)
                0x0801003c                _fputwc_r
 .text._fstat_r
                0x080100a4       0x28 e:/gnu/10 2021.10/bin/../lib/gcc/arm-none-eabi/10.3.1/../../../../arm-none-eabi/lib/thumb/v7-m/nofp\libg.a(lib_a-fstatr.o)
                0x080100a4                _fstat_r
 .text.__sfvwrite_r
                0x080100cc      0x2f0 e:/gnu/10 2021.10/bin/../lib/gcc/arm-none-eabi/10.3.1/../../../../arm-none-eabi/lib/thumb/v7-m/nofp\libg.a(lib_a-fvwrite.o)
                0x080100cc                __sfvwrite_r
 .text._isatty_r
                0x080103bc       0x24 e:/gnu/10 2021.10/bin/../lib/gcc/arm-none-eabi/10.3.1/../../../../arm-none-eabi/lib/thumb/v7-m/nofp\libg.a(lib_a-isattyr.o)
                0x080103bc                _isatty_r
 .text.__locale_mb_cur_max
                0x080103e0        0xc e:/gnu/10 2021.10/bin/../lib/gcc/arm-none-eabi/10.3.1/../../../../arm-none-eabi/lib/thumb/v7-m/nofp\libg.a(lib_a-locale.o)
                0x080103e0                __locale_mb_cur_max
 .text._lseek_r
                0x080103ec       0x2c e:/gnu/10 2021.10/bin/../lib/gcc/arm-none-eabi/10.3.1/../../../../arm-none-eabi/lib/thumb/v7-m/nofp\libg.a(lib_a-lseekr.o)
                0x080103ec                _lseek_r
 .text.__ascii_mbtowc
                0x08010418       0x2c e:/gnu/10 2021.10/bin/../lib/gcc/arm-none-eabi/10.3.1/../../../../arm-none-eabi/lib/thumb/v7-m/nofp\libg.a(lib_a-mbtowc_r.o)
                0x08010418                __ascii_mbtowc
 .text.memmove  0x08010444       0xf8 e:/gnu/10 2021.10/bin/../lib/gcc/arm-none-eabi/10.3.1/../../../../arm-none-eabi/lib/thumb/v7-m/nofp\libg.a(lib_a-memmove.o)
                0x08010444                memmove
 .text._read_r  0x0801053c       0x2c e:/gnu/10 2021.10/bin/../lib/gcc/arm-none-eabi/10.3.1/../../../../arm-none-eabi/lib/thumb/v7-m/nofp\libg.a(lib_a-readr.o)
                0x0801053c                _read_r
 .text._realloc_r
                0x08010568      0x3dc e:/gnu/10 2021.10/bin/../lib/gcc/arm-none-eabi/10.3.1/../../../../arm-none-eabi/lib/thumb/v7-m/nofp\libg.a(lib_a-reallocr.o)
                0x08010568                _realloc_r
 .text.__swbuf_r
                0x08010944       0xb0 e:/gnu/10 2021.10/bin/../lib/gcc/arm-none-eabi/10.3.1/../../../../arm-none-eabi/lib/thumb/v7-m/nofp\libg.a(lib_a-wbuf.o)
                0x08010944                __swbuf_r
 .text._wcrtomb_r
                0x080109f4       0x3c e:/gnu/10 2021.10/bin/../lib/gcc/arm-none-eabi/10.3.1/../../../../arm-none-eabi/lib/thumb/v7-m/nofp\libg.a(lib_a-wcrtomb.o)
                0x080109f4                _wcrtomb_r
 .text.__ascii_wctomb
                0x08010a30       0x1c e:/gnu/10 2021.10/bin/../lib/gcc/arm-none-eabi/10.3.1/../../../../arm-none-eabi/lib/thumb/v7-m/nofp\libg.a(lib_a-wctomb_r.o)
                0x08010a30                __ascii_wctomb
 .text.abort    0x08010a4c       0x10 e:/gnu/10 2021.10/bin/../lib/gcc/arm-none-eabi/10.3.1/../../../../arm-none-eabi/lib/thumb/v7-m/nofp\libg.a(lib_a-abort.o)
                0x08010a4c                abort
 .text.raise    0x08010a5c       0x5c e:/gnu/10 2021.10/bin/../lib/gcc/arm-none-eabi/10.3.1/../../../../arm-none-eabi/lib/thumb/v7-m/nofp\libg.a(lib_a-signal.o)
                0x08010a5c                raise
 .text._kill_r  0x08010ab8       0x28 e:/gnu/10 2021.10/bin/../lib/gcc/arm-none-eabi/10.3.1/../../../../arm-none-eabi/lib/thumb/v7-m/nofp\libg.a(lib_a-signalr.o)
                0x08010ab8                _kill_r
 .text._getpid_r
                0x08010ae0        0x4 e:/gnu/10 2021.10/bin/../lib/gcc/arm-none-eabi/10.3.1/../../../../arm-none-eabi/lib/thumb/v7-m/nofp\libg.a(lib_a-signalr.o)
                0x08010ae0                _getpid_r
 *(.glue_7)
 .glue_7        0x08010ae4        0x0 linker stubs
 *(.glue_7t)
 .glue_7t       0x08010ae4        0x0 linker stubs
 *(.eh_frame)
 .eh_frame      0x08010ae4        0x0 e:/gnu/10 2021.10/bin/../lib/gcc/arm-none-eabi/10.3.1/thumb/v7-m/nofp/crtbegin.o
 *(.init)
 .init          0x08010ae4        0x4 e:/gnu/10 2021.10/bin/../lib/gcc/arm-none-eabi/10.3.1/thumb/v7-m/nofp/crti.o
                0x08010ae4                _init
 .init          0x08010ae8        0x8 e:/gnu/10 2021.10/bin/../lib/gcc/arm-none-eabi/10.3.1/thumb/v7-m/nofp/crtn.o
 *(.fini)
 .fini          0x08010af0        0x4 e:/gnu/10 2021.10/bin/../lib/gcc/arm-none-eabi/10.3.1/thumb/v7-m/nofp/crti.o
                0x08010af0                _fini
 .fini          0x08010af4        0x8 e:/gnu/10 2021.10/bin/../lib/gcc/arm-none-eabi/10.3.1/thumb/v7-m/nofp/crtn.o
                0x08010afc                . = ALIGN (0x4)
                0x08010afc                _etext = .

.vfp11_veneer   0x08010afc        0x0
 .vfp11_veneer  0x08010afc        0x0 linker stubs

.v4_bx          0x08010afc        0x0
 .v4_bx         0x08010afc        0x0 linker stubs

.iplt           0x08010afc        0x0
 .iplt          0x08010afc        0x0 e:/gnu/10 2021.10/bin/../lib/gcc/arm-none-eabi/10.3.1/thumb/v7-m/nofp/crtbegin.o

.rodata         0x08010b00     0x35a8
                0x08010b00                . = ALIGN (0x4)
 *(.rodata)
 .rodata        0x08010b00       0x54 CMakeFiles/FreeRTOS_clion_model.elf.dir/Core/Src/freertos.c.obj
 *(.rodata*)
 .rodata.str1.4
                0x08010b54       0x24 CMakeFiles/FreeRTOS_clion_model.elf.dir/Core/Src/freertos.c.obj
 .rodata.ft5206_init.str1.4
                0x08010b78        0xc CMakeFiles/FreeRTOS_clion_model.elf.dir/Core/Src/ft5206.c.obj
 .rodata.FT5206_TPX_TBL
                0x08010b84        0xa CMakeFiles/FreeRTOS_clion_model.elf.dir/Core/Src/ft5206.c.obj
                0x08010b84                FT5206_TPX_TBL
 *fill*         0x08010b8e        0x2 
 .rodata.gt9xxx_init.str1.4
                0x08010b90       0x11 CMakeFiles/FreeRTOS_clion_model.elf.dir/Core/Src/gt9xxx.c.obj
 *fill*         0x08010ba1        0x3 
 .rodata.GT9XXX_TPX_TBL
                0x08010ba4       0x14 CMakeFiles/FreeRTOS_clion_model.elf.dir/Core/Src/gt9xxx.c.obj
                0x08010ba4                GT9XXX_TPX_TBL
 .rodata.lcd_init.str1.4
                0x08010bb8        0xc CMakeFiles/FreeRTOS_clion_model.elf.dir/Core/Src/lcd.c.obj
 .rodata.asc2_1206
                0x08010bc4      0x474 CMakeFiles/FreeRTOS_clion_model.elf.dir/Core/Src/lcd.c.obj
                0x08010bc4                asc2_1206
 .rodata.asc2_1608
                0x08011038      0x5f0 CMakeFiles/FreeRTOS_clion_model.elf.dir/Core/Src/lcd.c.obj
                0x08011038                asc2_1608
 .rodata.asc2_2412
                0x08011628      0xd5c CMakeFiles/FreeRTOS_clion_model.elf.dir/Core/Src/lcd.c.obj
                0x08011628                asc2_2412
 .rodata.asc2_3216
                0x08012384     0x17c0 CMakeFiles/FreeRTOS_clion_model.elf.dir/Core/Src/lcd.c.obj
                0x08012384                asc2_3216
 .rodata.AHBPrescTable
                0x08013b44       0x10 CMakeFiles/FreeRTOS_clion_model.elf.dir/Core/Src/system_stm32f1xx.c.obj
                0x08013b44                AHBPrescTable
 .rodata.APBPrescTable
                0x08013b54        0x8 CMakeFiles/FreeRTOS_clion_model.elf.dir/Core/Src/system_stm32f1xx.c.obj
                0x08013b54                APBPrescTable
 .rodata.load_draw_dialog.str1.4
                0x08013b5c        0x4 CMakeFiles/FreeRTOS_clion_model.elf.dir/Core/Src/test_functions.c.obj
 .rodata.tftLCD_test.str1.4
                0x08013b60       0x39 CMakeFiles/FreeRTOS_clion_model.elf.dir/Core/Src/test_functions.c.obj
 *fill*         0x08013b99        0x3 
 .rodata.POINT_COLOR_TBL
                0x08013b9c       0x14 CMakeFiles/FreeRTOS_clion_model.elf.dir/Core/Src/test_functions.c.obj
                0x08013b9c                POINT_COLOR_TBL
 .rodata.tp_adjust_info_show.str1.4
                0x08013bb0       0x25 CMakeFiles/FreeRTOS_clion_model.elf.dir/Core/Src/touch.c.obj
 *fill*         0x08013bd5        0x3 
 .rodata.tp_adjust.str1.4
                0x08013bd8       0x94 CMakeFiles/FreeRTOS_clion_model.elf.dir/Core/Src/touch.c.obj
 .rodata.HAL_RCC_GetSysClockFreq.str1.4
                0x08013c6c       0x11 CMakeFiles/FreeRTOS_clion_model.elf.dir/Drivers/STM32F1xx_HAL_Driver/Src/stm32f1xx_hal_rcc.c.obj
 *fill*         0x08013c7d        0x3 
 .rodata.vTaskStartScheduler.str1.4
                0x08013c80        0x5 CMakeFiles/FreeRTOS_clion_model.elf.dir/Middlewares/Third_Party/FreeRTOS/Source/tasks.c.obj
 *fill*         0x08013c85        0x3 
 .rodata._global_impure_ptr
                0x08013c88        0x4 e:/gnu/10 2021.10/bin/../lib/gcc/arm-none-eabi/10.3.1/../../../../arm-none-eabi/lib/thumb/v7-m/nofp\libg.a(lib_a-impure.o)
                0x08013c88                _global_impure_ptr
 .rodata._svfprintf_r.str1.4
                0x08013c8c       0x42 e:/gnu/10 2021.10/bin/../lib/gcc/arm-none-eabi/10.3.1/../../../../arm-none-eabi/lib/thumb/v7-m/nofp\libg.a(lib_a-svfprintf.o)
 *fill*         0x08013cce        0x2 
 .rodata.blanks.1
                0x08013cd0       0x10 e:/gnu/10 2021.10/bin/../lib/gcc/arm-none-eabi/10.3.1/../../../../arm-none-eabi/lib/thumb/v7-m/nofp\libg.a(lib_a-svfprintf.o)
 .rodata.zeroes.0
                0x08013ce0       0x10 e:/gnu/10 2021.10/bin/../lib/gcc/arm-none-eabi/10.3.1/../../../../arm-none-eabi/lib/thumb/v7-m/nofp\libg.a(lib_a-svfprintf.o)
 .rodata._vfprintf_r.str1.4
                0x08013cf0       0x42 e:/gnu/10 2021.10/bin/../lib/gcc/arm-none-eabi/10.3.1/../../../../arm-none-eabi/lib/thumb/v7-m/nofp\libg.a(lib_a-vfprintf.o)
 .rodata.blanks.1
                0x08013cf0       0x10 e:/gnu/10 2021.10/bin/../lib/gcc/arm-none-eabi/10.3.1/../../../../arm-none-eabi/lib/thumb/v7-m/nofp\libg.a(lib_a-vfprintf.o)
 .rodata.zeroes.0
                0x08013d00       0x10 e:/gnu/10 2021.10/bin/../lib/gcc/arm-none-eabi/10.3.1/../../../../arm-none-eabi/lib/thumb/v7-m/nofp\libg.a(lib_a-vfprintf.o)
 .rodata._dtoa_r.str1.4
                0x08013d10       0xa2 e:/gnu/10 2021.10/bin/../lib/gcc/arm-none-eabi/10.3.1/../../../../arm-none-eabi/lib/thumb/v7-m/nofp\libg.a(lib_a-dtoa.o)
                                 0xa6 (size before relaxing)
 *fill*         0x08013db2        0x2 
 .rodata.__multadd.str1.4
                0x08013db4       0x7f e:/gnu/10 2021.10/bin/../lib/gcc/arm-none-eabi/10.3.1/../../../../arm-none-eabi/lib/thumb/v7-m/nofp\libg.a(lib_a-mprec.o)
                                 0x93 (size before relaxing)
 *fill*         0x08013e33        0x5 
 .rodata.__mprec_bigtens
                0x08013e38       0x28 e:/gnu/10 2021.10/bin/../lib/gcc/arm-none-eabi/10.3.1/../../../../arm-none-eabi/lib/thumb/v7-m/nofp\libg.a(lib_a-mprec.o)
                0x08013e38                __mprec_bigtens
 .rodata.__mprec_tens
                0x08013e60       0xc8 e:/gnu/10 2021.10/bin/../lib/gcc/arm-none-eabi/10.3.1/../../../../arm-none-eabi/lib/thumb/v7-m/nofp\libg.a(lib_a-mprec.o)
                0x08013e60                __mprec_tens
 .rodata.p05.0  0x08013f28        0xc e:/gnu/10 2021.10/bin/../lib/gcc/arm-none-eabi/10.3.1/../../../../arm-none-eabi/lib/thumb/v7-m/nofp\libg.a(lib_a-mprec.o)
 .rodata._vfiprintf_r.str1.4
                0x08013f34       0x2f e:/gnu/10 2021.10/bin/../lib/gcc/arm-none-eabi/10.3.1/../../../../arm-none-eabi/lib/thumb/v7-m/nofp\libg.a(lib_a-vfiprintf.o)
 .rodata.blanks.1
                0x08013f34       0x10 e:/gnu/10 2021.10/bin/../lib/gcc/arm-none-eabi/10.3.1/../../../../arm-none-eabi/lib/thumb/v7-m/nofp\libg.a(lib_a-vfiprintf.o)
 .rodata.zeroes.0
                0x08013f44       0x10 e:/gnu/10 2021.10/bin/../lib/gcc/arm-none-eabi/10.3.1/../../../../arm-none-eabi/lib/thumb/v7-m/nofp\libg.a(lib_a-vfiprintf.o)
 .rodata.__assert_func.str1.4
                0x08013f54       0x3f e:/gnu/10 2021.10/bin/../lib/gcc/arm-none-eabi/10.3.1/../../../../arm-none-eabi/lib/thumb/v7-m/nofp\libg.a(lib_a-assert.o)
                                 0x43 (size before relaxing)
 *fill*         0x08013f93        0x1 
 .rodata._setlocale_r.str1.4
                0x08013f94        0xa e:/gnu/10 2021.10/bin/../lib/gcc/arm-none-eabi/10.3.1/../../../../arm-none-eabi/lib/thumb/v7-m/nofp\libg.a(lib_a-locale.o)
                                  0xd (size before relaxing)
 *fill*         0x08013f9e        0x2 
 .rodata.str1.4
                0x08013fa0        0x2 e:/gnu/10 2021.10/bin/../lib/gcc/arm-none-eabi/10.3.1/../../../../arm-none-eabi/lib/thumb/v7-m/nofp\libg.a(lib_a-locale.o)
 *fill*         0x08013fa2        0x2 
 .rodata._ctype_
                0x08013fa4      0x101 e:/gnu/10 2021.10/bin/../lib/gcc/arm-none-eabi/10.3.1/../../../../arm-none-eabi/lib/thumb/v7-m/nofp\libg.a(lib_a-ctype_.o)
                0x08013fa4                _ctype_
                0x080140a8                . = ALIGN (0x4)
 *fill*         0x080140a5        0x3 

.ARM.extab
 *(.ARM.extab* .gnu.linkonce.armextab.*)

.ARM            0x080140a8        0x8
                0x080140a8                __exidx_start = .
 *(.ARM.exidx*)
 .ARM.exidx     0x080140a8        0x8 e:/gnu/10 2021.10/bin/../lib/gcc/arm-none-eabi/10.3.1/thumb/v7-m/nofp\libgcc.a(_udivmoddi4.o)
                0x080140b0                __exidx_end = .

.rel.dyn        0x080140b0        0x0
 .rel.iplt      0x080140b0        0x0 e:/gnu/10 2021.10/bin/../lib/gcc/arm-none-eabi/10.3.1/thumb/v7-m/nofp/crtbegin.o

.preinit_array  0x080140b0        0x0
                0x080140b0                PROVIDE (__preinit_array_start = .)
 *(.preinit_array*)
                0x080140b0                PROVIDE (__preinit_array_end = .)

.init_array     0x080140b0        0x8
                0x080140b0                PROVIDE (__init_array_start = .)
 *(SORT_BY_NAME(.init_array.*))
 .init_array.00000
                0x080140b0        0x4 e:/gnu/10 2021.10/bin/../lib/gcc/arm-none-eabi/10.3.1/../../../../arm-none-eabi/lib/thumb/v7-m/nofp\libg.a(lib_a-__call_atexit.o)
 *(.init_array*)
 .init_array    0x080140b4        0x4 e:/gnu/10 2021.10/bin/../lib/gcc/arm-none-eabi/10.3.1/thumb/v7-m/nofp/crtbegin.o
                0x080140b8                PROVIDE (__init_array_end = .)

.fini_array     0x080140b8        0x4
                0x080140b8                PROVIDE (__fini_array_start = .)
 *(SORT_BY_NAME(.fini_array.*))
 *(.fini_array*)
 .fini_array    0x080140b8        0x4 e:/gnu/10 2021.10/bin/../lib/gcc/arm-none-eabi/10.3.1/thumb/v7-m/nofp/crtbegin.o
                0x080140bc                PROVIDE (__fini_array_end = .)
                0x080140bc                _sidata = LOADADDR (.data)

.data           0x20000000      0xa10 load address 0x080140bc
                0x20000000                . = ALIGN (0x4)
                0x20000000                _sdata = .
 *(.data)
 *(.data*)
 .data.g_gt_tnum
                0x20000000        0x1 CMakeFiles/FreeRTOS_clion_model.elf.dir/Core/Src/gt9xxx.c.obj
                0x20000000                g_gt_tnum
 *fill*         0x20000001        0x3 
 .data.g_back_color
                0x20000004        0x4 CMakeFiles/FreeRTOS_clion_model.elf.dir/Core/Src/lcd.c.obj
                0x20000004                g_back_color
 .data.SystemCoreClock
                0x20000008        0x4 CMakeFiles/FreeRTOS_clion_model.elf.dir/Core/Src/system_stm32f1xx.c.obj
                0x20000008                SystemCoreClock
 .data.key_up.0
                0x2000000c        0x1 CMakeFiles/FreeRTOS_clion_model.elf.dir/Core/Src/test_functions.c.obj
 *fill*         0x2000000d        0x3 
 .data.tp_dev   0x20000010       0x48 CMakeFiles/FreeRTOS_clion_model.elf.dir/Core/Src/touch.c.obj
                0x20000010                tp_dev
 .data.uwTickFreq
                0x20000058        0x1 CMakeFiles/FreeRTOS_clion_model.elf.dir/Drivers/STM32F1xx_HAL_Driver/Src/stm32f1xx_hal.c.obj
                0x20000058                uwTickFreq
 *fill*         0x20000059        0x3 
 .data.uwTickPrio
                0x2000005c        0x4 CMakeFiles/FreeRTOS_clion_model.elf.dir/Drivers/STM32F1xx_HAL_Driver/Src/stm32f1xx_hal.c.obj
                0x2000005c                uwTickPrio
 .data.uxCriticalNesting
                0x20000060        0x4 CMakeFiles/FreeRTOS_clion_model.elf.dir/Middlewares/Third_Party/FreeRTOS/Source/portable/GCC/ARM_CM3/port.c.obj
 .data._impure_ptr
                0x20000064        0x4 e:/gnu/10 2021.10/bin/../lib/gcc/arm-none-eabi/10.3.1/../../../../arm-none-eabi/lib/thumb/v7-m/nofp\libg.a(lib_a-impure.o)
                0x20000064                _impure_ptr
 .data.impure_data
                0x20000068      0x428 e:/gnu/10 2021.10/bin/../lib/gcc/arm-none-eabi/10.3.1/../../../../arm-none-eabi/lib/thumb/v7-m/nofp\libg.a(lib_a-impure.o)
 .data.__atexit_recursive_mutex
                0x20000490        0x4 e:/gnu/10 2021.10/bin/../lib/gcc/arm-none-eabi/10.3.1/../../../../arm-none-eabi/lib/thumb/v7-m/nofp\libg.a(lib_a-__call_atexit.o)
                0x20000490                __atexit_recursive_mutex
 .data.__malloc_av_
                0x20000494      0x408 e:/gnu/10 2021.10/bin/../lib/gcc/arm-none-eabi/10.3.1/../../../../arm-none-eabi/lib/thumb/v7-m/nofp\libg.a(lib_a-mallocr.o)
                0x20000494                __malloc_av_
 .data.__malloc_sbrk_base
                0x2000089c        0x4 e:/gnu/10 2021.10/bin/../lib/gcc/arm-none-eabi/10.3.1/../../../../arm-none-eabi/lib/thumb/v7-m/nofp\libg.a(lib_a-mallocr.o)
                0x2000089c                __malloc_sbrk_base
 .data.__malloc_trim_threshold
                0x200008a0        0x4 e:/gnu/10 2021.10/bin/../lib/gcc/arm-none-eabi/10.3.1/../../../../arm-none-eabi/lib/thumb/v7-m/nofp\libg.a(lib_a-mallocr.o)
                0x200008a0                __malloc_trim_threshold
 .data.__global_locale
                0x200008a4      0x16c e:/gnu/10 2021.10/bin/../lib/gcc/arm-none-eabi/10.3.1/../../../../arm-none-eabi/lib/thumb/v7-m/nofp\libg.a(lib_a-locale.o)
                0x200008a4                __global_locale
                0x20000a10                . = ALIGN (0x4)
                0x20000a10                _edata = .

.igot.plt       0x20000a10        0x0 load address 0x08014acc
 .igot.plt      0x20000a10        0x0 e:/gnu/10 2021.10/bin/../lib/gcc/arm-none-eabi/10.3.1/thumb/v7-m/nofp/crtbegin.o
                0x20000a10                . = ALIGN (0x4)

.bss            0x20000a10     0x1224 load address 0x08014acc
                0x20000a10                _sbss = .
                0x20000a10                __bss_start__ = _sbss
 *(.bss)
 .bss           0x20000a10       0x1c e:/gnu/10 2021.10/bin/../lib/gcc/arm-none-eabi/10.3.1/thumb/v7-m/nofp/crtbegin.o
 *(.bss*)
 .bss.PWMTim2TaskHandle
                0x20000a2c        0x4 CMakeFiles/FreeRTOS_clion_model.elf.dir/Core/Src/freertos.c.obj
                0x20000a2c                PWMTim2TaskHandle
 .bss.defaultTaskHandle
                0x20000a30        0x4 CMakeFiles/FreeRTOS_clion_model.elf.dir/Core/Src/freertos.c.obj
                0x20000a30                defaultTaskHandle
 .bss.lightTaskHandle
                0x20000a34        0x4 CMakeFiles/FreeRTOS_clion_model.elf.dir/Core/Src/freertos.c.obj
                0x20000a34                lightTaskHandle
 .bss.xIdleStack
                0x20000a38      0x200 CMakeFiles/FreeRTOS_clion_model.elf.dir/Core/Src/freertos.c.obj
 .bss.xIdleTaskTCBBuffer
                0x20000c38       0x54 CMakeFiles/FreeRTOS_clion_model.elf.dir/Core/Src/freertos.c.obj
 .bss.FSMC_Initialized
                0x20000c8c        0x4 CMakeFiles/FreeRTOS_clion_model.elf.dir/Core/Src/fsmc.c.obj
 .bss.hsram1    0x20000c90       0x48 CMakeFiles/FreeRTOS_clion_model.elf.dir/Core/Src/fsmc.c.obj
                0x20000c90                hsram1
 .bss.t.0       0x20000cd8        0x1 CMakeFiles/FreeRTOS_clion_model.elf.dir/Core/Src/ft5206.c.obj
 .bss.t.0       0x20000cd9        0x1 CMakeFiles/FreeRTOS_clion_model.elf.dir/Core/Src/gt9xxx.c.obj
 *fill*         0x20000cda        0x2 
 .bss.g_sram_handle
                0x20000cdc       0x48 CMakeFiles/FreeRTOS_clion_model.elf.dir/Core/Src/lcd.c.obj
                0x20000cdc                g_sram_handle
 .bss.lcddev    0x20000d24        0xe CMakeFiles/FreeRTOS_clion_model.elf.dir/Core/Src/lcd.c.obj
                0x20000d24                lcddev
 *fill*         0x20000d32        0x2 
 .bss.htim1     0x20000d34       0x48 CMakeFiles/FreeRTOS_clion_model.elf.dir/Core/Src/stm32f1xx_hal_timebase_tim.c.obj
                0x20000d34                htim1
 .bss.heap_end.0
                0x20000d7c        0x4 CMakeFiles/FreeRTOS_clion_model.elf.dir/Core/Src/syscalls.c.obj
 .bss.htim2     0x20000d80       0x48 CMakeFiles/FreeRTOS_clion_model.elf.dir/Core/Src/tim.c.obj
                0x20000d80                htim2
 .bss.htim3     0x20000dc8       0x48 CMakeFiles/FreeRTOS_clion_model.elf.dir/Core/Src/tim.c.obj
                0x20000dc8                htim3
 .bss.htim4     0x20000e10       0x48 CMakeFiles/FreeRTOS_clion_model.elf.dir/Core/Src/tim.c.obj
                0x20000e10                htim4
 .bss.huart1    0x20000e58       0x44 CMakeFiles/FreeRTOS_clion_model.elf.dir/Core/Src/usart.c.obj
                0x20000e58                huart1
 .bss.uwTick    0x20000e9c        0x4 CMakeFiles/FreeRTOS_clion_model.elf.dir/Drivers/STM32F1xx_HAL_Driver/Src/stm32f1xx_hal.c.obj
                0x20000e9c                uwTick
 .bss.ucMaxSysCallPriority
                0x20000ea0        0x1 CMakeFiles/FreeRTOS_clion_model.elf.dir/Middlewares/Third_Party/FreeRTOS/Source/portable/GCC/ARM_CM3/port.c.obj
 *fill*         0x20000ea1        0x3 
 .bss.ulMaxPRIGROUPValue
                0x20000ea4        0x4 CMakeFiles/FreeRTOS_clion_model.elf.dir/Middlewares/Third_Party/FreeRTOS/Source/portable/GCC/ARM_CM3/port.c.obj
 .bss.pxEnd     0x20000ea8        0x4 CMakeFiles/FreeRTOS_clion_model.elf.dir/Middlewares/Third_Party/FreeRTOS/Source/portable/MemMang/heap_4.c.obj
 .bss.ucHeap    0x20000eac      0xc00 CMakeFiles/FreeRTOS_clion_model.elf.dir/Middlewares/Third_Party/FreeRTOS/Source/portable/MemMang/heap_4.c.obj
 .bss.xBlockAllocatedBit
                0x20001aac        0x4 CMakeFiles/FreeRTOS_clion_model.elf.dir/Middlewares/Third_Party/FreeRTOS/Source/portable/MemMang/heap_4.c.obj
 .bss.xFreeBytesRemaining
                0x20001ab0        0x4 CMakeFiles/FreeRTOS_clion_model.elf.dir/Middlewares/Third_Party/FreeRTOS/Source/portable/MemMang/heap_4.c.obj
 .bss.xMinimumEverFreeBytesRemaining
                0x20001ab4        0x4 CMakeFiles/FreeRTOS_clion_model.elf.dir/Middlewares/Third_Party/FreeRTOS/Source/portable/MemMang/heap_4.c.obj
 .bss.xStart    0x20001ab8        0x8 CMakeFiles/FreeRTOS_clion_model.elf.dir/Middlewares/Third_Party/FreeRTOS/Source/portable/MemMang/heap_4.c.obj
 .bss.pxCurrentTCB
                0x20001ac0        0x4 CMakeFiles/FreeRTOS_clion_model.elf.dir/Middlewares/Third_Party/FreeRTOS/Source/tasks.c.obj
                0x20001ac0                pxCurrentTCB
 .bss.pxDelayedTaskList
                0x20001ac4        0x4 CMakeFiles/FreeRTOS_clion_model.elf.dir/Middlewares/Third_Party/FreeRTOS/Source/tasks.c.obj
 .bss.pxOverflowDelayedTaskList
                0x20001ac8        0x4 CMakeFiles/FreeRTOS_clion_model.elf.dir/Middlewares/Third_Party/FreeRTOS/Source/tasks.c.obj
 .bss.pxReadyTasksLists
                0x20001acc       0x8c CMakeFiles/FreeRTOS_clion_model.elf.dir/Middlewares/Third_Party/FreeRTOS/Source/tasks.c.obj
 .bss.uxCurrentNumberOfTasks
                0x20001b58        0x4 CMakeFiles/FreeRTOS_clion_model.elf.dir/Middlewares/Third_Party/FreeRTOS/Source/tasks.c.obj
 .bss.uxDeletedTasksWaitingCleanUp
                0x20001b5c        0x4 CMakeFiles/FreeRTOS_clion_model.elf.dir/Middlewares/Third_Party/FreeRTOS/Source/tasks.c.obj
 .bss.uxPendedTicks
                0x20001b60        0x4 CMakeFiles/FreeRTOS_clion_model.elf.dir/Middlewares/Third_Party/FreeRTOS/Source/tasks.c.obj
 .bss.uxSchedulerSuspended
                0x20001b64        0x4 CMakeFiles/FreeRTOS_clion_model.elf.dir/Middlewares/Third_Party/FreeRTOS/Source/tasks.c.obj
 .bss.uxTaskNumber
                0x20001b68        0x4 CMakeFiles/FreeRTOS_clion_model.elf.dir/Middlewares/Third_Party/FreeRTOS/Source/tasks.c.obj
 .bss.uxTopReadyPriority
                0x20001b6c        0x4 CMakeFiles/FreeRTOS_clion_model.elf.dir/Middlewares/Third_Party/FreeRTOS/Source/tasks.c.obj
 .bss.xDelayedTaskList1
                0x20001b70       0x14 CMakeFiles/FreeRTOS_clion_model.elf.dir/Middlewares/Third_Party/FreeRTOS/Source/tasks.c.obj
 .bss.xDelayedTaskList2
                0x20001b84       0x14 CMakeFiles/FreeRTOS_clion_model.elf.dir/Middlewares/Third_Party/FreeRTOS/Source/tasks.c.obj
 .bss.xIdleTaskHandle
                0x20001b98        0x4 CMakeFiles/FreeRTOS_clion_model.elf.dir/Middlewares/Third_Party/FreeRTOS/Source/tasks.c.obj
 .bss.xNextTaskUnblockTime
                0x20001b9c        0x4 CMakeFiles/FreeRTOS_clion_model.elf.dir/Middlewares/Third_Party/FreeRTOS/Source/tasks.c.obj
 .bss.xNumOfOverflows
                0x20001ba0        0x4 CMakeFiles/FreeRTOS_clion_model.elf.dir/Middlewares/Third_Party/FreeRTOS/Source/tasks.c.obj
 .bss.xPendingReadyList